09-01 01:00:47.050 W/BpBinder(24180): Slow Binder: BpBinder transact took 482 ms, interface=android.content.pm.IPackageManager, code=54 oneway=false
09-01 01:00:47.067 E/BatteryExternalStatsWorker( 1188): no controller energy info supplied for bluetooth
09-01 01:00:47.161 E/BatteryExternalStatsWorker( 1188): no controller energy info supplied for bluetooth
09-01 01:00:47.162 W/Looper  ( 1188): Slow dispatch took 100ms main h=com.android.server.AlarmManagerService$AlarmHandler c=android.app.PendingIntent$FinishedDispatcher@92e5766 m=0
09-01 01:00:47.211 E/ActivityThread(24266): Failed to find provider info for com.google.android.gms.chimera
09-01 01:00:47.420 E/BatteryExternalStatsWorker( 1188): no controller energy info supplied for bluetooth
09-01 01:00:47.478 E/BatteryExternalStatsWorker( 1188): no controller energy info supplied for bluetooth
09-01 01:00:47.723 W/SystemConfig(24180): No directory /product/etc/sysconfig, skipping
09-01 01:00:47.736 W/SystemConfig(24180): No directory /product_services/etc/sysconfig, skipping
09-01 01:00:47.736 W/SystemConfig(24180): No directory /product_services/etc/permissions, skipping
09-01 01:02:46.892 E/ActivityThread(24253): Failed to find provider info for com.miui.cloudservice.GalleryProxySecurityDeviceCredentialProvider
09-01 01:04:54.986 W/ExtraActivityManagerService( 1188): MIUILOG-checkTime:Slow operation: 128092ms so far, now at isAllowedComponentStart
09-01 01:04:54.989 W/BpBinder(24253): Slow Binder: BpBinder transact took 444 ms, interface=android.app.IActivityManager, code=62 oneway=false
09-01 01:04:55.003 W/BpBinder(24253): Slow Binder: BpBinder transact took 458 ms, interface=android.app.IActivityManager, code=24 oneway=false
09-01 01:04:55.024 W/BroadcastQueue( 1188): Background execution not allowed: receiving Intent { act=action_alarm_set_push_silent flg=0x14 (has extras) } to com.xiaomi.market/.business_core.push.settings.AlarmPushSettingReceiver
09-01 01:22:51.665 W/BpBinder(24253): Slow Binder: BpBinder transact took 464 ms, interface=android.net.IConnectivityManager, code=3 oneway=false
09-01 02:00:49.064 E/BatteryExternalStatsWorker( 1188): no controller energy info supplied for bluetooth
09-01 02:00:49.181 W/Looper  ( 1188): Slow dispatch took 125ms main h=com.android.server.AlarmManagerService$AlarmHandler c=android.app.PendingIntent$FinishedDispatcher@c2279cd m=0
09-01 02:00:49.247 E/BatteryExternalStatsWorker( 1188): no controller energy info supplied for bluetooth
09-01 02:00:49.377 I/chatty  ( 1188): uid=1000(system) batterystats-wo identical 1 line
09-01 02:00:49.483 E/BatteryExternalStatsWorker( 1188): no controller energy info supplied for bluetooth
09-01 02:19:27.173 W/BroadcastQueue( 1188): Background execution not allowed: receiving Intent { act=android.intent.action.DATE_CHANGED flg=0x20200010 } to com.android.settings/.display.PaperModeTimeReceiver
09-01 02:19:27.178 W/BroadcastQueue( 1188): Background execution not allowed: receiving Intent { act=android.intent.action.DATE_CHANGED flg=0x20200010 } to com.android.settings/.display.DarkModeTimeReceiver
09-01 02:19:27.374 E/LoadedApk(24436): Unable to instantiate appComponentFactory
09-01 02:19:27.374 E/LoadedApk(24436): java.lang.ClassNotFoundException: Didn't find class "androidx.core.app.CoreComponentFactory" on path: DexPathList[[zip file "/data/app/com.android.calendar-9jO92guvoFkeKrlZ4gQiSA==/base.apk"],nativeLibraryDirectories=[/data/app/com.android.calendar-9jO92guvoFkeKrlZ4gQiSA==/lib/arm, /data/app/com.android.calendar-9jO92guvoFkeKrlZ4gQiSA==/base.apk!/lib/armeabi-v7a, /system/lib, /product/lib]]
09-01 02:19:27.374 E/LoadedApk(24436): 	at dalvik.system.BaseDexClassLoader.findClass(BaseDexClassLoader.java:230)
09-01 02:19:27.374 E/LoadedApk(24436): 	at java.lang.ClassLoader.loadClass(ClassLoader.java:379)
09-01 02:19:27.374 E/LoadedApk(24436): 	at java.lang.ClassLoader.loadClass(ClassLoader.java:312)
09-01 02:19:27.374 E/LoadedApk(24436): 	at android.app.LoadedApk.createAppFactory(LoadedApk.java:258)
09-01 02:19:27.374 E/LoadedApk(24436): 	at android.app.LoadedApk.createOrUpdateClassLoaderLocked(LoadedApk.java:857)
09-01 02:19:27.374 E/LoadedApk(24436): 	at android.app.LoadedApk.getClassLoader(LoadedApk.java:952)
09-01 02:19:27.374 E/LoadedApk(24436): 	at android.app.LoadedApk.getResources(LoadedApk.java:1190)
09-01 02:19:27.374 E/LoadedApk(24436): 	at android.app.ContextImpl.createAppContext(ContextImpl.java:2475)
09-01 02:19:27.374 E/LoadedApk(24436): 	at android.app.ContextImpl.createAppContext(ContextImpl.java:2467)
09-01 02:19:27.374 E/LoadedApk(24436): 	at android.app.ActivityThread.handleBindApplication(ActivityThread.java:6481)
09-01 02:19:27.374 E/LoadedApk(24436): 	at android.app.ActivityThread.access$1500(ActivityThread.java:235)
09-01 02:19:27.374 E/LoadedApk(24436): 	at android.app.ActivityThread$H.handleMessage(ActivityThread.java:1916)
09-01 02:19:27.374 E/LoadedApk(24436): 	at android.os.Handler.dispatchMessage(Handler.java:107)
09-01 02:19:27.374 E/LoadedApk(24436): 	at android.os.Looper.loop(Looper.java:225)
09-01 02:19:27.374 E/LoadedApk(24436): 	at android.app.ActivityThread.main(ActivityThread.java:7563)
09-01 02:19:27.374 E/LoadedApk(24436): 	at java.lang.reflect.Method.invoke(Native Method)
09-01 02:19:27.374 E/LoadedApk(24436): 	at com.android.internal.os.RuntimeInit$MethodAndArgsCaller.run(RuntimeInit.java:539)
09-01 02:19:27.374 E/LoadedApk(24436): 	at com.android.internal.os.ZygoteInit.main(ZygoteInit.java:994)
09-01 02:19:27.557 W/SystemConfig(24436): No directory /product/etc/sysconfig, skipping
09-01 02:19:27.568 W/SystemConfig(24436): No directory /product_services/etc/sysconfig, skipping
09-01 02:19:27.568 W/SystemConfig(24436): No directory /product_services/etc/permissions, skipping
09-01 02:19:27.636 E/ActivityThread(24436): Failed to find provider info for com.android.calendar
09-01 02:19:27.667 E/ActivityThread(24436): Failed to find provider info for com.android.calendar
09-01 02:19:27.670 E/ActivityThread(24436): Failed to find provider info for com.android.calendar
09-01 02:19:27.678 E/ActivityThread(24436): Failed to find provider info for com.android.calendar
09-01 02:19:27.693 E/ActivityThread(24436): Failed to find provider info for com.android.calendar
09-01 02:19:27.698 E/ActivityThread(24436): Failed to find provider info for com.android.calendar
09-01 02:19:27.718 W/ActivityManager( 1188): Background start not allowed: service Intent { cmp=com.android.calendar/com.xiaomi.mipush.sdk.PushMessageHandler } to com.android.calendar/com.xiaomi.mipush.sdk.PushMessageHandler from pid=24436 uid=10069 pkg=com.android.calendar startFg?=false
09-01 02:19:27.761 W/ActivityManager( 1188): Background start not allowed: service Intent { cmp=com.android.calendar/com.xiaomi.mipush.sdk.MessageHandleService } to com.android.calendar/com.xiaomi.mipush.sdk.MessageHandleService from pid=24436 uid=10069 pkg=com.android.calendar startFg?=false
09-01 02:19:28.056 W/BpBinder(24436): Slow Binder: BpBinder transact took 325 ms, interface=android.app.IActivityManager, code=20 oneway=false
09-01 02:19:28.778 E/BatteryExternalStatsWorker( 1188): no controller energy info supplied for bluetooth
09-01 02:19:30.460 W/vold    (  401): Failed to open /mnt/vendor/protect_f: Permission denied
09-01 02:19:30.460 W/vold    (  401): Failed to open /mnt/vendor/protect_s: Permission denied
09-01 02:19:30.460 W/vold    (  401): Failed to open /mnt/vendor/nvdata: Permission denied
09-01 02:19:30.461 W/vold    (  401): Failed to open /mnt/vendor/nvcfg: Permission denied
09-01 02:19:30.461 W/vold    (  401): Failed to open /mnt/vendor/persist: Permission denied
09-01 02:19:30.991 W/SystemConfig(24541): No directory /product/etc/sysconfig, skipping
09-01 02:19:31.006 W/SystemConfig(24541): No directory /product_services/etc/sysconfig, skipping
09-01 02:19:31.007 W/SystemConfig(24541): No directory /product_services/etc/permissions, skipping
09-01 02:19:31.468 W/BpBinder(24541): Slow Binder: BpBinder transact took 218 ms, interface=com.cleanmaster.sdk.IKSCleaner, code=7 oneway=false
09-01 02:19:31.882 W/BpBinder(24541): Slow Binder: BpBinder transact took 414 ms, interface=com.cleanmaster.sdk.IKSCleaner, code=28 oneway=false
09-01 02:19:32.571 W/BpBinder(24541): Slow Binder: BpBinder transact took 1320 ms, interface=com.cleanmaster.sdk.IKSCleaner, code=27 oneway=false
09-01 02:19:32.582 W/BpBinder(24541): Slow Binder: BpBinder transact took 1331 ms, interface=com.cleanmaster.sdk.IKSCleaner, code=27 oneway=false
09-01 02:19:53.374 E/BatteryExternalStatsWorker( 1188): no controller energy info supplied for bluetooth
09-01 02:19:53.485 E/BatteryExternalStatsWorker( 1188): no controller energy info supplied for bluetooth
09-01 03:00:51.111 E/BatteryExternalStatsWorker( 1188): no controller energy info supplied for bluetooth
09-01 03:00:51.374 I/chatty  ( 1188): uid=1000(system) batterystats-wo identical 2 lines
09-01 03:00:51.449 E/BatteryExternalStatsWorker( 1188): no controller energy info supplied for bluetooth
09-01 04:00:52.162 E/BatteryExternalStatsWorker( 1188): no controller energy info supplied for bluetooth
09-01 04:00:52.463 I/chatty  ( 1188): uid=1000(system) batterystats-wo identical 2 lines
09-01 04:00:52.566 E/BatteryExternalStatsWorker( 1188): no controller energy info supplied for bluetooth
09-01 04:15:53.201 E/BatteryExternalStatsWorker( 1188): no controller energy info supplied for bluetooth
09-01 04:15:53.334 E/BatteryExternalStatsWorker( 1188): no controller energy info supplied for bluetooth
09-01 05:00:54.202 E/BatteryExternalStatsWorker( 1188): no controller energy info supplied for bluetooth
09-01 05:00:54.566 I/chatty  ( 1188): uid=1000(system) batterystats-wo identical 2 lines
09-01 05:00:54.680 E/BatteryExternalStatsWorker( 1188): no controller energy info supplied for bluetooth
09-01 06:00:56.273 E/BatteryExternalStatsWorker( 1188): no controller energy info supplied for bluetooth
09-01 06:00:56.371 W/Looper  ( 1188): Slow dispatch took 138ms main h=com.android.server.AlarmManagerService$AlarmHandler c=android.app.PendingIntent$FinishedDispatcher@f58d91e m=0
09-01 06:00:56.387 E/BatteryExternalStatsWorker( 1188): no controller energy info supplied for bluetooth
09-01 06:00:56.534 I/chatty  ( 1188): uid=1000(system) batterystats-wo identical 1 line
09-01 06:00:56.607 E/BatteryExternalStatsWorker( 1188): no controller energy info supplied for bluetooth
09-01 07:00:01.288 E/BatteryExternalStatsWorker( 1188): no controller energy info supplied for bluetooth
09-01 07:00:57.274 I/chatty  ( 1188): uid=1000(system) batterystats-wo identical 2 lines
09-01 07:00:57.450 E/BatteryExternalStatsWorker( 1188): no controller energy info supplied for bluetooth
09-01 08:00:59.317 E/BatteryExternalStatsWorker( 1188): no controller energy info supplied for bluetooth
09-01 08:00:59.430 I/chatty  ( 1188): uid=1000(system) batterystats-wo identical 1 line
09-01 08:00:59.474 E/BatteryExternalStatsWorker( 1188): no controller energy info supplied for bluetooth
09-01 08:00:59.547 W/BroadcastQueue( 1188): Background execution not allowed: receiving Intent { act=android.net.wifi.WIFI_STATE_CHANGED flg=0x4000010 (has extras) } to com.android.settings/.MiuiSettingsReceiver
09-01 08:01:01.338 W/android.hardware.wifi@1.0-service-lazy-mediatek(24733): No active wlan interfaces in use! Using default
09-01 08:01:01.338 E/android.hardware.wifi@1.0-service-lazy-mediatek(24733): Failed to register radio mode change callback
09-01 08:01:01.338 W/android.hardware.wifi@1.0-service-lazy-mediatek(24733): No active wlan interfaces in use! Using default
09-01 08:01:01.342 W/android.hardware.wifi@1.0-service-lazy-mediatek(24733): No active wlan interfaces in use! Using default
09-01 08:01:01.364 E/wificond(  710): No Offload Service available
09-01 08:01:01.515 W/BroadcastQueue( 1188): Background execution not allowed: receiving Intent { act=android.net.wifi.WIFI_STATE_CHANGED flg=0x4000010 (has extras) } to com.android.settings/.MiuiSettingsReceiver
09-01 08:01:01.575 E/wificond(  710): NL80211_CMD_START_SCHED_SCAN failed: Invalid argument
09-01 08:01:01.575 E/wificond(  710): Failed to start pno scan
09-01 08:01:01.582 E/BatteryExternalStatsWorker( 1188): no controller energy info supplied for bluetooth
09-01 08:01:01.664 W/BpBinder( 4832): Slow Binder: BpBinder transact took 2019 ms, interface=com.android.internal.app.IBatteryStats, code=16 oneway=false
09-01 08:01:01.708 E/BatteryExternalStatsWorker( 1188): no controller energy info supplied for bluetooth
09-01 08:08:40.526 W/BpBinder( 2288): Slow Binder: BpBinder transact took 217 ms, interface=android.app.usage.IUsageStatsManager, code=1 oneway=false
09-01 08:11:34.595 W/vold    (  401): Failed to open /mnt/vendor/protect_f: Permission denied
09-01 08:11:34.595 W/vold    (  401): Failed to open /mnt/vendor/protect_s: Permission denied
09-01 08:11:34.595 W/vold    (  401): Failed to open /mnt/vendor/nvdata: Permission denied
09-01 08:11:34.595 W/vold    (  401): Failed to open /mnt/vendor/nvcfg: Permission denied
09-01 08:11:34.596 W/vold    (  401): Failed to open /mnt/vendor/persist: Permission denied
09-01 08:16:01.414 E/BatteryExternalStatsWorker( 1188): no controller energy info supplied for bluetooth
09-01 08:16:01.497 W/BroadcastQueue( 1188): Background execution not allowed: receiving Intent { act=action_alarm_cancel_push_silent flg=0x14 (has extras) } to com.xiaomi.market/.business_core.push.settings.AlarmPushSettingReceiver
09-01 08:16:01.533 E/BatteryExternalStatsWorker( 1188): no controller energy info supplied for bluetooth
09-01 08:21:03.129 W/wificond(  710): Scan is not started. Ignore abort request
09-01 08:21:03.441 E/MtkConnectivityService( 1188): Exception in addRoute for non-gateway: java.lang.IllegalStateException: android.os.ServiceSpecificException: Machine is not on the network (code 64)
09-01 08:21:03.443 E/MtkConnectivityService( 1188): Exception in addRoute for gateway: java.lang.IllegalStateException: android.os.ServiceSpecificException: Machine is not on the network (code 64)
09-01 08:21:03.472 E/DnsManager( 1188): Error setting DNS configuration: android.os.ServiceSpecificException: Machine is not on the network (code 64)
09-01 08:21:03.488 W/DnsManager( 1188): updatePrivateDns(112, PrivateDnsConfig{false:/[]})
09-01 08:21:03.869 W/BroadcastQueue( 1188): Background execution not allowed: receiving Intent { act=android.net.wifi.CONFIGURED_NETWORKS_CHANGE flg=0x4000010 (has extras) } to com.android.settings/.MiuiSettingsReceiver
09-01 08:21:03.871 W/BpBinder(24082): Slow Binder: BpBinder transact took 212 ms, interface=com.xiaomi.xmsf.push.service.IHttpService, code=1 oneway=false
09-01 08:21:03.876 W/BpBinder(24138): Slow Binder: BpBinder transact took 215 ms, interface=com.xiaomi.xmsf.push.service.IHttpService, code=1 oneway=false
09-01 08:21:03.899 W/BroadcastQueue( 1188): Background execution not allowed: receiving Intent { act=android.net.wifi.CONFIGURED_NETWORKS_CHANGE flg=0x4000010 (has extras) } to com.android.settings/.MiuiSettingsReceiver
09-01 08:21:03.900 W/BpBinder(24253): Slow Binder: BpBinder transact took 236 ms, interface=com.xiaomi.xmsf.push.service.IHttpService, code=1 oneway=false
09-01 08:20:56.860 W/ActivityManager( 1188): Slow operation: 105ms so far, now at startProcess: returned from zygote!
09-01 08:20:56.860 W/ActivityManager( 1188): Slow operation: 106ms so far, now at startProcess: done updating battery stats
09-01 08:20:56.862 W/ActivityManager( 1188): Slow operation: 108ms so far, now at startProcess: building log message
09-01 08:20:56.863 W/ActivityManager( 1188): Slow operation: 108ms so far, now at startProcess: starting to update pids map
09-01 08:20:56.863 W/ActivityManager( 1188): Slow operation: 108ms so far, now at startProcess: done updating pids map
09-01 08:20:56.957 W/ActivityManager( 1188): Slow operation: 145ms so far, now at startProcess: returned from zygote!
09-01 08:20:56.967 W/ActivityManager( 1188): Slow operation: 156ms so far, now at startProcess: done updating battery stats
09-01 08:20:56.969 W/ActivityManager( 1188): Slow operation: 158ms so far, now at startProcess: building log message
09-01 08:20:56.969 W/ActivityManager( 1188): Slow operation: 158ms so far, now at startProcess: starting to update pids map
09-01 08:20:56.970 W/ActivityManager( 1188): Slow operation: 158ms so far, now at startProcess: done updating pids map
09-01 08:20:57.049 E/LoadedApk(24869): Unable to instantiate appComponentFactory
09-01 08:20:57.049 E/LoadedApk(24869): java.lang.ClassNotFoundException: Didn't find class "androidx.core.app.CoreComponentFactory" on path: DexPathList[[zip file "/data/app/com.xiaomi.market-vSYryJw19RFPTjnb1hYE0w==/base.apk"],nativeLibraryDirectories=[/data/app/com.xiaomi.market-vSYryJw19RFPTjnb1hYE0w==/lib/arm, /data/app/com.xiaomi.market-vSYryJw19RFPTjnb1hYE0w==/base.apk!/lib/armeabi-v7a, /system/lib, /product/lib]]
09-01 08:20:57.049 E/LoadedApk(24869): 	at dalvik.system.BaseDexClassLoader.findClass(BaseDexClassLoader.java:230)
09-01 08:20:57.049 E/LoadedApk(24869): 	at java.lang.ClassLoader.loadClass(ClassLoader.java:379)
09-01 08:20:57.049 E/LoadedApk(24869): 	at java.lang.ClassLoader.loadClass(ClassLoader.java:312)
09-01 08:20:57.049 E/LoadedApk(24869): 	at android.app.LoadedApk.createAppFactory(LoadedApk.java:258)
09-01 08:20:57.049 E/LoadedApk(24869): 	at android.app.LoadedApk.createOrUpdateClassLoaderLocked(LoadedApk.java:857)
09-01 08:20:57.049 E/LoadedApk(24869): 	at android.app.LoadedApk.getClassLoader(LoadedApk.java:952)
09-01 08:20:57.049 E/LoadedApk(24869): 	at android.app.LoadedApk.getResources(LoadedApk.java:1190)
09-01 08:20:57.049 E/LoadedApk(24869): 	at android.app.ContextImpl.createAppContext(ContextImpl.java:2475)
09-01 08:20:57.049 E/LoadedApk(24869): 	at android.app.ContextImpl.createAppContext(ContextImpl.java:2467)
09-01 08:20:57.049 E/LoadedApk(24869): 	at android.app.ActivityThread.handleBindApplication(ActivityThread.java:6481)
09-01 08:20:57.049 E/LoadedApk(24869): 	at android.app.ActivityThread.access$1500(ActivityThread.java:235)
09-01 08:20:57.049 E/LoadedApk(24869): 	at android.app.ActivityThread$H.handleMessage(ActivityThread.java:1916)
09-01 08:20:57.049 E/LoadedApk(24869): 	at android.os.Handler.dispatchMessage(Handler.java:107)
09-01 08:20:57.049 E/LoadedApk(24869): 	at android.os.Looper.loop(Looper.java:225)
09-01 08:20:57.049 E/LoadedApk(24869): 	at android.app.ActivityThread.main(ActivityThread.java:7563)
09-01 08:20:57.049 E/LoadedApk(24869): 	at java.lang.reflect.Method.invoke(Native Method)
09-01 08:20:57.049 E/LoadedApk(24869): 	at com.android.internal.os.RuntimeInit$MethodAndArgsCaller.run(RuntimeInit.java:539)
09-01 08:20:57.049 E/LoadedApk(24869): 	at com.android.internal.os.ZygoteInit.main(ZygoteInit.java:994)
09-01 08:20:57.107 E/LoadedApk(24894): Unable to instantiate appComponentFactory
09-01 08:20:57.107 E/LoadedApk(24894): java.lang.ClassNotFoundException: Didn't find class "androidx.core.app.CoreComponentFactory" on path: DexPathList[[zip file "/data/app/com.miui.cloudservice-ZYIlVymIUrZi4JnssHoaFg==/base.apk"],nativeLibraryDirectories=[/data/app/com.miui.cloudservice-ZYIlVymIUrZi4JnssHoaFg==/lib/arm, /data/app/com.miui.cloudservice-ZYIlVymIUrZi4JnssHoaFg==/base.apk!/lib/armeabi-v7a, /system/priv-app/RtMiCloudSDK/RtMiCloudSDK.apk!/lib/armeabi-v7a, /system/lib, /product/lib]]
09-01 08:20:57.107 E/LoadedApk(24894): 	at dalvik.system.BaseDexClassLoader.findClass(BaseDexClassLoader.java:230)
09-01 08:20:57.107 E/LoadedApk(24894): 	at java.lang.ClassLoader.loadClass(ClassLoader.java:379)
09-01 08:20:57.107 E/LoadedApk(24894): 	at java.lang.ClassLoader.loadClass(ClassLoader.java:312)
09-01 08:20:57.107 E/LoadedApk(24894): 	at android.app.LoadedApk.createAppFactory(LoadedApk.java:258)
09-01 08:20:57.107 E/LoadedApk(24894): 	at android.app.LoadedApk.createOrUpdateClassLoaderLocked(LoadedApk.java:857)
09-01 08:20:57.107 E/LoadedApk(24894): 	at android.app.LoadedApk.getClassLoader(LoadedApk.java:952)
09-01 08:20:57.107 E/LoadedApk(24894): 	at android.app.LoadedApk.getResources(LoadedApk.java:1190)
09-01 08:20:57.107 E/LoadedApk(24894): 	at android.app.ContextImpl.createAppContext(ContextImpl.java:2475)
09-01 08:20:57.107 E/LoadedApk(24894): 	at android.app.ContextImpl.createAppContext(ContextImpl.java:2467)
09-01 08:20:57.107 E/LoadedApk(24894): 	at android.app.ActivityThread.handleBindApplication(ActivityThread.java:6481)
09-01 08:20:57.107 E/LoadedApk(24894): 	at android.app.ActivityThread.access$1500(ActivityThread.java:235)
09-01 08:20:57.107 E/LoadedApk(24894): 	at android.app.ActivityThread$H.handleMessage(ActivityThread.java:1916)
09-01 08:20:57.107 E/LoadedApk(24894): 	at android.os.Handler.dispatchMessage(Handler.java:107)
09-01 08:20:57.107 E/LoadedApk(24894): 	at android.os.Looper.loop(Looper.java:225)
09-01 08:20:57.107 E/LoadedApk(24894): 	at android.app.ActivityThread.main(ActivityThread.java:7563)
09-01 08:20:57.107 E/LoadedApk(24894): 	at java.lang.reflect.Method.invoke(Native Method)
09-01 08:20:57.107 E/LoadedApk(24894): 	at com.android.internal.os.RuntimeInit$MethodAndArgsCaller.run(RuntimeInit.java:539)
09-01 08:20:57.107 E/LoadedApk(24894): 	at com.android.internal.os.ZygoteInit.main(ZygoteInit.java:994)
09-01 08:20:57.355 W/SystemConfig(24894): No directory /product/etc/sysconfig, skipping
09-01 08:20:57.369 W/SystemConfig(24894): No directory /product_services/etc/sysconfig, skipping
09-01 08:20:57.370 W/SystemConfig(24894): No directory /product_services/etc/permissions, skipping
09-01 08:20:57.487 W/BpBinder(24266): Slow Binder: BpBinder transact took 735 ms, interface=android.app.IActivityManager, code=20 oneway=false
09-01 08:20:57.901 W/BroadcastQueueInjector( 1188): Unable to launch app com.miui.backup/9800 for broadcast Intent { act=android.intent.action.TIME_SET flg=0x25200010 }: process is not permitted to  auto start
09-01 08:20:57.973 W/Looper  ( 1188): Slow dispatch took 137ms android.fg h=android.os.Handler c=java.util.concurrent.FutureTask@6b8cf79 m=0
09-01 08:20:57.984 W/BroadcastQueueInjector( 1188): Unable to launch app com.miui.notes/10174 for broadcast Intent { act=android.intent.action.TIME_SET flg=0x25200010 }: process is not permitted to  auto start
09-01 08:20:58.018 W/SystemConfig(24869): No directory /product/etc/sysconfig, skipping
09-01 08:20:58.040 W/SystemConfig(24869): No directory /product_services/etc/sysconfig, skipping
09-01 08:20:58.041 W/SystemConfig(24869): No directory /product_services/etc/permissions, skipping
09-01 08:20:58.169 W/SystemConfig(25068): No directory /product/etc/sysconfig, skipping
09-01 08:20:58.181 W/SystemConfig(25068): No directory /product_services/etc/sysconfig, skipping
09-01 08:20:58.181 W/SystemConfig(25068): No directory /product_services/etc/permissions, skipping
09-01 08:20:58.859 W/SystemConfig(25143): No directory /product/etc/sysconfig, skipping
09-01 08:20:58.870 W/SystemConfig(25143): No directory /product_services/etc/sysconfig, skipping
09-01 08:20:58.871 W/SystemConfig(25143): No directory /product_services/etc/permissions, skipping
09-01 08:21:00.108 W/BpBinder(24869): Slow Binder: BpBinder transact took 2551 ms, interface=android.content.IContentProvider, code=21 oneway=false
09-01 08:21:01.085 W/ActivityManager( 1188): Unable to start service Intent { act=com.android.downloads_ui.service.DataLimitService pkg=com.android.providers.downloads.ui } U=0: not found
09-01 08:21:01.088 W/ActivityManager( 1188): Unable to start service Intent { act=com.android.downloads_ui.service.DataLimitService pkg=com.android.providers.downloads.ui } U=0: not found
09-01 08:21:04.078 E/NotificationService( 1188): Muting recently noisy 0|com.xiaomi.market|0|pending_update|10125
09-01 08:21:16.027 W/Looper  ( 1188): Slow delivery took 415ms main h=com.android.server.notification.NotificationManagerService$WorkerHandler c=com.android.server.notification.NotificationManagerService$PostNotificationRunnable@3ed58e0 m=0
09-01 08:21:16.039 W/Looper  ( 1188): Drained
09-01 08:21:16.063 W/BpBinder(24869): Slow Binder: BpBinder transact took 551 ms, interface=android.os.IPowerManager, code=1 oneway=false
09-01 08:21:19.413 W/BpBinder( 1188): Slow Binder: BpBinder transact took 376 ms, interface=android.os.IInstalld, code=39 oneway=false
09-01 08:21:19.522 W/PackageParser( 1188): No actions in intent filter at /data/app/vmdl1309543169.tmp/base.apk Binary XML file line #1102
09-01 08:21:19.559 W/PackageManager( 1188): Skipping provider name com.miui.fm.selfupdate.fileprovider (in package com.miui.fm): name already used by com.miui.fm
09-01 08:21:19.950 W/Looper  ( 1188): Slow dispatch took 268ms android.fg h=android.os.Handler c=<recycled PooledLambda@c808b39> m=0
09-01 08:21:19.953 E/AppOps  ( 1188): checkOperation
09-01 08:21:19.953 E/AppOps  ( 1188): java.lang.SecurityException: Specified package com.miui.fm under uid -89892 but it is really 10108
09-01 08:21:19.953 E/AppOps  ( 1188): 	at com.android.server.appop.AppOpsService.verifyAndGetIsPrivileged(AppOpsService.java:2825)
09-01 08:21:19.953 E/AppOps  ( 1188): 	at com.android.server.appop.AppOpsService.checkOperationUnchecked(AppOpsService.java:1899)
09-01 08:21:19.953 E/AppOps  ( 1188): 	at com.android.server.appop.AppOpsService.checkOperationUnchecked(AppOpsService.java:1881)
09-01 08:21:19.953 E/AppOps  ( 1188): 	at com.android.server.appop.AppOpsService.checkOperationImpl(AppOpsService.java:1866)
09-01 08:21:19.953 E/AppOps  ( 1188): 	at com.android.server.appop.AppOpsService.checkOperationInternal(AppOpsService.java:1845)
09-01 08:21:19.953 E/AppOps  ( 1188): 	at com.android.server.appop.AppOpsService.checkOperation(AppOpsService.java:1836)
09-01 08:21:19.953 E/AppOps  ( 1188): 	at com.android.server.am.AutoStartManagerService.canRestartServiceLocked(AutoStartManagerService.java:141)
09-01 08:21:19.953 E/AppOps  ( 1188): 	at com.android.server.am.AutoStartManagerService.canRestartServiceLocked(AutoStartManagerService.java:130)
09-01 08:21:19.953 E/AppOps  ( 1188): 	at com.android.server.am.AutoStartManagerService.signalStopProcessesLocked(AutoStartManagerService.java:154)
09-01 08:21:19.953 E/AppOps  ( 1188): 	at com.android.server.am.ProcessList.killPackageProcessesLocked(ProcessList.java:2313)
09-01 08:21:19.953 E/AppOps  ( 1188): 	at com.android.server.am.ActivityManagerService.forceStopPackageLocked(ActivityManagerService.java:4861)
09-01 08:21:19.953 E/AppOps  ( 1188): 	at com.android.server.am.ActivityManagerService$MainHandler.handleMessage(ActivityManagerService.java:1810)
09-01 08:21:19.953 E/AppOps  ( 1188): 	at android.os.Handler.dispatchMessage(Handler.java:107)
09-01 08:21:19.953 E/AppOps  ( 1188): 	at android.os.Looper.loop(Looper.java:225)
09-01 08:21:19.953 E/AppOps  ( 1188): 	at android.os.HandlerThread.run(HandlerThread.java:67)
09-01 08:21:19.953 E/AppOps  ( 1188): 	at com.android.server.ServiceThread.run(ServiceThread.java:45)
09-01 08:21:33.178 W/BpBinder( 1188): Slow Binder: BpBinder transact took 6855 ms, interface=android.os.IInstalld, code=14 oneway=false
09-01 08:21:33.180 W/Looper  ( 1188): Slow Looper PackageManager: Long Msg: seq=649 plan=08:21:19.503  late=0ms wall=7772ms running=328ms runnable=4ms io=105ms h=com.android.server.pm.PackageManagerService$PackageHandler c=com.android.server.pm.-$$Lambda$PackageManagerService$S4WxZjKnT0iu1kmEXSrs7BiizN4
09-01 08:21:33.181 W/PackageManager( 1188): Cannot whitelist unknown permission: android.permission.WRITE_INTERNAL_STORAGE
09-01 08:21:33.181 W/PackageManager( 1188): Cannot whitelist unknown permission: com.xiaomi.vip.permission.SERVICE
09-01 08:21:33.181 W/PackageManager( 1188): Cannot whitelist unknown permission: com.xiaomi.market.sdk.UPDATE
09-01 08:21:33.181 W/PackageManager( 1188): Cannot whitelist unknown permission: android.permission.ACCESS_MTK_MMHW
09-01 08:21:33.181 W/PackageManager( 1188): Cannot whitelist unknown permission: com.xiaomi.passport.permission.PASSPORT_UI_CONTROLLER_SERVICE
09-01 08:21:33.270 W/BroadcastQueue( 1188): Background execution not allowed: receiving Intent { act=android.intent.action.PACKAGE_REMOVED dat=package:com.miui.fm flg=0x4000010 (has extras) } to com.lbe.security.miui/com.lbe.security.service.BootReceiver
09-01 08:21:33.271 W/BroadcastQueue( 1188): Background execution not allowed: receiving Intent { act=android.intent.action.PACKAGE_REMOVED dat=package:com.miui.fm flg=0x4000010 (has extras) } to com.android.providers.downloads/.receiver.ApplicationInstallReceiver
09-01 08:21:33.271 W/BroadcastQueue( 1188): Background execution not allowed: receiving Intent { act=android.intent.action.PACKAGE_REMOVED dat=package:com.miui.fm flg=0x4000010 (has extras) } to com.android.settings/.search.provider.UpdateReceiver
09-01 08:21:33.272 W/BroadcastQueue( 1188): Background execution not allowed: receiving Intent { act=android.intent.action.PACKAGE_REMOVED dat=package:com.miui.fm flg=0x4000010 (has extras) } to com.miui.audioeffect/com.android.musicfx.Compatibility$Receiver
09-01 08:21:33.272 W/BroadcastQueue( 1188): Background execution not allowed: receiving Intent { act=android.intent.action.PACKAGE_REMOVED dat=package:com.miui.fm flg=0x4000010 (has extras) } to com.xiaomi.market/.receiver.MyPackageMonitor
09-01 08:21:36.318 W/ExtraActivityManagerService( 1188): MIUILOG-checkTime:Slow operation: 3041ms so far, now at isAllowedComponentStart
09-01 08:21:36.324 W/Looper  ( 1188): Slow dispatch took 466ms main h=android.app.ActivityThread$H c=android.app.-$$Lambda$LoadedApk$ReceiverDispatcher$Args$_BumDX2UKsnxLVrE6UJsJZkotuA@1ff3ed5 m=0
09-01 08:21:36.325 W/Looper  ( 1188): Slow delivery took 477ms main h=android.app.ActivityThread$H c=android.app.-$$Lambda$LoadedApk$ReceiverDispatcher$Args$_BumDX2UKsnxLVrE6UJsJZkotuA@c90d6ea m=0
09-01 08:21:36.328 W/Looper  ( 1188): Drained
09-01 08:21:36.329 W/BpBinder( 1415): Slow Binder: BpBinder transact took 465 ms, interface=android.content.IContentProvider, code=21 oneway=false
09-01 08:21:36.336 W/BpBinder( 2322): Slow Binder: BpBinder transact took 465 ms, interface=com.miui.performance.IMiuiBoosterManager, code=1 oneway=false
09-01 08:21:36.481 W/ActivityManager( 1188): Slow operation: 159ms so far, now at startProcess: returned from zygote!
09-01 08:21:36.485 W/BpBinder( 4832): Slow Binder: BpBinder transact took 606 ms, interface=android.content.pm.IShortcutService, code=2 oneway=false
09-01 08:21:36.504 W/BroadcastQueue( 1188): Background execution not allowed: receiving Intent { act=android.intent.action.PACKAGE_REMOVED dat=package:com.miui.fm flg=0x4000010 (has extras) } to com.xiaomi.misettings/.usagestats.AppTimerReceiver
09-01 08:21:36.610 W/ActivityManager( 1188): Slow operation: 289ms so far, now at startProcess: done updating battery stats
09-01 08:21:36.612 W/Looper  ( 1188): Slow dispatch took 222ms android.fg h=android.os.Handler c=<recycled PooledLambda@208dd5e> m=0
09-01 08:21:36.615 W/ActivityManager( 1188): Slow operation: 293ms so far, now at startProcess: building log message
09-01 08:21:36.615 W/ActivityManager( 1188): Slow operation: 294ms so far, now at startProcess: starting to update pids map
09-01 08:21:36.616 W/ActivityManager( 1188): Slow operation: 295ms so far, now at startProcess: done updating pids map
09-01 08:21:36.641 W/Looper  ( 1188): Slow dispatch took 159ms main h=android.app.ActivityThread$H c=android.app.-$$Lambda$LoadedApk$ReceiverDispatcher$Args$_BumDX2UKsnxLVrE6UJsJZkotuA@9a696f2 m=0
09-01 08:21:36.641 W/Looper  ( 1188): Slow delivery took 265ms main h=android.app.ActivityThread$H c=android.app.-$$Lambda$LoadedApk$ReceiverDispatcher$Args$_BumDX2UKsnxLVrE6UJsJZkotuA@f183143 m=0
09-01 08:21:36.648 E/AppOps  ( 1188): Cannot setMode
09-01 08:21:36.648 E/AppOps  ( 1188): java.lang.SecurityException: Specified package com.miui.fm under uid -1 but it is really 10108
09-01 08:21:36.648 E/AppOps  ( 1188): 	at com.android.server.appop.AppOpsService.verifyAndGetIsPrivileged(AppOpsService.java:2825)
09-01 08:21:36.648 E/AppOps  ( 1188): 	at com.android.server.appop.AppOpsService.setMode(AppOpsService.java:1489)
09-01 08:21:36.648 E/AppOps  ( 1188): 	at com.android.internal.app.IAppOpsService$Stub.onTransact(IAppOpsService.java:708)
09-01 08:21:36.648 E/AppOps  ( 1188): 	at android.os.Binder.execTransactInternal(Binder.java:1021)
09-01 08:21:36.648 E/AppOps  ( 1188): 	at android.os.Binder.execTransact(Binder.java:994)
09-01 08:21:36.653 W/Looper  ( 1188): Slow dispatch took 819ms android.ui h=com.android.server.am.ActivityManagerService$UiHandler c=null m=53
09-01 08:21:36.661 W/BroadcastQueue( 1188): Background execution not allowed: receiving Intent { act=android.intent.action.PACKAGE_ADDED dat=package:com.miui.fm flg=0x4000010 (has extras) } to com.lbe.security.miui/com.lbe.security.service.BootReceiver
09-01 08:21:36.666 E/AppOps  ( 1188): Cannot setMode
09-01 08:21:36.666 E/AppOps  ( 1188): java.lang.SecurityException: Specified package com.miui.fm under uid -1 but it is really 10108
09-01 08:21:36.666 E/AppOps  ( 1188): 	at com.android.server.appop.AppOpsService.verifyAndGetIsPrivileged(AppOpsService.java:2825)
09-01 08:21:36.666 E/AppOps  ( 1188): 	at com.android.server.appop.AppOpsService.setMode(AppOpsService.java:1489)
09-01 08:21:36.666 E/AppOps  ( 1188): 	at com.android.internal.app.IAppOpsService$Stub.onTransact(IAppOpsService.java:708)
09-01 08:21:36.666 E/AppOps  ( 1188): 	at android.os.Binder.execTransactInternal(Binder.java:1021)
09-01 08:21:36.666 E/AppOps  ( 1188): 	at android.os.Binder.execTransact(Binder.java:994)
09-01 08:21:36.671 W/BroadcastQueue( 1188): Background execution not allowed: receiving Intent { act=android.intent.action.PACKAGE_ADDED dat=package:com.miui.fm flg=0x4000010 (has extras) } to com.android.providers.downloads/.receiver.ApplicationInstallReceiver
09-01 08:21:36.679 W/BroadcastQueue( 1188): Background execution not allowed: receiving Intent { act=android.intent.action.PACKAGE_ADDED dat=package:com.miui.fm flg=0x4000010 (has extras) } to com.android.settings/.search.provider.UpdateReceiver
09-01 08:21:36.682 W/BroadcastQueue( 1188): Background execution not allowed: receiving Intent { act=android.intent.action.PACKAGE_ADDED dat=package:com.miui.fm flg=0x4000010 (has extras) } to com.miui.audioeffect/com.android.musicfx.Compatibility$Receiver
09-01 08:21:36.683 E/AppOps  ( 1188): Cannot setMode
09-01 08:21:36.683 E/AppOps  ( 1188): java.lang.SecurityException: Specified package com.miui.fm under uid -1 but it is really 10108
09-01 08:21:36.683 E/AppOps  ( 1188): 	at com.android.server.appop.AppOpsService.verifyAndGetIsPrivileged(AppOpsService.java:2825)
09-01 08:21:36.683 E/AppOps  ( 1188): 	at com.android.server.appop.AppOpsService.setMode(AppOpsService.java:1489)
09-01 08:21:36.683 E/AppOps  ( 1188): 	at com.android.internal.app.IAppOpsService$Stub.onTransact(IAppOpsService.java:708)
09-01 08:21:36.683 E/AppOps  ( 1188): 	at android.os.Binder.execTransactInternal(Binder.java:1021)
09-01 08:21:36.683 E/AppOps  ( 1188): 	at android.os.Binder.execTransact(Binder.java:994)
09-01 08:21:36.685 E/AppOps  ( 1188): Cannot setMode
09-01 08:21:36.685 E/AppOps  ( 1188): java.lang.SecurityException: Specified package com.miui.fm under uid -1 but it is really 10108
09-01 08:21:36.685 E/AppOps  ( 1188): 	at com.android.server.appop.AppOpsService.verifyAndGetIsPrivileged(AppOpsService.java:2825)
09-01 08:21:36.685 E/AppOps  ( 1188): 	at com.android.server.appop.AppOpsService.setMode(AppOpsService.java:1489)
09-01 08:21:36.685 E/AppOps  ( 1188): 	at com.android.internal.app.IAppOpsService$Stub.onTransact(IAppOpsService.java:708)
09-01 08:21:36.685 E/AppOps  ( 1188): 	at android.os.Binder.execTransactInternal(Binder.java:1021)
09-01 08:21:36.685 E/AppOps  ( 1188): 	at android.os.Binder.execTransact(Binder.java:994)
09-01 08:21:36.686 W/BroadcastQueue( 1188): Background execution not allowed: receiving Intent { act=android.intent.action.PACKAGE_ADDED dat=package:com.miui.fm flg=0x4000010 (has extras) } to com.sohu.inputmethod.sogou.xiaomi/com.sohu.inputmethod.flx.dynamic.tools.download.InstallFinishReceiver
09-01 08:21:36.688 E/AppOps  ( 1188): Cannot setMode
09-01 08:21:36.688 E/AppOps  ( 1188): java.lang.SecurityException: Specified package com.miui.fm under uid -1 but it is really 10108
09-01 08:21:36.688 E/AppOps  ( 1188): 	at com.android.server.appop.AppOpsService.verifyAndGetIsPrivileged(AppOpsService.java:2825)
09-01 08:21:36.688 E/AppOps  ( 1188): 	at com.android.server.appop.AppOpsService.setMode(AppOpsService.java:1489)
09-01 08:21:36.688 E/AppOps  ( 1188): 	at com.android.internal.app.IAppOpsService$Stub.onTransact(IAppOpsService.java:708)
09-01 08:21:36.688 E/AppOps  ( 1188): 	at android.os.Binder.execTransactInternal(Binder.java:1021)
09-01 08:21:36.688 E/AppOps  ( 1188): 	at android.os.Binder.execTransact(Binder.java:994)
09-01 08:21:36.688 W/BroadcastQueue( 1188): Background execution not allowed: receiving Intent { act=android.intent.action.PACKAGE_ADDED dat=package:com.miui.fm flg=0x4000010 (has extras) } to com.xiaomi.market/.receiver.MyPackageMonitor
09-01 08:21:36.689 W/BroadcastQueue( 1188): Background execution not allowed: receiving Intent { act=android.intent.action.PACKAGE_ADDED dat=package:com.miui.fm flg=0x4000010 (has extras) } to com.xiaomi.misettings/.usagestats.AppTimerReceiver
09-01 08:21:36.694 E/AppOps  ( 1188): Cannot setMode
09-01 08:21:36.694 E/AppOps  ( 1188): java.lang.SecurityException: Specified package com.miui.fm under uid -1 but it is really 10108
09-01 08:21:36.694 E/AppOps  ( 1188): 	at com.android.server.appop.AppOpsService.verifyAndGetIsPrivileged(AppOpsService.java:2825)
09-01 08:21:36.694 E/AppOps  ( 1188): 	at com.android.server.appop.AppOpsService.setMode(AppOpsService.java:1489)
09-01 08:21:36.694 E/AppOps  ( 1188): 	at com.android.internal.app.IAppOpsService$Stub.onTransact(IAppOpsService.java:708)
09-01 08:21:36.694 E/AppOps  ( 1188): 	at android.os.Binder.execTransactInternal(Binder.java:1021)
09-01 08:21:36.694 E/AppOps  ( 1188): 	at android.os.Binder.execTransact(Binder.java:994)
09-01 08:21:36.697 E/AppOps  ( 1188): Cannot setMode
09-01 08:21:36.697 E/AppOps  ( 1188): java.lang.SecurityException: Specified package com.miui.fm under uid -1 but it is really 10108
09-01 08:21:36.697 E/AppOps  ( 1188): 	at com.android.server.appop.AppOpsService.verifyAndGetIsPrivileged(AppOpsService.java:2825)
09-01 08:21:36.697 E/AppOps  ( 1188): 	at com.android.server.appop.AppOpsService.setMode(AppOpsService.java:1489)
09-01 08:21:36.697 E/AppOps  ( 1188): 	at com.android.internal.app.IAppOpsService$Stub.onTransact(IAppOpsService.java:708)
09-01 08:21:36.697 E/AppOps  ( 1188): 	at android.os.Binder.execTransactInternal(Binder.java:1021)
09-01 08:21:36.697 E/AppOps  ( 1188): 	at android.os.Binder.execTransact(Binder.java:994)
09-01 08:21:36.700 E/AppOps  ( 1188): Cannot setMode
09-01 08:21:36.700 E/AppOps  ( 1188): java.lang.SecurityException: Specified package com.miui.fm under uid -1 but it is really 10108
09-01 08:21:36.700 E/AppOps  ( 1188): 	at com.android.server.appop.AppOpsService.verifyAndGetIsPrivileged(AppOpsService.java:2825)
09-01 08:21:36.700 E/AppOps  ( 1188): 	at com.android.server.appop.AppOpsService.setMode(AppOpsService.java:1489)
09-01 08:21:36.700 E/AppOps  ( 1188): 	at com.android.internal.app.IAppOpsService$Stub.onTransact(IAppOpsService.java:708)
09-01 08:21:36.700 E/AppOps  ( 1188): 	at android.os.Binder.execTransactInternal(Binder.java:1021)
09-01 08:21:36.700 E/AppOps  ( 1188): 	at android.os.Binder.execTransact(Binder.java:994)
09-01 08:21:36.702 E/AppOps  ( 1188): Cannot setMode
09-01 08:21:36.702 E/AppOps  ( 1188): java.lang.SecurityException: Specified package com.miui.fm under uid -1 but it is really 10108
09-01 08:21:36.702 E/AppOps  ( 1188): 	at com.android.server.appop.AppOpsService.verifyAndGetIsPrivileged(AppOpsService.java:2825)
09-01 08:21:36.702 E/AppOps  ( 1188): 	at com.android.server.appop.AppOpsService.setMode(AppOpsService.java:1489)
09-01 08:21:36.702 E/AppOps  ( 1188): 	at com.android.internal.app.IAppOpsService$Stub.onTransact(IAppOpsService.java:708)
09-01 08:21:36.702 E/AppOps  ( 1188): 	at android.os.Binder.execTransactInternal(Binder.java:1021)
09-01 08:21:36.702 E/AppOps  ( 1188): 	at android.os.Binder.execTransact(Binder.java:994)
09-01 08:21:36.704 W/BroadcastQueue( 1188): Background execution not allowed: receiving Intent { act=android.intent.action.PACKAGE_REPLACED dat=package:com.miui.fm flg=0x4000010 (has extras) } to com.miui.audioeffect/com.android.musicfx.Compatibility$Receiver
09-01 08:21:36.713 E/AppOps  ( 1188): Cannot setMode
09-01 08:21:36.713 E/AppOps  ( 1188): java.lang.SecurityException: Specified package com.miui.fm under uid -1 but it is really 10108
09-01 08:21:36.713 E/AppOps  ( 1188): 	at com.android.server.appop.AppOpsService.verifyAndGetIsPrivileged(AppOpsService.java:2825)
09-01 08:21:36.713 E/AppOps  ( 1188): 	at com.android.server.appop.AppOpsService.setMode(AppOpsService.java:1489)
09-01 08:21:36.713 E/AppOps  ( 1188): 	at com.android.internal.app.IAppOpsService$Stub.onTransact(IAppOpsService.java:708)
09-01 08:21:36.713 E/AppOps  ( 1188): 	at android.os.Binder.execTransactInternal(Binder.java:1021)
09-01 08:21:36.713 E/AppOps  ( 1188): 	at android.os.Binder.execTransact(Binder.java:994)
09-01 08:21:36.719 E/AppOps  ( 1188): Cannot setMode
09-01 08:21:36.719 E/AppOps  ( 1188): java.lang.SecurityException: Specified package com.miui.fm under uid -1 but it is really 10108
09-01 08:21:36.719 E/AppOps  ( 1188): 	at com.android.server.appop.AppOpsService.verifyAndGetIsPrivileged(AppOpsService.java:2825)
09-01 08:21:36.719 E/AppOps  ( 1188): 	at com.android.server.appop.AppOpsService.setMode(AppOpsService.java:1489)
09-01 08:21:36.719 E/AppOps  ( 1188): 	at com.android.internal.app.IAppOpsService$Stub.onTransact(IAppOpsService.java:708)
09-01 08:21:36.719 E/AppOps  ( 1188): 	at android.os.Binder.execTransactInternal(Binder.java:1021)
09-01 08:21:36.719 E/AppOps  ( 1188): 	at android.os.Binder.execTransact(Binder.java:994)
09-01 08:21:36.724 E/AppOps  ( 1188): Cannot setMode
09-01 08:21:36.724 E/AppOps  ( 1188): java.lang.SecurityException: Specified package com.miui.fm under uid -1 but it is really 10108
09-01 08:21:36.724 E/AppOps  ( 1188): 	at com.android.server.appop.AppOpsService.verifyAndGetIsPrivileged(AppOpsService.java:2825)
09-01 08:21:36.724 E/AppOps  ( 1188): 	at com.android.server.appop.AppOpsService.setMode(AppOpsService.java:1489)
09-01 08:21:36.724 E/AppOps  ( 1188): 	at com.android.internal.app.IAppOpsService$Stub.onTransact(IAppOpsService.java:708)
09-01 08:21:36.724 E/AppOps  ( 1188): 	at android.os.Binder.execTransactInternal(Binder.java:1021)
09-01 08:21:36.724 E/AppOps  ( 1188): 	at android.os.Binder.execTransact(Binder.java:994)
09-01 08:21:36.732 E/AppOps  ( 1188): Cannot setMode
09-01 08:21:36.732 E/AppOps  ( 1188): java.lang.SecurityException: Specified package com.miui.fm under uid -1 but it is really 10108
09-01 08:21:36.732 E/AppOps  ( 1188): 	at com.android.server.appop.AppOpsService.verifyAndGetIsPrivileged(AppOpsService.java:2825)
09-01 08:21:36.732 E/AppOps  ( 1188): 	at com.android.server.appop.AppOpsService.setMode(AppOpsService.java:1489)
09-01 08:21:36.732 E/AppOps  ( 1188): 	at com.android.internal.app.IAppOpsService$Stub.onTransact(IAppOpsService.java:708)
09-01 08:21:36.732 E/AppOps  ( 1188): 	at android.os.Binder.execTransactInternal(Binder.java:1021)
09-01 08:21:36.732 E/AppOps  ( 1188): 	at android.os.Binder.execTransact(Binder.java:994)
09-01 08:21:36.736 E/AppOps  ( 1188): Cannot setMode
09-01 08:21:36.736 E/AppOps  ( 1188): java.lang.SecurityException: Specified package com.miui.fm under uid -1 but it is really 10108
09-01 08:21:36.736 E/AppOps  ( 1188): 	at com.android.server.appop.AppOpsService.verifyAndGetIsPrivileged(AppOpsService.java:2825)
09-01 08:21:36.736 E/AppOps  ( 1188): 	at com.android.server.appop.AppOpsService.setMode(AppOpsService.java:1489)
09-01 08:21:36.736 E/AppOps  ( 1188): 	at com.android.internal.app.IAppOpsService$Stub.onTransact(IAppOpsService.java:708)
09-01 08:21:36.736 E/AppOps  ( 1188): 	at android.os.Binder.execTransactInternal(Binder.java:1021)
09-01 08:21:36.736 E/AppOps  ( 1188): 	at android.os.Binder.execTransact(Binder.java:994)
09-01 08:21:36.739 E/AppOps  ( 1188): Cannot setMode
09-01 08:21:36.739 E/AppOps  ( 1188): java.lang.SecurityException: Specified package com.miui.fm under uid -1 but it is really 10108
09-01 08:21:36.739 E/AppOps  ( 1188): 	at com.android.server.appop.AppOpsService.verifyAndGetIsPrivileged(AppOpsService.java:2825)
09-01 08:21:36.739 E/AppOps  ( 1188): 	at com.android.server.appop.AppOpsService.setMode(AppOpsService.java:1489)
09-01 08:21:36.739 E/AppOps  ( 1188): 	at com.android.internal.app.IAppOpsService$Stub.onTransact(IAppOpsService.java:708)
09-01 08:21:36.739 E/AppOps  ( 1188): 	at android.os.Binder.execTransactInternal(Binder.java:1021)
09-01 08:21:36.739 E/AppOps  ( 1188): 	at android.os.Binder.execTransact(Binder.java:994)
09-01 08:21:36.742 E/AppOps  ( 1188): Cannot setMode
09-01 08:21:36.742 E/AppOps  ( 1188): java.lang.SecurityException: Specified package com.miui.fm under uid -1 but it is really 10108
09-01 08:21:36.742 E/AppOps  ( 1188): 	at com.android.server.appop.AppOpsService.verifyAndGetIsPrivileged(AppOpsService.java:2825)
09-01 08:21:36.742 E/AppOps  ( 1188): 	at com.android.server.appop.AppOpsService.setMode(AppOpsService.java:1489)
09-01 08:21:36.742 E/AppOps  ( 1188): 	at com.android.internal.app.IAppOpsService$Stub.onTransact(IAppOpsService.java:708)
09-01 08:21:36.742 E/AppOps  ( 1188): 	at android.os.Binder.execTransactInternal(Binder.java:1021)
09-01 08:21:36.742 E/AppOps  ( 1188): 	at android.os.Binder.execTransact(Binder.java:994)
09-01 08:21:36.746 E/AppOps  ( 1188): Cannot setMode
09-01 08:21:36.746 E/AppOps  ( 1188): java.lang.SecurityException: Specified package com.miui.fm under uid -1 but it is really 10108
09-01 08:21:36.746 E/AppOps  ( 1188): 	at com.android.server.appop.AppOpsService.verifyAndGetIsPrivileged(AppOpsService.java:2825)
09-01 08:21:36.746 E/AppOps  ( 1188): 	at com.android.server.appop.AppOpsService.setMode(AppOpsService.java:1489)
09-01 08:21:36.746 E/AppOps  ( 1188): 	at com.android.internal.app.IAppOpsService$Stub.onTransact(IAppOpsService.java:708)
09-01 08:21:36.746 E/AppOps  ( 1188): 	at android.os.Binder.execTransactInternal(Binder.java:1021)
09-01 08:21:36.746 E/AppOps  ( 1188): 	at android.os.Binder.execTransact(Binder.java:994)
09-01 08:21:36.751 E/AppOps  ( 1188): Cannot setMode
09-01 08:21:36.751 E/AppOps  ( 1188): java.lang.SecurityException: Specified package com.miui.fm under uid -1 but it is really 10108
09-01 08:21:36.751 E/AppOps  ( 1188): 	at com.android.server.appop.AppOpsService.verifyAndGetIsPrivileged(AppOpsService.java:2825)
09-01 08:21:36.751 E/AppOps  ( 1188): 	at com.android.server.appop.AppOpsService.setMode(AppOpsService.java:1489)
09-01 08:21:36.751 E/AppOps  ( 1188): 	at com.android.internal.app.IAppOpsService$Stub.onTransact(IAppOpsService.java:708)
09-01 08:21:36.751 E/AppOps  ( 1188): 	at android.os.Binder.execTransactInternal(Binder.java:1021)
09-01 08:21:36.751 E/AppOps  ( 1188): 	at android.os.Binder.execTransact(Binder.java:994)
09-01 08:21:36.764 E/AppOps  ( 1188): Cannot setMode
09-01 08:21:36.764 E/AppOps  ( 1188): java.lang.SecurityException: Specified package com.miui.fm under uid -1 but it is really 10108
09-01 08:21:36.764 E/AppOps  ( 1188): 	at com.android.server.appop.AppOpsService.verifyAndGetIsPrivileged(AppOpsService.java:2825)
09-01 08:21:36.764 E/AppOps  ( 1188): 	at com.android.server.appop.AppOpsService.setMode(AppOpsService.java:1489)
09-01 08:21:36.764 E/AppOps  ( 1188): 	at com.android.internal.app.IAppOpsService$Stub.onTransact(IAppOpsService.java:708)
09-01 08:21:36.764 E/AppOps  ( 1188): 	at android.os.Binder.execTransactInternal(Binder.java:1021)
09-01 08:21:36.764 E/AppOps  ( 1188): 	at android.os.Binder.execTransact(Binder.java:994)
09-01 08:21:36.767 E/AppOps  ( 1188): Cannot setMode
09-01 08:21:36.767 E/AppOps  ( 1188): java.lang.SecurityException: Specified package com.miui.fm under uid -1 but it is really 10108
09-01 08:21:36.767 E/AppOps  ( 1188): 	at com.android.server.appop.AppOpsService.verifyAndGetIsPrivileged(AppOpsService.java:2825)
09-01 08:21:36.767 E/AppOps  ( 1188): 	at com.android.server.appop.AppOpsService.setMode(AppOpsService.java:1489)
09-01 08:21:36.767 E/AppOps  ( 1188): 	at com.android.internal.app.IAppOpsService$Stub.onTransact(IAppOpsService.java:708)
09-01 08:21:36.767 E/AppOps  ( 1188): 	at android.os.Binder.execTransactInternal(Binder.java:1021)
09-01 08:21:36.767 E/AppOps  ( 1188): 	at android.os.Binder.execTransact(Binder.java:994)
09-01 08:21:36.789 E/AppOps  ( 1188): Cannot setMode
09-01 08:21:36.789 E/AppOps  ( 1188): java.lang.SecurityException: Specified package com.miui.fm under uid -1 but it is really 10108
09-01 08:21:36.789 E/AppOps  ( 1188): 	at com.android.server.appop.AppOpsService.verifyAndGetIsPrivileged(AppOpsService.java:2825)
09-01 08:21:36.789 E/AppOps  ( 1188): 	at com.android.server.appop.AppOpsService.setMode(AppOpsService.java:1489)
09-01 08:21:36.789 E/AppOps  ( 1188): 	at com.android.internal.app.IAppOpsService$Stub.onTransact(IAppOpsService.java:708)
09-01 08:21:36.789 E/AppOps  ( 1188): 	at android.os.Binder.execTransactInternal(Binder.java:1021)
09-01 08:21:36.789 E/AppOps  ( 1188): 	at android.os.Binder.execTransact(Binder.java:994)
09-01 08:21:36.800 E/AppOps  ( 1188): Cannot setMode
09-01 08:21:36.800 E/AppOps  ( 1188): java.lang.SecurityException: Specified package com.miui.fm under uid -1 but it is really 10108
09-01 08:21:36.800 E/AppOps  ( 1188): 	at com.android.server.appop.AppOpsService.verifyAndGetIsPrivileged(AppOpsService.java:2825)
09-01 08:21:36.800 E/AppOps  ( 1188): 	at com.android.server.appop.AppOpsService.setMode(AppOpsService.java:1489)
09-01 08:21:36.800 E/AppOps  ( 1188): 	at com.android.internal.app.IAppOpsService$Stub.onTransact(IAppOpsService.java:708)
