08-31 12:20:25.315 E/LoadedApk(19826): 	at android.os.Looper.loop(Looper.java:225)
08-31 12:20:25.315 E/LoadedApk(19826): 	at android.app.ActivityThread.main(ActivityThread.java:7563)
08-31 12:20:25.315 E/LoadedApk(19826): 	at java.lang.reflect.Method.invoke(Native Method)
08-31 12:20:25.315 E/LoadedApk(19826): 	at com.android.internal.os.RuntimeInit$MethodAndArgsCaller.run(RuntimeInit.java:539)
08-31 12:20:25.315 E/LoadedApk(19826): 	at com.android.internal.os.ZygoteInit.main(ZygoteInit.java:994)
08-31 12:20:25.689 W/SystemConfig(19826): No directory /product/etc/sysconfig, skipping
08-31 12:20:25.701 W/SystemConfig(19826): No directory /product_services/etc/sysconfig, skipping
08-31 12:20:25.702 W/SystemConfig(19826): No directory /product_services/etc/permissions, skipping
08-31 12:20:26.334 W/BpBinder(19826): Slow Binder: BpBinder transact took 752 ms, interface=android.content.IContentProvider, code=21 oneway=false
08-31 12:20:26.569 W/ActivityManager( 1188): Unbind failed: could not find connection for android.os.BinderProxy@14a191a
08-31 12:20:26.605 W/ActivityManager( 1188): Unable to start service Intent { act=com.android.downloads_ui.service.DataLimitService pkg=com.android.providers.downloads.ui } U=0: not found
08-31 12:20:26.606 W/ActivityManager( 1188): Unable to start service Intent { act=com.android.downloads_ui.service.DataLimitService pkg=com.android.providers.downloads.ui } U=0: not found
08-31 12:20:27.607 W/BpBinder(19826): Slow Binder: BpBinder transact took 1597 ms, interface=android.content.IContentProvider, code=21 oneway=false
08-31 12:20:27.811 W/BpBinder(19826): Slow Binder: BpBinder transact took 1780 ms, interface=android.content.IContentProvider, code=21 oneway=false
08-31 12:20:28.106 E/ActivityThread( 7995): Failed to find provider info for com.miui.whetstone
08-31 12:20:41.992 W/PackageParser( 1188): Ignoring duplicate uses-permissions/uses-permissions-sdk-m: com.android.launcher.permission.WRITE_SETTINGS in package: com.xiaomi.market at: Binary XML file line #89
08-31 12:20:41.992 W/PackageParser( 1188): Ignoring duplicate uses-permissions/uses-permissions-sdk-m: com.android.launcher.permission.READ_SETTINGS in package: com.xiaomi.market at: Binary XML file line #90
08-31 12:20:42.306 W/BpBinder( 3755): Slow Binder: BpBinder transact took 286 ms, interface=android.content.pm.IPackageManager, code=37 oneway=false
08-31 12:20:42.306 W/ActivityManager( 1188): Scheduling restart of crashed service com.xiaomi.market/.data.InstallKeepAliveService in 1000ms
08-31 12:20:42.306 W/Looper  ( 1188): Slow dispatch took 156ms android.fg h=android.os.Handler c=<recycled PooledLambda@5f59844> m=0
08-31 12:20:42.311 W/Looper  ( 1188): Slow dispatch took 291ms android.ui h=com.android.server.am.ActivityManagerService$UiHandler c=null m=53
08-31 12:20:42.311 W/Looper  ( 1188): Slow delivery took 289ms android.ui h=com.android.server.am.ActivityManagerService$UiHandler c=null m=31
08-31 12:20:42.312 W/Looper  ( 1188): Drained
08-31 12:20:42.312 W/BpBinder( 1415): Slow Binder: BpBinder transact took 282 ms, interface=android.app.IActivityManager, code=12 oneway=false
08-31 12:20:49.623 W/BpBinder( 1188): Slow Binder: BpBinder transact took 7298 ms, interface=android.os.IInstalld, code=14 oneway=false
08-31 12:20:49.625 W/Looper  ( 1188): Slow Looper PackageManager: Long Msg: seq=622 plan=12:20:41.980  late=0ms wall=7644ms running=301ms runnable=5ms io=15ms h=com.android.server.pm.PackageManagerService$PackageHandler c=com.android.server.pm.-$$Lambda$PackageManagerService$S4WxZjKnT0iu1kmEXSrs7BiizN4
08-31 12:20:49.626 W/PackageManager( 1188): Cannot whitelist unknown permission: com.xiaomi.vip.permission.SERVICE
08-31 12:20:49.626 W/PackageManager( 1188): Cannot whitelist unknown permission: com.miui.cleanmaster.permission.InstallCleanMaster
08-31 12:20:49.626 W/PackageManager( 1188): Cannot whitelist unknown permission: com.miui.systemAdSolution.extContentProvider.PROVIDER
08-31 12:20:49.711 W/BroadcastQueue( 1188): Background execution not allowed: receiving Intent { act=android.intent.action.PACKAGE_REMOVED dat=package:com.xiaomi.market flg=0x4000010 (has extras) } to com.lbe.security.miui/com.lbe.security.service.BootReceiver
08-31 12:20:49.711 W/BroadcastQueue( 1188): Background execution not allowed: receiving Intent { act=android.intent.action.PACKAGE_REMOVED dat=package:com.xiaomi.market flg=0x4000010 (has extras) } to com.android.providers.downloads/.receiver.ApplicationInstallReceiver
08-31 12:20:49.712 W/BroadcastQueue( 1188): Background execution not allowed: receiving Intent { act=android.intent.action.PACKAGE_REMOVED dat=package:com.xiaomi.market flg=0x4000010 (has extras) } to com.android.settings/.search.provider.UpdateReceiver
08-31 12:20:49.713 W/BroadcastQueue( 1188): Background execution not allowed: receiving Intent { act=android.intent.action.PACKAGE_REMOVED dat=package:com.xiaomi.market flg=0x4000010 (has extras) } to com.miui.audioeffect/com.android.musicfx.Compatibility$Receiver
08-31 12:20:49.713 W/BroadcastQueue( 1188): Background execution not allowed: receiving Intent { act=android.intent.action.PACKAGE_REMOVED dat=package:com.xiaomi.market flg=0x4000010 (has extras) } to com.xiaomi.market/.receiver.MyPackageMonitor
08-31 12:20:49.722 W/BroadcastQueue( 1188): Background execution not allowed: receiving Intent { act=android.intent.action.PACKAGE_REMOVED dat=package:com.xiaomi.market flg=0x4000010 (has extras) } to com.xiaomi.misettings/.usagestats.AppTimerReceiver
08-31 12:20:49.865 W/Looper  ( 1188): Slow dispatch took 179ms main h=android.app.ActivityThread$H c=android.app.-$$Lambda$LoadedApk$ReceiverDispatcher$Args$_BumDX2UKsnxLVrE6UJsJZkotuA@ac6ff29 m=0
08-31 12:20:49.881 W/Looper  ( 1188): Slow dispatch took 161ms android.ui h=com.android.server.am.ActivityManagerService$UiHandler c=null m=53
08-31 12:20:49.991 W/ActivityManager( 1188): Slow operation: 136ms so far, now at startProcess: returned from zygote!
08-31 12:20:50.003 W/ActivityManager( 1188): Slow operation: 148ms so far, now at startProcess: done updating battery stats
08-31 12:20:50.007 W/ActivityManager( 1188): Slow operation: 151ms so far, now at startProcess: building log message
08-31 12:20:50.007 W/ActivityManager( 1188): Slow operation: 151ms so far, now at startProcess: starting to update pids map
08-31 12:20:50.007 W/ActivityManager( 1188): Slow operation: 152ms so far, now at startProcess: done updating pids map
08-31 12:20:50.012 W/ActivityManager( 1188): Slow operation: 150ms so far, now at startProcess: asking zygote to start proc
08-31 12:20:50.088 W/Looper  ( 1188): Slow dispatch took 183ms main h=android.app.ActivityThread$H c=android.app.-$$Lambda$LoadedApk$ReceiverDispatcher$Args$_BumDX2UKsnxLVrE6UJsJZkotuA@e9d033f m=0
08-31 12:20:50.089 W/Looper  ( 1188): Slow delivery took 301ms main h=android.app.ActivityThread$H c=android.app.-$$Lambda$LoadedApk$ReceiverDispatcher$Args$_BumDX2UKsnxLVrE6UJsJZkotuA@191c40c m=0
08-31 12:20:50.093 W/ActivityManager( 1188): Slow operation: 230ms so far, now at startProcess: returned from zygote!
08-31 12:20:50.100 W/ActivityManager( 1188): Slow operation: 238ms so far, now at startProcess: done updating battery stats
08-31 12:20:50.104 W/ActivityManager( 1188): Slow operation: 242ms so far, now at startProcess: building log message
08-31 12:20:50.105 W/ActivityManager( 1188): Slow operation: 242ms so far, now at startProcess: starting to update pids map
08-31 12:20:50.105 W/ActivityManager( 1188): Slow operation: 243ms so far, now at startProcess: done updating pids map
08-31 12:20:50.127 W/Looper  ( 1188): Slow dispatch took 257ms android.fg h=android.os.Handler c=<recycled PooledLambda@5f6560d> m=0
08-31 12:20:50.162 W/Looper  ( 1188): Slow delivery took 268ms android.fg h=android.os.Handler c=<recycled PooledLambda@328c9c2> m=0
08-31 12:20:50.230 E/LoadedApk(20068): Unable to instantiate appComponentFactory
08-31 12:20:50.230 E/LoadedApk(20068): java.lang.ClassNotFoundException: Didn't find class "androidx.core.app.CoreComponentFactory" on path: DexPathList[[zip file "/data/app/com.xiaomi.market-vSYryJw19RFPTjnb1hYE0w==/base.apk"],nativeLibraryDirectories=[/data/app/com.xiaomi.market-vSYryJw19RFPTjnb1hYE0w==/lib/arm, /data/app/com.xiaomi.market-vSYryJw19RFPTjnb1hYE0w==/base.apk!/lib/armeabi-v7a, /system/lib, /product/lib]]
08-31 12:20:50.230 E/LoadedApk(20068): 	at dalvik.system.BaseDexClassLoader.findClass(BaseDexClassLoader.java:230)
08-31 12:20:50.230 E/LoadedApk(20068): 	at java.lang.ClassLoader.loadClass(ClassLoader.java:379)
08-31 12:20:50.230 E/LoadedApk(20068): 	at java.lang.ClassLoader.loadClass(ClassLoader.java:312)
08-31 12:20:50.230 E/LoadedApk(20068): 	at android.app.LoadedApk.createAppFactory(LoadedApk.java:258)
08-31 12:20:50.230 E/LoadedApk(20068): 	at android.app.LoadedApk.createOrUpdateClassLoaderLocked(LoadedApk.java:857)
08-31 12:20:50.230 E/LoadedApk(20068): 	at android.app.LoadedApk.getClassLoader(LoadedApk.java:952)
08-31 12:20:50.230 E/LoadedApk(20068): 	at android.app.LoadedApk.getResources(LoadedApk.java:1190)
08-31 12:20:50.230 E/LoadedApk(20068): 	at android.app.ContextImpl.createAppContext(ContextImpl.java:2475)
08-31 12:20:50.230 E/LoadedApk(20068): 	at android.app.ContextImpl.createAppContext(ContextImpl.java:2467)
08-31 12:20:50.230 E/LoadedApk(20068): 	at android.app.ActivityThread.handleBindApplication(ActivityThread.java:6481)
08-31 12:20:50.230 E/LoadedApk(20068): 	at android.app.ActivityThread.access$1500(ActivityThread.java:235)
08-31 12:20:50.230 E/LoadedApk(20068): 	at android.app.ActivityThread$H.handleMessage(ActivityThread.java:1916)
08-31 12:20:50.230 E/LoadedApk(20068): 	at android.os.Handler.dispatchMessage(Handler.java:107)
08-31 12:20:50.230 E/LoadedApk(20068): 	at android.os.Looper.loop(Looper.java:225)
08-31 12:20:50.230 E/LoadedApk(20068): 	at android.app.ActivityThread.main(ActivityThread.java:7563)
08-31 12:20:50.230 E/LoadedApk(20068): 	at java.lang.reflect.Method.invoke(Native Method)
08-31 12:20:50.230 E/LoadedApk(20068): 	at com.android.internal.os.RuntimeInit$MethodAndArgsCaller.run(RuntimeInit.java:539)
08-31 12:20:50.230 E/LoadedApk(20068): 	at com.android.internal.os.ZygoteInit.main(ZygoteInit.java:994)
08-31 12:20:50.266 W/Looper  ( 1188): Slow dispatch took 172ms main h=android.app.ActivityThread$H c=android.app.-$$Lambda$LoadedApk$ReceiverDispatcher$Args$_BumDX2UKsnxLVrE6UJsJZkotuA@bcd8117 m=0
08-31 12:20:50.403 W/Looper  ( 1188): Drained
08-31 12:20:50.404 W/TextServicesManagerService( 1188): no available spell checker services found
08-31 12:20:50.481 W/Looper  ( 1188): Drained
08-31 12:20:50.599 W/BroadcastQueue( 1188): Background execution not allowed: receiving Intent { act=android.intent.action.PACKAGE_ADDED dat=package:com.xiaomi.market flg=0x4000010 (has extras) } to com.lbe.security.miui/com.lbe.security.service.BootReceiver
08-31 12:20:50.602 W/BroadcastQueue( 1188): Background execution not allowed: receiving Intent { act=android.intent.action.PACKAGE_ADDED dat=package:com.xiaomi.market flg=0x4000010 (has extras) } to com.android.providers.downloads/.receiver.ApplicationInstallReceiver
08-31 12:20:50.603 W/BroadcastQueue( 1188): Background execution not allowed: receiving Intent { act=android.intent.action.PACKAGE_ADDED dat=package:com.xiaomi.market flg=0x4000010 (has extras) } to com.android.settings/.search.provider.UpdateReceiver
08-31 12:20:50.603 W/BroadcastQueue( 1188): Background execution not allowed: receiving Intent { act=android.intent.action.PACKAGE_ADDED dat=package:com.xiaomi.market flg=0x4000010 (has extras) } to com.miui.audioeffect/com.android.musicfx.Compatibility$Receiver
08-31 12:20:50.604 W/BroadcastQueue( 1188): Background execution not allowed: receiving Intent { act=android.intent.action.PACKAGE_ADDED dat=package:com.xiaomi.market flg=0x4000010 (has extras) } to com.sohu.inputmethod.sogou.xiaomi/com.sohu.inputmethod.flx.dynamic.tools.download.InstallFinishReceiver
08-31 12:20:50.604 W/BroadcastQueue( 1188): Background execution not allowed: receiving Intent { act=android.intent.action.PACKAGE_ADDED dat=package:com.xiaomi.market flg=0x4000010 (has extras) } to com.xiaomi.misettings/.usagestats.AppTimerReceiver
08-31 12:20:50.605 W/BroadcastQueue( 1188): Background execution not allowed: receiving Intent { act=android.intent.action.PACKAGE_REPLACED dat=package:com.xiaomi.market flg=0x4000010 (has extras) } to com.miui.audioeffect/com.android.musicfx.Compatibility$Receiver
08-31 12:20:50.714 W/SystemConfig(20122): No directory /product/etc/sysconfig, skipping
08-31 12:20:50.725 W/SystemConfig(20122): No directory /product_services/etc/sysconfig, skipping
08-31 12:20:50.726 W/SystemConfig(20122): No directory /product_services/etc/permissions, skipping
08-31 12:20:50.813 E/LoadedApk(20165): Unable to instantiate appComponentFactory
08-31 12:20:50.813 E/LoadedApk(20165): java.lang.ClassNotFoundException: Didn't find class "androidx.core.app.CoreComponentFactory" on path: DexPathList[[zip file "/data/app/com.miui.cloudservice-ZYIlVymIUrZi4JnssHoaFg==/base.apk"],nativeLibraryDirectories=[/data/app/com.miui.cloudservice-ZYIlVymIUrZi4JnssHoaFg==/lib/arm, /data/app/com.miui.cloudservice-ZYIlVymIUrZi4JnssHoaFg==/base.apk!/lib/armeabi-v7a, /system/priv-app/RtMiCloudSDK/RtMiCloudSDK.apk!/lib/armeabi-v7a, /system/lib, /product/lib]]
08-31 12:20:50.813 E/LoadedApk(20165): 	at dalvik.system.BaseDexClassLoader.findClass(BaseDexClassLoader.java:230)
08-31 12:20:50.813 E/LoadedApk(20165): 	at java.lang.ClassLoader.loadClass(ClassLoader.java:379)
08-31 12:20:50.813 E/LoadedApk(20165): 	at java.lang.ClassLoader.loadClass(ClassLoader.java:312)
08-31 12:20:50.813 E/LoadedApk(20165): 	at android.app.LoadedApk.createAppFactory(LoadedApk.java:258)
08-31 12:20:50.813 E/LoadedApk(20165): 	at android.app.LoadedApk.createOrUpdateClassLoaderLocked(LoadedApk.java:857)
08-31 12:20:50.813 E/LoadedApk(20165): 	at android.app.LoadedApk.getClassLoader(LoadedApk.java:952)
08-31 12:20:50.813 E/LoadedApk(20165): 	at android.app.LoadedApk.getResources(LoadedApk.java:1190)
08-31 12:20:50.813 E/LoadedApk(20165): 	at android.app.ContextImpl.createAppContext(ContextImpl.java:2475)
08-31 12:20:50.813 E/LoadedApk(20165): 	at android.app.ContextImpl.createAppContext(ContextImpl.java:2467)
08-31 12:20:50.813 E/LoadedApk(20165): 	at android.app.ActivityThread.handleBindApplication(ActivityThread.java:6481)
08-31 12:20:50.813 E/LoadedApk(20165): 	at android.app.ActivityThread.access$1500(ActivityThread.java:235)
08-31 12:20:50.813 E/LoadedApk(20165): 	at android.app.ActivityThread$H.handleMessage(ActivityThread.java:1916)
08-31 12:20:50.813 E/LoadedApk(20165): 	at android.os.Handler.dispatchMessage(Handler.java:107)
08-31 12:20:50.813 E/LoadedApk(20165): 	at android.os.Looper.loop(Looper.java:225)
08-31 12:20:50.813 E/LoadedApk(20165): 	at android.app.ActivityThread.main(ActivityThread.java:7563)
08-31 12:20:50.813 E/LoadedApk(20165): 	at java.lang.reflect.Method.invoke(Native Method)
08-31 12:20:50.813 E/LoadedApk(20165): 	at com.android.internal.os.RuntimeInit$MethodAndArgsCaller.run(RuntimeInit.java:539)
08-31 12:20:50.813 E/LoadedApk(20165): 	at com.android.internal.os.ZygoteInit.main(ZygoteInit.java:994)
08-31 12:20:51.033 W/SystemConfig(20165): No directory /product/etc/sysconfig, skipping
08-31 12:20:51.047 W/SystemConfig(20165): No directory /product_services/etc/sysconfig, skipping
08-31 12:20:51.047 W/SystemConfig(20165): No directory /product_services/etc/permissions, skipping
08-31 12:20:51.213 W/BroadcastQueue( 1188): Background execution not allowed: receiving Intent { act=android.search.action.SEARCHABLES_CHANGED flg=0x24000010 } to com.android.browser/.quicksearch.CorporaUpdateReceiver
08-31 12:20:51.222 W/BroadcastQueue( 1188): Background execution not allowed: receiving Intent { act=android.search.action.SEARCHABLES_CHANGED flg=0x24000010 } to com.android.quicksearchbox/.CorporaUpdateReceiver
08-31 12:20:51.523 W/SystemConfig(20208): No directory /product/etc/sysconfig, skipping
08-31 12:20:51.537 W/SystemConfig(20208): No directory /product_services/etc/sysconfig, skipping
08-31 12:20:51.537 W/SystemConfig(20208): No directory /product_services/etc/permissions, skipping
08-31 12:20:51.959 W/SystemConfig(20250): No directory /product/etc/sysconfig, skipping
08-31 12:20:51.970 W/SystemConfig(20250): No directory /product_services/etc/sysconfig, skipping
08-31 12:20:51.970 W/SystemConfig(20250): No directory /product_services/etc/permissions, skipping
08-31 12:20:53.821 W/ActivityManager( 1188): Unable to start service Intent { act=com.android.downloads_ui.service.DataLimitService pkg=com.android.providers.downloads.ui } U=0: not found
08-31 12:20:53.822 W/ActivityManager( 1188): Unable to start service Intent { act=com.android.downloads_ui.service.DataLimitService pkg=com.android.providers.downloads.ui } U=0: not found
08-31 12:20:54.555 W/SystemConfig(20068): No directory /product/etc/sysconfig, skipping
08-31 12:20:54.575 W/SystemConfig(20068): No directory /product_services/etc/sysconfig, skipping
08-31 12:20:54.575 W/SystemConfig(20068): No directory /product_services/etc/permissions, skipping
08-31 12:20:55.196 W/BpBinder(20068): Slow Binder: BpBinder transact took 875 ms, interface=android.content.IContentProvider, code=21 oneway=false
08-31 12:25:54.829 E/ActivityThread( 7995): Failed to find provider info for com.miui.whetstone
08-31 12:27:09.711 E/BatteryExternalStatsWorker( 1188): no controller energy info supplied for bluetooth
08-31 12:30:14.177 E/BatteryExternalStatsWorker( 1188): no controller energy info supplied for bluetooth
08-31 12:32:57.377 E/AppIdleHistory( 1188): Error writing app idle file for user 0
08-31 12:40:14.199 E/BatteryExternalStatsWorker( 1188): no controller energy info supplied for bluetooth
08-31 12:50:13.711 E/BatteryExternalStatsWorker( 1188): no controller energy info supplied for bluetooth
08-31 12:50:13.843 I/chatty  ( 1188): uid=1000(system) batterystats-wo identical 1 line
08-31 12:50:14.181 E/BatteryExternalStatsWorker( 1188): no controller energy info supplied for bluetooth
08-31 12:57:09.849 E/BatteryExternalStatsWorker( 1188): no controller energy info supplied for bluetooth
08-31 13:00:14.175 E/BatteryExternalStatsWorker( 1188): no controller energy info supplied for bluetooth
08-31 13:00:15.366 I/chatty  ( 1188): uid=1000(system) batterystats-wo identical 1 line
08-31 13:00:15.536 E/BatteryExternalStatsWorker( 1188): no controller energy info supplied for bluetooth
08-31 13:02:57.724 E/AppIdleHistory( 1188): Error writing app idle file for user 0
08-31 13:05:13.715 E/BatteryExternalStatsWorker( 1188): no controller energy info supplied for bluetooth
08-31 13:05:13.881 E/BatteryExternalStatsWorker( 1188): no controller energy info supplied for bluetooth
08-31 13:05:14.099 E/LoadedApk(20486): Unable to instantiate appComponentFactory
08-31 13:05:14.099 E/LoadedApk(20486): java.lang.ClassNotFoundException: Didn't find class "androidx.core.app.CoreComponentFactory" on path: DexPathList[[zip file "/data/app/com.android.thememanager-a3rskegQy6J-woOxpoaujA==/base.apk"],nativeLibraryDirectories=[/data/app/com.android.thememanager-a3rskegQy6J-woOxpoaujA==/lib/arm, /data/app/com.android.thememanager-a3rskegQy6J-woOxpoaujA==/base.apk!/lib/armeabi-v7a, /system/lib, /product/lib]]
08-31 13:05:14.099 E/LoadedApk(20486): 	at dalvik.system.BaseDexClassLoader.findClass(BaseDexClassLoader.java:230)
08-31 13:05:14.099 E/LoadedApk(20486): 	at java.lang.ClassLoader.loadClass(ClassLoader.java:379)
08-31 13:05:14.099 E/LoadedApk(20486): 	at java.lang.ClassLoader.loadClass(ClassLoader.java:312)
08-31 13:05:14.099 E/LoadedApk(20486): 	at android.app.LoadedApk.createAppFactory(LoadedApk.java:258)
08-31 13:05:14.099 E/LoadedApk(20486): 	at android.app.LoadedApk.createOrUpdateClassLoaderLocked(LoadedApk.java:857)
08-31 13:05:14.099 E/LoadedApk(20486): 	at android.app.LoadedApk.getClassLoader(LoadedApk.java:952)
08-31 13:05:14.099 E/LoadedApk(20486): 	at android.app.LoadedApk.getResources(LoadedApk.java:1190)
08-31 13:05:14.099 E/LoadedApk(20486): 	at android.app.ContextImpl.createAppContext(ContextImpl.java:2475)
08-31 13:05:14.099 E/LoadedApk(20486): 	at android.app.ContextImpl.createAppContext(ContextImpl.java:2467)
08-31 13:05:14.099 E/LoadedApk(20486): 	at android.app.ActivityThread.handleBindApplication(ActivityThread.java:6481)
08-31 13:05:14.099 E/LoadedApk(20486): 	at android.app.ActivityThread.access$1500(ActivityThread.java:235)
08-31 13:05:14.099 E/LoadedApk(20486): 	at android.app.ActivityThread$H.handleMessage(ActivityThread.java:1916)
08-31 13:05:14.099 E/LoadedApk(20486): 	at android.os.Handler.dispatchMessage(Handler.java:107)
08-31 13:05:14.099 E/LoadedApk(20486): 	at android.os.Looper.loop(Looper.java:225)
08-31 13:05:14.099 E/LoadedApk(20486): 	at android.app.ActivityThread.main(ActivityThread.java:7563)
08-31 13:05:14.099 E/LoadedApk(20486): 	at java.lang.reflect.Method.invoke(Native Method)
08-31 13:05:14.099 E/LoadedApk(20486): 	at com.android.internal.os.RuntimeInit$MethodAndArgsCaller.run(RuntimeInit.java:539)
08-31 13:05:14.099 E/LoadedApk(20486): 	at com.android.internal.os.ZygoteInit.main(ZygoteInit.java:994)
08-31 13:05:14.210 E/BatteryExternalStatsWorker( 1188): no controller energy info supplied for bluetooth
08-31 13:05:14.878 E/ActivityThread(20486): Failed to find provider info for com.miui.miwallpaper.resource.wallpaper
08-31 13:05:14.964 W/ActivityManager( 1188): Slow operation: 134ms so far, now at startProcess: returned from zygote!
08-31 13:05:14.986 W/ActivityManager( 1188): Slow operation: 157ms so far, now at startProcess: done updating battery stats
08-31 13:05:14.988 W/ActivityManager( 1188): Slow operation: 159ms so far, now at startProcess: building log message
08-31 13:05:14.988 W/ActivityManager( 1188): Slow operation: 159ms so far, now at startProcess: starting to update pids map
08-31 13:05:14.989 W/ActivityManager( 1188): Slow operation: 160ms so far, now at startProcess: done updating pids map
08-31 13:05:15.128 E/LoadedApk(20688): Unable to instantiate appComponentFactory
08-31 13:05:15.128 E/LoadedApk(20688): java.lang.ClassNotFoundException: Didn't find class "androidx.core.app.CoreComponentFactory" on path: DexPathList[[zip file "/data/app/com.miui.weather2-1x9yLEX0KprDhcc7amieOw==/base.apk"],nativeLibraryDirectories=[/data/app/com.miui.weather2-1x9yLEX0KprDhcc7amieOw==/lib/arm, /data/app/com.miui.weather2-1x9yLEX0KprDhcc7amieOw==/base.apk!/lib/armeabi-v7a, /system/lib, /product/lib]]
08-31 13:05:15.128 E/LoadedApk(20688): 	at dalvik.system.BaseDexClassLoader.findClass(BaseDexClassLoader.java:230)
08-31 13:05:15.128 E/LoadedApk(20688): 	at java.lang.ClassLoader.loadClass(ClassLoader.java:379)
08-31 13:05:15.128 E/LoadedApk(20688): 	at java.lang.ClassLoader.loadClass(ClassLoader.java:312)
08-31 13:05:15.128 E/LoadedApk(20688): 	at android.app.LoadedApk.createAppFactory(LoadedApk.java:258)
08-31 13:05:15.128 E/LoadedApk(20688): 	at android.app.LoadedApk.createOrUpdateClassLoaderLocked(LoadedApk.java:857)
08-31 13:05:15.128 E/LoadedApk(20688): 	at android.app.LoadedApk.getClassLoader(LoadedApk.java:952)
08-31 13:05:15.128 E/LoadedApk(20688): 	at android.app.LoadedApk.getResources(LoadedApk.java:1190)
08-31 13:05:15.128 E/LoadedApk(20688): 	at android.app.ContextImpl.createAppContext(ContextImpl.java:2475)
08-31 13:05:15.128 E/LoadedApk(20688): 	at android.app.ContextImpl.createAppContext(ContextImpl.java:2467)
08-31 13:05:15.128 E/LoadedApk(20688): 	at android.app.ActivityThread.handleBindApplication(ActivityThread.java:6481)
08-31 13:05:15.128 E/LoadedApk(20688): 	at android.app.ActivityThread.access$1500(ActivityThread.java:235)
08-31 13:05:15.128 E/LoadedApk(20688): 	at android.app.ActivityThread$H.handleMessage(ActivityThread.java:1916)
08-31 13:05:15.128 E/LoadedApk(20688): 	at android.os.Handler.dispatchMessage(Handler.java:107)
08-31 13:05:15.128 E/LoadedApk(20688): 	at android.os.Looper.loop(Looper.java:225)
08-31 13:05:15.128 E/LoadedApk(20688): 	at android.app.ActivityThread.main(ActivityThread.java:7563)
08-31 13:05:15.128 E/LoadedApk(20688): 	at java.lang.reflect.Method.invoke(Native Method)
08-31 13:05:15.128 E/LoadedApk(20688): 	at com.android.internal.os.RuntimeInit$MethodAndArgsCaller.run(RuntimeInit.java:539)
08-31 13:05:15.128 E/LoadedApk(20688): 	at com.android.internal.os.ZygoteInit.main(ZygoteInit.java:994)
08-31 13:05:15.337 W/SystemConfig(20532): No directory /product/etc/sysconfig, skipping
08-31 13:05:15.385 W/SystemConfig(20532): No directory /product_services/etc/sysconfig, skipping
08-31 13:05:15.385 W/SystemConfig(20532): No directory /product_services/etc/permissions, skipping
08-31 13:05:16.548 W/BpBinder(20532): Slow Binder: BpBinder transact took 691 ms, interface=com.cleanmaster.sdk.IKSCleaner, code=7 oneway=false
08-31 13:05:17.242 E/LoadedApk(20873): Unable to instantiate appComponentFactory
08-31 13:05:17.242 E/LoadedApk(20873): java.lang.ClassNotFoundException: Didn't find class "androidx.core.app.CoreComponentFactory" on path: DexPathList[[zip file "/data/app/com.miui.cloudservice-ZYIlVymIUrZi4JnssHoaFg==/base.apk"],nativeLibraryDirectories=[/data/app/com.miui.cloudservice-ZYIlVymIUrZi4JnssHoaFg==/lib/arm, /data/app/com.miui.cloudservice-ZYIlVymIUrZi4JnssHoaFg==/base.apk!/lib/armeabi-v7a, /system/priv-app/RtMiCloudSDK/RtMiCloudSDK.apk!/lib/armeabi-v7a, /system/lib, /product/lib]]
08-31 13:05:17.242 E/LoadedApk(20873): 	at dalvik.system.BaseDexClassLoader.findClass(BaseDexClassLoader.java:230)
08-31 13:05:17.242 E/LoadedApk(20873): 	at java.lang.ClassLoader.loadClass(ClassLoader.java:379)
08-31 13:05:17.242 E/LoadedApk(20873): 	at java.lang.ClassLoader.loadClass(ClassLoader.java:312)
08-31 13:05:17.242 E/LoadedApk(20873): 	at android.app.LoadedApk.createAppFactory(LoadedApk.java:258)
08-31 13:05:17.242 E/LoadedApk(20873): 	at android.app.LoadedApk.createOrUpdateClassLoaderLocked(LoadedApk.java:857)
08-31 13:05:17.242 E/LoadedApk(20873): 	at android.app.LoadedApk.getClassLoader(LoadedApk.java:952)
08-31 13:05:17.242 E/LoadedApk(20873): 	at android.app.LoadedApk.getResources(LoadedApk.java:1190)
08-31 13:05:17.242 E/LoadedApk(20873): 	at android.app.ContextImpl.createAppContext(ContextImpl.java:2475)
08-31 13:05:17.242 E/LoadedApk(20873): 	at android.app.ContextImpl.createAppContext(ContextImpl.java:2467)
08-31 13:05:17.242 E/LoadedApk(20873): 	at android.app.ActivityThread.handleBindApplication(ActivityThread.java:6481)
08-31 13:05:17.242 E/LoadedApk(20873): 	at android.app.ActivityThread.access$1500(ActivityThread.java:235)
08-31 13:05:17.242 E/LoadedApk(20873): 	at android.app.ActivityThread$H.handleMessage(ActivityThread.java:1916)
08-31 13:05:17.242 E/LoadedApk(20873): 	at android.os.Handler.dispatchMessage(Handler.java:107)
08-31 13:05:17.242 E/LoadedApk(20873): 	at android.os.Looper.loop(Looper.java:225)
08-31 13:05:17.242 E/LoadedApk(20873): 	at android.app.ActivityThread.main(ActivityThread.java:7563)
08-31 13:05:17.242 E/LoadedApk(20873): 	at java.lang.reflect.Method.invoke(Native Method)
08-31 13:05:17.242 E/LoadedApk(20873): 	at com.android.internal.os.RuntimeInit$MethodAndArgsCaller.run(RuntimeInit.java:539)
08-31 13:05:17.242 E/LoadedApk(20873): 	at com.android.internal.os.ZygoteInit.main(ZygoteInit.java:994)
08-31 13:05:17.512 W/SystemConfig(20873): No directory /product/etc/sysconfig, skipping
08-31 13:05:17.529 W/SystemConfig(20873): No directory /product_services/etc/sysconfig, skipping
08-31 13:05:17.529 W/SystemConfig(20873): No directory /product_services/etc/permissions, skipping
08-31 13:05:17.585 W/BpBinder(20494): Slow Binder: BpBinder transact took 634 ms, interface=android.app.IActivityManager, code=20 oneway=false
08-31 13:05:17.868 W/BpBinder(20532): Slow Binder: BpBinder transact took 1319 ms, interface=com.cleanmaster.sdk.IKSCleaner, code=28 oneway=false
08-31 13:05:18.849 W/BpBinder(20532): Slow Binder: BpBinder transact took 2697 ms, interface=com.cleanmaster.sdk.IKSCleaner, code=27 oneway=false
08-31 13:05:18.864 W/BpBinder(20532): Slow Binder: BpBinder transact took 3011 ms, interface=com.cleanmaster.sdk.IKSCleaner, code=27 oneway=false
08-31 13:05:22.335 W/ActivityManager( 1188): Background start not allowed: service Intent { cmp=com.android.thememanager/com.xiaomi.mipush.sdk.PushMessageHandler } to com.android.thememanager/com.xiaomi.mipush.sdk.PushMessageHandler from pid=20486 uid=9801 pkg=com.android.thememanager startFg?=false
08-31 13:05:22.582 W/FileUtils(20486): Slow Operation: fsync took 186ms
08-31 13:05:22.589 W/ActivityManager( 1188): Background start not allowed: service Intent { cmp=com.android.thememanager/com.xiaomi.mipush.sdk.MessageHandleService } to com.android.thememanager/com.xiaomi.mipush.sdk.MessageHandleService from pid=20486 uid=9801 pkg=com.android.thememanager startFg?=false
08-31 13:05:25.181 W/vold    (  401): Failed to open /mnt/vendor/protect_f: Permission denied
08-31 13:05:25.181 W/vold    (  401): Failed to open /mnt/vendor/protect_s: Permission denied
08-31 13:05:25.181 W/vold    (  401): Failed to open /mnt/vendor/nvdata: Permission denied
08-31 13:05:25.181 W/vold    (  401): Failed to open /mnt/vendor/nvcfg: Permission denied
08-31 13:05:25.181 W/vold    (  401): Failed to open /mnt/vendor/persist: Permission denied
08-31 13:05:29.830 W/BpBinder( 1188): Slow Binder: BpBinder transact took 11649 ms, interface=android.os.IInstalld, code=14 oneway=false
08-31 13:06:04.976 W/BpBinder( 1188): Slow Binder: BpBinder transact took 34783 ms, interface=android.os.IInstalld, code=14 oneway=false
08-31 13:06:18.233 W/BpBinder( 1188): Slow Binder: BpBinder transact took 12655 ms, interface=android.os.IInstalld, code=14 oneway=false
08-31 13:06:27.104 W/BpBinder( 1188): Slow Binder: BpBinder transact took 5511 ms, interface=android.os.IInstalld, code=14 oneway=false
08-31 13:06:50.469 W/BpBinder( 1188): Slow Binder: BpBinder transact took 15708 ms, interface=android.os.IInstalld, code=14 oneway=false
08-31 13:07:05.717 W/BpBinder( 1188): Slow Binder: BpBinder transact took 7757 ms, interface=android.os.IInstalld, code=14 oneway=false
08-31 13:07:06.319 W/BpBinder( 1188): Slow Binder: BpBinder transact took 371 ms, interface=android.os.IInstalld, code=14 oneway=false
08-31 13:07:06.600 W/BpBinder( 1188): Slow Binder: BpBinder transact took 273 ms, interface=android.os.IInstalld, code=14 oneway=false
08-31 13:07:06.953 W/BpBinder( 1188): Slow Binder: BpBinder transact took 349 ms, interface=android.os.IInstalld, code=14 oneway=false
08-31 13:07:07.320 W/BpBinder( 1188): Slow Binder: BpBinder transact took 364 ms, interface=android.os.IInstalld, code=14 oneway=false
08-31 13:07:07.679 W/BpBinder( 1188): Slow Binder: BpBinder transact took 355 ms, interface=android.os.IInstalld, code=14 oneway=false
08-31 13:07:08.038 W/BpBinder( 1188): Slow Binder: BpBinder transact took 352 ms, interface=android.os.IInstalld, code=14 oneway=false
08-31 13:07:08.402 W/BpBinder( 1188): Slow Binder: BpBinder transact took 360 ms, interface=android.os.IInstalld, code=14 oneway=false
08-31 13:07:08.682 W/BpBinder( 1188): Slow Binder: BpBinder transact took 273 ms, interface=android.os.IInstalld, code=14 oneway=false
08-31 13:10:14.178 E/BatteryExternalStatsWorker( 1188): no controller energy info supplied for bluetooth
08-31 13:10:14.402 W/BpBinder( 1415): Slow Binder: BpBinder transact took 234 ms, interface=android.content.IContentProvider, code=21 oneway=false
08-31 13:12:57.530 W/ActivityManager( 1188): setHasOverlayUi called on unknown pid: 19475
08-31 13:20:13.759 E/BatteryExternalStatsWorker( 1188): no controller energy info supplied for bluetooth
08-31 13:20:13.905 I/chatty  ( 1188): uid=1000(system) batterystats-wo identical 1 line
08-31 13:20:14.175 E/BatteryExternalStatsWorker( 1188): no controller energy info supplied for bluetooth
08-31 13:25:13.944 E/AppIdleHistory( 1188): Error writing app idle file for user 0
08-31 13:27:09.993 E/BatteryExternalStatsWorker( 1188): no controller energy info supplied for bluetooth
08-31 13:30:14.177 E/BatteryExternalStatsWorker( 1188): no controller energy info supplied for bluetooth
08-31 13:30:14.398 W/BpBinder( 1415): Slow Binder: BpBinder transact took 231 ms, interface=android.content.IContentProvider, code=21 oneway=false
08-31 13:40:14.178 E/BatteryExternalStatsWorker( 1188): no controller energy info supplied for bluetooth
08-31 13:40:14.381 W/BpBinder( 1415): Slow Binder: BpBinder transact took 214 ms, interface=android.content.IContentProvider, code=21 oneway=false
08-31 13:50:13.693 E/BatteryExternalStatsWorker( 1188): no controller energy info supplied for bluetooth
08-31 13:50:13.889 I/chatty  ( 1188): uid=1000(system) batterystats-wo identical 1 line
08-31 13:50:14.180 E/BatteryExternalStatsWorker( 1188): no controller energy info supplied for bluetooth
08-31 13:50:46.995 E/AppIdleHistory( 1188): Error writing app idle file for user 0
08-31 13:57:10.134 E/BatteryExternalStatsWorker( 1188): no controller energy info supplied for bluetooth
08-31 14:00:14.176 E/BatteryExternalStatsWorker( 1188): no controller energy info supplied for bluetooth
08-31 14:00:14.395 W/BpBinder( 1415): Slow Binder: BpBinder transact took 228 ms, interface=android.content.IContentProvider, code=21 oneway=false
08-31 14:00:15.736 E/BatteryExternalStatsWorker( 1188): no controller energy info supplied for bluetooth
08-31 14:00:15.975 E/BatteryExternalStatsWorker( 1188): no controller energy info supplied for bluetooth
08-31 14:10:14.179 E/BatteryExternalStatsWorker( 1188): no controller energy info supplied for bluetooth
08-31 14:10:14.402 W/BpBinder( 1415): Slow Binder: BpBinder transact took 235 ms, interface=android.content.IContentProvider, code=21 oneway=false
08-31 14:20:13.684 E/BatteryExternalStatsWorker( 1188): no controller energy info supplied for bluetooth
08-31 14:20:13.871 I/chatty  ( 1188): uid=1000(system) batterystats-wo identical 1 line
08-31 14:20:14.178 E/BatteryExternalStatsWorker( 1188): no controller energy info supplied for bluetooth
08-31 14:27:10.280 E/BatteryExternalStatsWorker( 1188): no controller energy info supplied for bluetooth
08-31 14:30:14.177 E/BatteryExternalStatsWorker( 1188): no controller energy info supplied for bluetooth
08-31 14:30:14.389 W/BpBinder( 1415): Slow Binder: BpBinder transact took 222 ms, interface=android.content.IContentProvider, code=21 oneway=false
08-31 14:40:14.176 E/BatteryExternalStatsWorker( 1188): no controller energy info supplied for bluetooth
08-31 14:40:14.408 W/BpBinder( 1415): Slow Binder: BpBinder transact took 241 ms, interface=android.content.IContentProvider, code=21 oneway=false
08-31 14:40:14.715 E/AppIdleHistory( 1188): Error writing app idle file for user 0
08-31 14:50:13.686 E/BatteryExternalStatsWorker( 1188): no controller energy info supplied for bluetooth
08-31 14:50:13.891 I/chatty  ( 1188): uid=1000(system) batterystats-wo identical 1 line
08-31 14:50:14.183 E/BatteryExternalStatsWorker( 1188): no controller energy info supplied for bluetooth
08-31 14:57:10.418 E/BatteryExternalStatsWorker( 1188): no controller energy info supplied for bluetooth
08-31 15:00:14.176 E/BatteryExternalStatsWorker( 1188): no controller energy info supplied for bluetooth
08-31 15:00:14.397 W/BpBinder( 1415): Slow Binder: BpBinder transact took 230 ms, interface=android.content.IContentProvider, code=21 oneway=false
08-31 15:00:16.175 E/BatteryExternalStatsWorker( 1188): no controller energy info supplied for bluetooth
08-31 15:00:16.410 E/BatteryExternalStatsWorker( 1188): no controller energy info supplied for bluetooth
08-31 15:10:13.686 E/BatteryExternalStatsWorker( 1188): no controller energy info supplied for bluetooth
08-31 15:10:13.863 I/chatty  ( 1188): uid=1000(system) batterystats-wo identical 1 line
08-31 15:10:14.172 E/BatteryExternalStatsWorker( 1188): no controller energy info supplied for bluetooth
08-31 15:20:14.176 E/BatteryExternalStatsWorker( 1188): no controller energy info supplied for bluetooth
08-31 15:20:14.394 W/BpBinder( 1415): Slow Binder: BpBinder transact took 227 ms, interface=android.content.IContentProvider, code=21 oneway=false
08-31 15:27:10.419 E/BatteryExternalStatsWorker( 1188): no controller energy info supplied for bluetooth
08-31 15:28:00.494 I/chatty  ( 1188): uid=1000(system) batterystats-wo identical 2 lines
08-31 15:28:00.864 E/BatteryExternalStatsWorker( 1188): no controller energy info supplied for bluetooth
08-31 15:30:13.873 E/AppIdleHistory( 1188): Error writing app idle file for user 0
08-31 15:30:14.178 E/BatteryExternalStatsWorker( 1188): no controller energy info supplied for bluetooth
08-31 15:30:14.397 W/BpBinder( 1415): Slow Binder: BpBinder transact took 229 ms, interface=android.content.IContentProvider, code=21 oneway=false
08-31 15:40:14.177 E/BatteryExternalStatsWorker( 1188): no controller energy info supplied for bluetooth
08-31 15:40:14.408 W/BpBinder( 1415): Slow Binder: BpBinder transact took 241 ms, interface=android.content.IContentProvider, code=21 oneway=false
08-31 15:50:13.702 E/BatteryExternalStatsWorker( 1188): no controller energy info supplied for bluetooth
08-31 15:50:13.893 I/chatty  ( 1188): uid=1000(system) batterystats-wo identical 1 line
08-31 15:50:14.175 E/BatteryExternalStatsWorker( 1188): no controller energy info supplied for bluetooth
08-31 15:57:10.554 E/BatteryExternalStatsWorker( 1188): no controller energy info supplied for bluetooth
08-31 16:00:14.178 E/BatteryExternalStatsWorker( 1188): no controller energy info supplied for bluetooth
08-31 16:00:14.397 W/BpBinder( 1415): Slow Binder: BpBinder transact took 229 ms, interface=android.content.IContentProvider, code=21 oneway=false
08-31 16:00:16.719 E/BatteryExternalStatsWorker( 1188): no controller energy info supplied for bluetooth
08-31 16:00:16.764 E/AppIdleHistory( 1188): Error writing app idle file for user 0
08-31 16:00:16.940 E/BatteryExternalStatsWorker( 1188): no controller energy info supplied for bluetooth
08-31 16:10:14.176 E/BatteryExternalStatsWorker( 1188): no controller energy info supplied for bluetooth
08-31 16:10:14.396 W/BpBinder( 1415): Slow Binder: BpBinder transact took 229 ms, interface=android.content.IContentProvider, code=21 oneway=false
08-31 16:20:13.713 E/BatteryExternalStatsWorker( 1188): no controller energy info supplied for bluetooth
08-31 16:20:13.891 I/chatty  ( 1188): uid=1000(system) batterystats-wo identical 1 line
08-31 16:20:14.216 E/BatteryExternalStatsWorker( 1188): no controller energy info supplied for bluetooth
08-31 16:23:39.977 E/AppIdleHistory( 1188): Error writing app idle file for user 0
08-31 16:27:10.694 E/BatteryExternalStatsWorker( 1188): no controller energy info supplied for bluetooth
08-31 16:30:14.175 E/BatteryExternalStatsWorker( 1188): no controller energy info supplied for bluetooth
08-31 16:30:14.402 W/BpBinder( 1415): Slow Binder: BpBinder transact took 236 ms, interface=android.content.IContentProvider, code=21 oneway=false
08-31 16:40:14.177 E/BatteryExternalStatsWorker( 1188): no controller energy info supplied for bluetooth
08-31 16:40:14.396 W/BpBinder( 1415): Slow Binder: BpBinder transact took 228 ms, interface=android.content.IContentProvider, code=21 oneway=false
08-31 16:50:13.680 E/BatteryExternalStatsWorker( 1188): no controller energy info supplied for bluetooth
08-31 16:50:13.861 I/chatty  ( 1188): uid=1000(system) batterystats-wo identical 1 line
08-31 16:50:14.178 E/BatteryExternalStatsWorker( 1188): no controller energy info supplied for bluetooth
08-31 16:57:10.833 E/BatteryExternalStatsWorker( 1188): no controller energy info supplied for bluetooth
08-31 17:00:14.178 E/BatteryExternalStatsWorker( 1188): no controller energy info supplied for bluetooth
08-31 17:00:14.396 W/BpBinder( 1415): Slow Binder: BpBinder transact took 228 ms, interface=android.content.IContentProvider, code=21 oneway=false
08-31 17:00:17.201 E/BatteryExternalStatsWorker( 1188): no controller energy info supplied for bluetooth
08-31 17:00:17.442 E/BatteryExternalStatsWorker( 1188): no controller energy info supplied for bluetooth
08-31 17:10:14.177 E/BatteryExternalStatsWorker( 1188): no controller energy info supplied for bluetooth
08-31 17:10:14.399 W/BpBinder( 1415): Slow Binder: BpBinder transact took 231 ms, interface=android.content.IContentProvider, code=21 oneway=false
08-31 17:20:13.690 E/BatteryExternalStatsWorker( 1188): no controller energy info supplied for bluetooth
08-31 17:20:13.893 I/chatty  ( 1188): uid=1000(system) batterystats-wo identical 1 line
08-31 17:20:14.178 E/BatteryExternalStatsWorker( 1188): no controller energy info supplied for bluetooth
08-31 17:22:11.195 E/AppIdleHistory( 1188): Error writing app idle file for user 0
08-31 17:27:10.835 E/BatteryExternalStatsWorker( 1188): no controller energy info supplied for bluetooth
08-31 17:30:14.177 E/BatteryExternalStatsWorker( 1188): no controller energy info supplied for bluetooth
08-31 17:30:14.404 W/BpBinder( 1415): Slow Binder: BpBinder transact took 236 ms, interface=android.content.IContentProvider, code=21 oneway=false
08-31 17:40:13.688 E/BatteryExternalStatsWorker( 1188): no controller energy info supplied for bluetooth
08-31 17:40:13.903 I/chatty  ( 1188): uid=1000(system) batterystats-wo identical 1 line
08-31 17:40:14.175 E/BatteryExternalStatsWorker( 1188): no controller energy info supplied for bluetooth
08-31 17:50:14.181 E/BatteryExternalStatsWorker( 1188): no controller energy info supplied for bluetooth
08-31 17:50:14.380 W/BpBinder( 1415): Slow Binder: BpBinder transact took 210 ms, interface=android.content.IContentProvider, code=21 oneway=false
08-31 17:55:13.798 E/BatteryExternalStatsWorker( 1188): no controller energy info supplied for bluetooth
08-31 17:55:13.946 E/BatteryExternalStatsWorker( 1188): no controller energy info supplied for bluetooth
08-31 17:55:14.202 W/BackupManagerService( 1188): Backup pass but enabled=false setupComplete=true
08-31 17:55:14.211 E/BatteryExternalStatsWorker( 1188): no controller energy info supplied for bluetooth
08-31 17:55:14.342 E/LoadedApk(21623): Unable to instantiate appComponentFactory
08-31 17:55:14.342 E/LoadedApk(21623): java.lang.ClassNotFoundException: Didn't find class "androidx.core.app.CoreComponentFactory" on path: DexPathList[[zip file "/data/app/com.xiaomi.market-vSYryJw19RFPTjnb1hYE0w==/base.apk"],nativeLibraryDirectories=[/data/app/com.xiaomi.market-vSYryJw19RFPTjnb1hYE0w==/lib/arm, /data/app/com.xiaomi.market-vSYryJw19RFPTjnb1hYE0w==/base.apk!/lib/armeabi-v7a, /system/lib, /product/lib]]
08-31 17:55:14.342 E/LoadedApk(21623): 	at dalvik.system.BaseDexClassLoader.findClass(BaseDexClassLoader.java:230)
08-31 17:55:14.342 E/LoadedApk(21623): 	at java.lang.ClassLoader.loadClass(ClassLoader.java:379)
08-31 17:55:14.342 E/LoadedApk(21623): 	at java.lang.ClassLoader.loadClass(ClassLoader.java:312)
08-31 17:55:14.342 E/LoadedApk(21623): 	at android.app.LoadedApk.createAppFactory(LoadedApk.java:258)
08-31 17:55:14.342 E/LoadedApk(21623): 	at android.app.LoadedApk.createOrUpdateClassLoaderLocked(LoadedApk.java:857)
08-31 17:55:14.342 E/LoadedApk(21623): 	at android.app.LoadedApk.getClassLoader(LoadedApk.java:952)
08-31 17:55:14.342 E/LoadedApk(21623): 	at android.app.LoadedApk.getResources(LoadedApk.java:1190)
08-31 17:55:14.342 E/LoadedApk(21623): 	at android.app.ContextImpl.createAppContext(ContextImpl.java:2475)
08-31 17:55:14.342 E/LoadedApk(21623): 	at android.app.ContextImpl.createAppContext(ContextImpl.java:2467)
08-31 17:55:14.342 E/LoadedApk(21623): 	at android.app.ActivityThread.handleBindApplication(ActivityThread.java:6481)
08-31 17:55:14.342 E/LoadedApk(21623): 	at android.app.ActivityThread.access$1500(ActivityThread.java:235)
08-31 17:55:14.342 E/LoadedApk(21623): 	at android.app.ActivityThread$H.handleMessage(ActivityThread.java:1916)
08-31 17:55:14.342 E/LoadedApk(21623): 	at android.os.Handler.dispatchMessage(Handler.java:107)
08-31 17:55:14.342 E/LoadedApk(21623): 	at android.os.Looper.loop(Looper.java:225)
08-31 17:55:14.342 E/LoadedApk(21623): 	at android.app.ActivityThread.main(ActivityThread.java:7563)
08-31 17:55:14.342 E/LoadedApk(21623): 	at java.lang.reflect.Method.invoke(Native Method)
08-31 17:55:14.342 E/LoadedApk(21623): 	at com.android.internal.os.RuntimeInit$MethodAndArgsCaller.run(RuntimeInit.java:539)
08-31 17:55:14.342 E/LoadedApk(21623): 	at com.android.internal.os.ZygoteInit.main(ZygoteInit.java:994)
08-31 17:55:14.500 E/ActivityThread( 2266): Failed to find provider info for com.xiaomi.o2o.ExternalProvider
08-31 17:55:14.501 E/ActivityThread( 2266): Failed to find provider info for com.xiaomi.market.o2o.CouponExternalProvider
08-31 17:55:14.598 E/LoadedApk(21671): Unable to instantiate appComponentFactory
08-31 17:55:14.598 E/LoadedApk(21671): java.lang.ClassNotFoundException: Didn't find class "androidx.core.app.CoreComponentFactory" on path: DexPathList[[zip file "/data/app/com.xiaomi.market-vSYryJw19RFPTjnb1hYE0w==/base.apk"],nativeLibraryDirectories=[/data/app/com.xiaomi.market-vSYryJw19RFPTjnb1hYE0w==/lib/arm, /data/app/com.xiaomi.market-vSYryJw19RFPTjnb1hYE0w==/base.apk!/lib/armeabi-v7a, /system/lib, /product/lib]]
08-31 17:55:14.598 E/LoadedApk(21671): 	at dalvik.system.BaseDexClassLoader.findClass(BaseDexClassLoader.java:230)
08-31 17:55:14.598 E/LoadedApk(21671): 	at java.lang.ClassLoader.loadClass(ClassLoader.java:379)
08-31 17:55:14.598 E/LoadedApk(21671): 	at java.lang.ClassLoader.loadClass(ClassLoader.java:312)
08-31 17:55:14.598 E/LoadedApk(21671): 	at android.app.LoadedApk.createAppFactory(LoadedApk.java:258)
08-31 17:55:14.598 E/LoadedApk(21671): 	at android.app.LoadedApk.createOrUpdateClassLoaderLocked(LoadedApk.java:857)
08-31 17:55:14.598 E/LoadedApk(21671): 	at android.app.LoadedApk.getClassLoader(LoadedApk.java:952)
08-31 17:55:14.598 E/LoadedApk(21671): 	at android.app.LoadedApk.getResources(LoadedApk.java:1190)
08-31 17:55:14.598 E/LoadedApk(21671): 	at android.app.ContextImpl.createAppContext(ContextImpl.java:2475)
08-31 17:55:14.598 E/LoadedApk(21671): 	at android.app.ContextImpl.createAppContext(ContextImpl.java:2467)
08-31 17:55:14.598 E/LoadedApk(21671): 	at android.app.ActivityThread.handleBindApplication(ActivityThread.java:6481)
08-31 17:55:14.598 E/LoadedApk(21671): 	at android.app.ActivityThread.access$1500(ActivityThread.java:235)
08-31 17:55:14.598 E/LoadedApk(21671): 	at android.app.ActivityThread$H.handleMessage(ActivityThread.java:1916)
08-31 17:55:14.598 E/LoadedApk(21671): 	at android.os.Handler.dispatchMessage(Handler.java:107)
08-31 17:55:14.598 E/LoadedApk(21671): 	at android.os.Looper.loop(Looper.java:225)
08-31 17:55:14.598 E/LoadedApk(21671): 	at android.app.ActivityThread.main(ActivityThread.java:7563)
08-31 17:55:14.598 E/LoadedApk(21671): 	at java.lang.reflect.Method.invoke(Native Method)
08-31 17:55:14.598 E/LoadedApk(21671): 	at com.android.internal.os.RuntimeInit$MethodAndArgsCaller.run(RuntimeInit.java:539)
08-31 17:55:14.598 E/LoadedApk(21671): 	at com.android.internal.os.ZygoteInit.main(ZygoteInit.java:994)
08-31 17:55:14.696 W/SystemConfig(21623): No directory /product/etc/sysconfig, skipping
08-31 17:55:14.719 W/SystemConfig(21623): No directory /product_services/etc/sysconfig, skipping
08-31 17:55:14.719 W/SystemConfig(21623): No directory /product_services/etc/permissions, skipping
08-31 17:55:15.366 E/LoadedApk(21801): Unable to instantiate appComponentFactory
08-31 17:55:15.366 E/LoadedApk(21801): java.lang.ClassNotFoundException: Didn't find class "androidx.core.app.CoreComponentFactory" on path: DexPathList[[zip file "/data/app/com.miui.cloudservice-ZYIlVymIUrZi4JnssHoaFg==/base.apk"],nativeLibraryDirectories=[/data/app/com.miui.cloudservice-ZYIlVymIUrZi4JnssHoaFg==/lib/arm, /data/app/com.miui.cloudservice-ZYIlVymIUrZi4JnssHoaFg==/base.apk!/lib/armeabi-v7a, /system/priv-app/RtMiCloudSDK/RtMiCloudSDK.apk!/lib/armeabi-v7a, /system/lib, /product/lib]]
08-31 17:55:15.366 E/LoadedApk(21801): 	at dalvik.system.BaseDexClassLoader.findClass(BaseDexClassLoader.java:230)
08-31 17:55:15.366 E/LoadedApk(21801): 	at java.lang.ClassLoader.loadClass(ClassLoader.java:379)
08-31 17:55:15.366 E/LoadedApk(21801): 	at java.lang.ClassLoader.loadClass(ClassLoader.java:312)
08-31 17:55:15.366 E/LoadedApk(21801): 	at android.app.LoadedApk.createAppFactory(LoadedApk.java:258)
08-31 17:55:15.366 E/LoadedApk(21801): 	at android.app.LoadedApk.createOrUpdateClassLoaderLocked(LoadedApk.java:857)
08-31 17:55:15.366 E/LoadedApk(21801): 	at android.app.LoadedApk.getClassLoader(LoadedApk.java:952)
08-31 17:55:15.366 E/LoadedApk(21801): 	at android.app.LoadedApk.getResources(LoadedApk.java:1190)
08-31 17:55:15.366 E/LoadedApk(21801): 	at android.app.ContextImpl.createAppContext(ContextImpl.java:2475)
08-31 17:55:15.366 E/LoadedApk(21801): 	at android.app.ContextImpl.createAppContext(ContextImpl.java:2467)
08-31 17:55:15.366 E/LoadedApk(21801): 	at android.app.ActivityThread.handleBindApplication(ActivityThread.java:6481)
08-31 17:55:15.366 E/LoadedApk(21801): 	at android.app.ActivityThread.access$1500(ActivityThread.java:235)
08-31 17:55:15.366 E/LoadedApk(21801): 	at android.app.ActivityThread$H.handleMessage(ActivityThread.java:1916)
08-31 17:55:15.366 E/LoadedApk(21801): 	at android.os.Handler.dispatchMessage(Handler.java:107)
08-31 17:55:15.366 E/LoadedApk(21801): 	at android.os.Looper.loop(Looper.java:225)
08-31 17:55:15.366 E/LoadedApk(21801): 	at android.app.ActivityThread.main(ActivityThread.java:7563)
08-31 17:55:15.366 E/LoadedApk(21801): 	at java.lang.reflect.Method.invoke(Native Method)
08-31 17:55:15.366 E/LoadedApk(21801): 	at com.android.internal.os.RuntimeInit$MethodAndArgsCaller.run(RuntimeInit.java:539)
08-31 17:55:15.366 E/LoadedApk(21801): 	at com.android.internal.os.ZygoteInit.main(ZygoteInit.java:994)
08-31 17:55:15.694 W/SystemConfig(21801): No directory /product/etc/sysconfig, skipping
08-31 17:55:15.710 W/SystemConfig(21801): No directory /product_services/etc/sysconfig, skipping
