09-01 09:17:29.658 W/BroadcastQueue( 1188): Background execution not allowed: receiving Intent { act=android.intent.action.ACTION_POWER_CONNECTED flg=0x4000010 (has extras) } to com.lbe.security.miui/xm.dt.rs.PowerChangeReceiver
09-01 09:17:29.660 W/BroadcastQueue( 1188): Background execution not allowed: receiving Intent { act=android.intent.action.ACTION_POWER_CONNECTED flg=0x4000010 (has extras) } to com.miui.systemAdSolution/com.xiaomi.ad.server.AdReceiver
09-01 09:17:29.660 W/BroadcastQueue( 1188): Background execution not allowed: receiving Intent { act=android.intent.action.ACTION_POWER_CONNECTED flg=0x4000010 (has extras) } to com.miui.video/.schedule.UsbChargingReceiver
09-01 09:17:29.661 W/BroadcastQueue( 1188): Background execution not allowed: receiving Intent { act=android.intent.action.ACTION_POWER_CONNECTED flg=0x4000010 (has extras) } to cn.rongcloud.chatroomdemo/io.rong.push.rongpush.PushReceiver
09-01 09:17:29.662 W/BroadcastQueue( 1188): Background execution not allowed: receiving Intent { act=android.intent.action.ACTION_POWER_CONNECTED flg=0x4000010 (has extras) } to com.example.textprivatecloudapp3/io.rong.push.rongpush.PushReceiver
09-01 09:17:29.662 W/BroadcastQueue( 1188): Background execution not allowed: receiving Intent { act=android.intent.action.ACTION_POWER_CONNECTED flg=0x4000010 (has extras) } to com.mfashiongallery.emag/.ext_interface.PowerConnectionReceiver
09-01 09:17:29.675 W/KeyguardViewMediator( 1415): notifyScreenOn
09-01 09:17:29.689 W/UsageStatsService( 1188): Event reported without a package name, eventType:15
09-01 09:17:29.701 W/KeyguardViewMediator( 1415): handleNotifyScreenTurningOn
09-01 09:17:29.701 W/KeyguardViewMediator( 1415): notifyDrawn
09-01 09:17:29.813 E/BatteryExternalStatsWorker( 1188): no controller energy info supplied for bluetooth
09-01 09:17:29.823 E/miui_face( 1415): start face unlock  fail:;isSupportFaceUnlock=true;isFaceFeatureEnabled=true;hasEnrolledFaces=false;isFaceUnlockApplyForKeyguard=false;isOwnerUser=true
09-01 09:17:29.823 W/WindowManager( 1188): Setting mKeyguardDrawComplete
09-01 09:17:29.929 W/WindowManager( 1188): Setting mWindowManagerDrawComplete
09-01 09:17:29.976 E/BatteryExternalStatsWorker( 1188): no controller energy info supplied for bluetooth
09-01 09:17:29.989 W/BpBinder( 1188): Slow Binder: BpBinder transact took 271 ms, interface=android.ui.ISurfaceComposer, code=19 oneway=false
09-01 09:17:29.990 W/PowerManagerService( 1188): Screen on took 353 ms
09-01 09:17:30.392 E/BatteryExternalStatsWorker( 1188): no controller energy info supplied for bluetooth
09-01 09:17:30.617 E/ActivityThread(25908): Failed to find provider info for com.miui.whetstone
09-01 09:17:30.869 W/SystemConfig(25944): No directory /product/etc/sysconfig, skipping
09-01 09:17:30.878 W/SystemConfig(25944): No directory /product_services/etc/sysconfig, skipping
09-01 09:17:30.878 W/SystemConfig(25944): No directory /product_services/etc/permissions, skipping
09-01 09:17:49.068 E/miui_face( 1415): start face unlock  fail:;isSupportFaceUnlock=true;isFaceFeatureEnabled=true;hasEnrolledFaces=false;isFaceUnlockApplyForKeyguard=false;isOwnerUser=true
09-01 09:17:49.376 W/UsageStatsService( 1188): Event reported without a package name, eventType:16
09-01 09:17:49.420 E/BatteryExternalStatsWorker( 1188): no controller energy info supplied for bluetooth
09-01 09:17:50.125 W/BpBinder( 1188): Slow Binder: BpBinder transact took 328 ms, interface=android.ui.ISurfaceComposer, code=19 oneway=false
09-01 09:17:50.131 W/BpBinder( 1415): Slow Binder: BpBinder transact took 296 ms, interface=android.gui.IGraphicBufferProducer, code=2 oneway=false
09-01 09:17:50.137 W/DreamManagerService( 1188): Dream ComponentInfo{com.miui.aod/com.miui.aod.doze.DozeService} does not exist
09-01 09:20:28.587 E/AppIdleHistory( 1188): Error writing app idle file for user 0
09-01 09:22:30.912 E/ActivityThread(25908): Failed to find provider info for com.miui.whetstone
09-01 09:40:06.639 W/ActivityManager( 1188): Scheduling restart of crashed service com.android.settings/.wifi.MiuiWifiService in 1000ms
09-01 09:40:06.640 W/ActivityManager( 1188): Scheduling restart of crashed service com.android.settings/.dangerousoptions.DangerousOptionsWarningService in 1000ms
09-01 09:40:06.651 W/ActivityManager( 1188): Scheduling restart of crashed service com.miui.systemAdSolution/.splashscreen.SplashScreenService in 10990ms
09-01 09:40:06.652 W/ActivityManager( 1188): Scheduling restart of crashed service com.miui.systemAdSolution/.changeSkin.ChangeSkinService in 20989ms
09-01 09:40:17.471 W/SystemConfig(26193): No directory /product/etc/sysconfig, skipping
09-01 09:40:17.484 W/SystemConfig(26193): No directory /product_services/etc/sysconfig, skipping
09-01 09:40:17.484 W/SystemConfig(26193): No directory /product_services/etc/permissions, skipping
09-01 09:40:17.968 E/ActivityThread( 4832): Failed to find provider info for com.xiaomi.migameservice.provider
09-01 09:40:18.028 E/ActivityThread(26157): Failed to find provider info for com.android.printspooler.mistat.MiPrintStatProvider
09-01 09:40:18.053 E/BatteryExternalStatsWorker( 1188): no controller energy info supplied for bluetooth
09-01 09:40:18.773 E/LoadedApk(26324): Unable to instantiate appComponentFactory
09-01 09:40:18.773 E/LoadedApk(26324): java.lang.ClassNotFoundException: Didn't find class "androidx.core.app.CoreComponentFactory" on path: DexPathList[[zip file "/data/app/com.miui.cloudservice-ZYIlVymIUrZi4JnssHoaFg==/base.apk"],nativeLibraryDirectories=[/data/app/com.miui.cloudservice-ZYIlVymIUrZi4JnssHoaFg==/lib/arm, /data/app/com.miui.cloudservice-ZYIlVymIUrZi4JnssHoaFg==/base.apk!/lib/armeabi-v7a, /system/priv-app/RtMiCloudSDK/RtMiCloudSDK.apk!/lib/armeabi-v7a, /system/lib, /product/lib]]
09-01 09:40:18.773 E/LoadedApk(26324): 	at dalvik.system.BaseDexClassLoader.findClass(BaseDexClassLoader.java:230)
09-01 09:40:18.773 E/LoadedApk(26324): 	at java.lang.ClassLoader.loadClass(ClassLoader.java:379)
09-01 09:40:18.773 E/LoadedApk(26324): 	at java.lang.ClassLoader.loadClass(ClassLoader.java:312)
09-01 09:40:18.773 E/LoadedApk(26324): 	at android.app.LoadedApk.createAppFactory(LoadedApk.java:258)
09-01 09:40:18.773 E/LoadedApk(26324): 	at android.app.LoadedApk.createOrUpdateClassLoaderLocked(LoadedApk.java:857)
09-01 09:40:18.773 E/LoadedApk(26324): 	at android.app.LoadedApk.getClassLoader(LoadedApk.java:952)
09-01 09:40:18.773 E/LoadedApk(26324): 	at android.app.LoadedApk.getResources(LoadedApk.java:1190)
09-01 09:40:18.773 E/LoadedApk(26324): 	at android.app.ContextImpl.createAppContext(ContextImpl.java:2475)
09-01 09:40:18.773 E/LoadedApk(26324): 	at android.app.ContextImpl.createAppContext(ContextImpl.java:2467)
09-01 09:40:18.773 E/LoadedApk(26324): 	at android.app.ActivityThread.handleBindApplication(ActivityThread.java:6481)
09-01 09:40:18.773 E/LoadedApk(26324): 	at android.app.ActivityThread.access$1500(ActivityThread.java:235)
09-01 09:40:18.773 E/LoadedApk(26324): 	at android.app.ActivityThread$H.handleMessage(ActivityThread.java:1916)
09-01 09:40:18.773 E/LoadedApk(26324): 	at android.os.Handler.dispatchMessage(Handler.java:107)
09-01 09:40:18.773 E/LoadedApk(26324): 	at android.os.Looper.loop(Looper.java:225)
09-01 09:40:18.773 E/LoadedApk(26324): 	at android.app.ActivityThread.main(ActivityThread.java:7563)
09-01 09:40:18.773 E/LoadedApk(26324): 	at java.lang.reflect.Method.invoke(Native Method)
09-01 09:40:18.773 E/LoadedApk(26324): 	at com.android.internal.os.RuntimeInit$MethodAndArgsCaller.run(RuntimeInit.java:539)
09-01 09:40:18.773 E/LoadedApk(26324): 	at com.android.internal.os.ZygoteInit.main(ZygoteInit.java:994)
09-01 09:40:19.106 W/SystemConfig(26324): No directory /product/etc/sysconfig, skipping
09-01 09:40:19.119 W/SystemConfig(26324): No directory /product_services/etc/sysconfig, skipping
09-01 09:40:19.120 W/SystemConfig(26324): No directory /product_services/etc/permissions, skipping
09-01 09:40:19.213 W/BpBinder(26371): Slow Binder: BpBinder transact took 244 ms, interface=com.android.internal.app.procstats.IProcessStats, code=1598311760 oneway=false
09-01 09:40:19.402 W/ActivityManager( 1188): Unable to start service Intent { act=com.xiaomi.android.manager.IMtService cmp=com.tencent.soter.soterserver/com.xiaomi.android.manager.MtService } U=0: not found
09-01 09:40:19.408 W/ActivityManager( 1188): Unable to start service Intent { act=com.xiaomi.android.manager.IMtService cmp=com.tencent.soter.soterserver/com.xiaomi.android.manager.MtService } U=0: not found
09-01 09:41:14.696 E/BatteryExternalStatsWorker( 1188): no controller energy info supplied for bluetooth
09-01 09:41:19.489 W/SystemConfig(26455): No directory /product/etc/sysconfig, skipping
09-01 09:41:19.501 W/SystemConfig(26455): No directory /product_services/etc/sysconfig, skipping
09-01 09:41:19.502 W/SystemConfig(26455): No directory /product_services/etc/permissions, skipping
09-01 09:41:20.725 W/SystemConfig(26528): No directory /product/etc/sysconfig, skipping
09-01 09:41:20.737 W/SystemConfig(26528): No directory /product_services/etc/sysconfig, skipping
09-01 09:41:20.737 W/SystemConfig(26528): No directory /product_services/etc/permissions, skipping
09-01 09:42:49.759 W/BpBinder( 1415): Slow Binder: BpBinder transact took 1126 ms, interface=com.xiaomi.xmsf.push.service.IHttpService, code=1 oneway=false
09-01 09:46:11.152 E/BatteryExternalStatsWorker( 1188): no controller energy info supplied for bluetooth
09-01 09:46:11.304 E/BatteryExternalStatsWorker( 1188): no controller energy info supplied for bluetooth
09-01 09:54:02.322 E/AppIdleHistory( 1188): Error writing app idle file for user 0
09-01 10:00:00.498 E/BatteryExternalStatsWorker( 1188): no controller energy info supplied for bluetooth
09-01 10:00:00.653 E/BatteryExternalStatsWorker( 1188): no controller energy info supplied for bluetooth
09-01 10:00:32.526 E/ActivityThread(26670): Failed to find provider info for com.miui.whetstone
09-01 10:05:32.786 E/ActivityThread(26670): Failed to find provider info for com.miui.whetstone
09-01 10:10:06.439 E/BatteryExternalStatsWorker( 1188): no controller energy info supplied for bluetooth
09-01 10:10:06.564 E/BatteryExternalStatsWorker( 1188): no controller energy info supplied for bluetooth
09-01 10:11:14.678 E/BatteryExternalStatsWorker( 1188): no controller energy info supplied for bluetooth
09-01 10:15:05.259 W/BpBinder(26455): Slow Binder: BpBinder transact took 429 ms, interface=com.xiaomi.xmsf.push.service.IHttpService, code=1 oneway=false
09-01 10:21:32.143 E/AppIdleHistory( 1188): Error writing app idle file for user 0
09-01 10:29:46.144 E/BatteryExternalStatsWorker( 1188): no controller energy info supplied for bluetooth
09-01 10:29:46.307 E/BatteryExternalStatsWorker( 1188): no controller energy info supplied for bluetooth
09-01 10:29:46.632 E/LoadedApk(26793): Unable to instantiate appComponentFactory
09-01 10:29:46.632 E/LoadedApk(26793): java.lang.ClassNotFoundException: Didn't find class "androidx.core.app.CoreComponentFactory" on path: DexPathList[[zip file "/data/app/com.android.thememanager-a3rskegQy6J-woOxpoaujA==/base.apk"],nativeLibraryDirectories=[/data/app/com.android.thememanager-a3rskegQy6J-woOxpoaujA==/lib/arm, /data/app/com.android.thememanager-a3rskegQy6J-woOxpoaujA==/base.apk!/lib/armeabi-v7a, /system/lib, /product/lib]]
09-01 10:29:46.632 E/LoadedApk(26793): 	at dalvik.system.BaseDexClassLoader.findClass(BaseDexClassLoader.java:230)
09-01 10:29:46.632 E/LoadedApk(26793): 	at java.lang.ClassLoader.loadClass(ClassLoader.java:379)
09-01 10:29:46.632 E/LoadedApk(26793): 	at java.lang.ClassLoader.loadClass(ClassLoader.java:312)
09-01 10:29:46.632 E/LoadedApk(26793): 	at android.app.LoadedApk.createAppFactory(LoadedApk.java:258)
09-01 10:29:46.632 E/LoadedApk(26793): 	at android.app.LoadedApk.createOrUpdateClassLoaderLocked(LoadedApk.java:857)
09-01 10:29:46.632 E/LoadedApk(26793): 	at android.app.LoadedApk.getClassLoader(LoadedApk.java:952)
09-01 10:29:46.632 E/LoadedApk(26793): 	at android.app.LoadedApk.getResources(LoadedApk.java:1190)
09-01 10:29:46.632 E/LoadedApk(26793): 	at android.app.ContextImpl.createAppContext(ContextImpl.java:2475)
09-01 10:29:46.632 E/LoadedApk(26793): 	at android.app.ContextImpl.createAppContext(ContextImpl.java:2467)
09-01 10:29:46.632 E/LoadedApk(26793): 	at android.app.ActivityThread.handleBindApplication(ActivityThread.java:6481)
09-01 10:29:46.632 E/LoadedApk(26793): 	at android.app.ActivityThread.access$1500(ActivityThread.java:235)
09-01 10:29:46.632 E/LoadedApk(26793): 	at android.app.ActivityThread$H.handleMessage(ActivityThread.java:1916)
09-01 10:29:46.632 E/LoadedApk(26793): 	at android.os.Handler.dispatchMessage(Handler.java:107)
09-01 10:29:46.632 E/LoadedApk(26793): 	at android.os.Looper.loop(Looper.java:225)
09-01 10:29:46.632 E/LoadedApk(26793): 	at android.app.ActivityThread.main(ActivityThread.java:7563)
09-01 10:29:46.632 E/LoadedApk(26793): 	at java.lang.reflect.Method.invoke(Native Method)
09-01 10:29:46.632 E/LoadedApk(26793): 	at com.android.internal.os.RuntimeInit$MethodAndArgsCaller.run(RuntimeInit.java:539)
09-01 10:29:46.632 E/LoadedApk(26793): 	at com.android.internal.os.ZygoteInit.main(ZygoteInit.java:994)
09-01 10:29:46.946 W/BpBinder(26778): Slow Binder: BpBinder transact took 281 ms, interface=android.app.IActivityManager, code=20 oneway=false
09-01 10:29:47.158 W/ActivityManager( 1188): Background start not allowed: service Intent { cmp=com.miui.hybrid/com.xiaomi.mipush.sdk.PushMessageHandler } to com.miui.hybrid/com.xiaomi.mipush.sdk.PushMessageHandler from pid=26778 uid=10113 pkg=com.miui.hybrid startFg?=false
09-01 10:29:47.241 W/ActivityManager( 1188): Background start not allowed: service Intent { cmp=com.miui.hybrid/com.xiaomi.mipush.sdk.MessageHandleService } to com.miui.hybrid/com.xiaomi.mipush.sdk.MessageHandleService from pid=26778 uid=10113 pkg=com.miui.hybrid startFg?=false
09-01 10:29:47.354 E/LoadedApk(26906): Unable to instantiate appComponentFactory
09-01 10:29:47.354 E/LoadedApk(26906): java.lang.ClassNotFoundException: Didn't find class "androidx.core.app.CoreComponentFactory" on path: DexPathList[[zip file "/data/app/com.xiaomi.market-vSYryJw19RFPTjnb1hYE0w==/base.apk"],nativeLibraryDirectories=[/data/app/com.xiaomi.market-vSYryJw19RFPTjnb1hYE0w==/lib/arm, /data/app/com.xiaomi.market-vSYryJw19RFPTjnb1hYE0w==/base.apk!/lib/armeabi-v7a, /system/lib, /product/lib]]
09-01 10:29:47.354 E/LoadedApk(26906): 	at dalvik.system.BaseDexClassLoader.findClass(BaseDexClassLoader.java:230)
09-01 10:29:47.354 E/LoadedApk(26906): 	at java.lang.ClassLoader.loadClass(ClassLoader.java:379)
09-01 10:29:47.354 E/LoadedApk(26906): 	at java.lang.ClassLoader.loadClass(ClassLoader.java:312)
09-01 10:29:47.354 E/LoadedApk(26906): 	at android.app.LoadedApk.createAppFactory(LoadedApk.java:258)
09-01 10:29:47.354 E/LoadedApk(26906): 	at android.app.LoadedApk.createOrUpdateClassLoaderLocked(LoadedApk.java:857)
09-01 10:29:47.354 E/LoadedApk(26906): 	at android.app.LoadedApk.getClassLoader(LoadedApk.java:952)
09-01 10:29:47.354 E/LoadedApk(26906): 	at android.app.LoadedApk.getResources(LoadedApk.java:1190)
09-01 10:29:47.354 E/LoadedApk(26906): 	at android.app.ContextImpl.createAppContext(ContextImpl.java:2475)
09-01 10:29:47.354 E/LoadedApk(26906): 	at android.app.ContextImpl.createAppContext(ContextImpl.java:2467)
09-01 10:29:47.354 E/LoadedApk(26906): 	at android.app.ActivityThread.handleBindApplication(ActivityThread.java:6481)
09-01 10:29:47.354 E/LoadedApk(26906): 	at android.app.ActivityThread.access$1500(ActivityThread.java:235)
09-01 10:29:47.354 E/LoadedApk(26906): 	at android.app.ActivityThread$H.handleMessage(ActivityThread.java:1916)
09-01 10:29:47.354 E/LoadedApk(26906): 	at android.os.Handler.dispatchMessage(Handler.java:107)
09-01 10:29:47.354 E/LoadedApk(26906): 	at android.os.Looper.loop(Looper.java:225)
09-01 10:29:47.354 E/LoadedApk(26906): 	at android.app.ActivityThread.main(ActivityThread.java:7563)
09-01 10:29:47.354 E/LoadedApk(26906): 	at java.lang.reflect.Method.invoke(Native Method)
09-01 10:29:47.354 E/LoadedApk(26906): 	at com.android.internal.os.RuntimeInit$MethodAndArgsCaller.run(RuntimeInit.java:539)
09-01 10:29:47.354 E/LoadedApk(26906): 	at com.android.internal.os.ZygoteInit.main(ZygoteInit.java:994)
09-01 10:29:47.386 E/ActivityThread(26793): Failed to find provider info for com.miui.miwallpaper.resource.wallpaper
09-01 10:29:49.647 W/ActivityManager( 1188): Unable to start service Intent { act=com.android.downloads_ui.service.DataLimitService pkg=com.android.providers.downloads.ui } U=0: not found
09-01 10:29:49.647 W/ActivityManager( 1188): Unable to start service Intent { act=com.android.downloads_ui.service.DataLimitService pkg=com.android.providers.downloads.ui } U=0: not found
09-01 10:29:51.453 W/SystemConfig(26906): No directory /product/etc/sysconfig, skipping
09-01 10:29:51.485 W/SystemConfig(26906): No directory /product_services/etc/sysconfig, skipping
09-01 10:29:51.485 W/SystemConfig(26906): No directory /product_services/etc/permissions, skipping
09-01 10:29:52.122 W/BpBinder(26906): Slow Binder: BpBinder transact took 845 ms, interface=android.content.IContentProvider, code=21 oneway=false
09-01 10:29:54.859 W/ActivityManager( 1188): Background start not allowed: service Intent { cmp=com.android.thememanager/com.xiaomi.mipush.sdk.PushMessageHandler } to com.android.thememanager/com.xiaomi.mipush.sdk.PushMessageHandler from pid=26793 uid=9801 pkg=com.android.thememanager startFg?=false
09-01 10:29:54.927 W/ActivityManager( 1188): Background start not allowed: service Intent { cmp=com.android.thememanager/com.xiaomi.mipush.sdk.MessageHandleService } to com.android.thememanager/com.xiaomi.mipush.sdk.MessageHandleService from pid=26793 uid=9801 pkg=com.android.thememanager startFg?=false
09-01 10:29:57.272 W/vold    (  401): Failed to open /mnt/vendor/protect_f: Permission denied
09-01 10:29:57.273 W/vold    (  401): Failed to open /mnt/vendor/protect_s: Permission denied
09-01 10:29:57.273 W/vold    (  401): Failed to open /mnt/vendor/nvdata: Permission denied
09-01 10:29:57.273 W/vold    (  401): Failed to open /mnt/vendor/nvcfg: Permission denied
09-01 10:29:57.273 W/vold    (  401): Failed to open /mnt/vendor/persist: Permission denied
09-01 10:30:15.044 W/BpBinder( 1188): Slow Binder: BpBinder transact took 16576 ms, interface=android.os.IInstalld, code=14 oneway=false
09-01 10:30:22.990 W/BpBinder( 1188): Slow Binder: BpBinder transact took 359 ms, interface=android.os.IInstalld, code=14 oneway=false
09-01 10:30:23.264 W/BpBinder( 1188): Slow Binder: BpBinder transact took 266 ms, interface=android.os.IInstalld, code=14 oneway=false
09-01 10:30:23.625 W/BpBinder( 1188): Slow Binder: BpBinder transact took 359 ms, interface=android.os.IInstalld, code=14 oneway=false
09-01 10:30:23.992 W/BpBinder( 1188): Slow Binder: BpBinder transact took 364 ms, interface=android.os.IInstalld, code=14 oneway=false
09-01 10:30:24.348 W/BpBinder( 1188): Slow Binder: BpBinder transact took 352 ms, interface=android.os.IInstalld, code=14 oneway=false
09-01 10:30:24.706 W/BpBinder( 1188): Slow Binder: BpBinder transact took 351 ms, interface=android.os.IInstalld, code=14 oneway=false
09-01 10:30:25.062 W/BpBinder( 1188): Slow Binder: BpBinder transact took 354 ms, interface=android.os.IInstalld, code=14 oneway=false
09-01 10:30:25.433 W/BpBinder( 1188): Slow Binder: BpBinder transact took 364 ms, interface=android.os.IInstalld, code=14 oneway=false
09-01 10:41:14.681 E/BatteryExternalStatsWorker( 1188): no controller energy info supplied for bluetooth
09-01 10:49:46.698 E/AppIdleHistory( 1188): Error writing app idle file for user 0
09-01 10:50:06.450 E/BatteryExternalStatsWorker( 1188): no controller energy info supplied for bluetooth
09-01 10:50:06.630 E/BatteryExternalStatsWorker( 1188): no controller energy info supplied for bluetooth
09-01 11:00:00.880 E/BatteryExternalStatsWorker( 1188): no controller energy info supplied for bluetooth
09-01 11:00:01.100 E/BatteryExternalStatsWorker( 1188): no controller energy info supplied for bluetooth
09-01 11:11:14.818 E/BatteryExternalStatsWorker( 1188): no controller energy info supplied for bluetooth
09-01 11:20:06.455 E/BatteryExternalStatsWorker( 1188): no controller energy info supplied for bluetooth
09-01 11:20:06.602 E/BatteryExternalStatsWorker( 1188): no controller energy info supplied for bluetooth
09-01 11:29:10.408 E/AppIdleHistory( 1188): Error writing app idle file for user 0
09-01 11:38:33.409 W/BaseMiuiPhoneWindowManager( 1188): keyCode:26 down:true eventTime:226646523 downTime:226646523 policyFlags:2000000 flags:8 deviceId:4 isScreenOn:false keyguardActive:true repeatCount:0
09-01 11:38:33.410 E/systemui_boost( 1188): render-thread tid = 0, do not boost
09-01 11:38:33.424 W/UsageStatsService( 1188): Event reported without a package name, eventType:15
09-01 11:38:33.427 W/KeyguardViewMediator( 1415): notifyScreenOn
09-01 11:38:33.427 W/KeyguardViewMediator( 1415): handleNotifyScreenTurningOn
09-01 11:38:33.427 W/KeyguardViewMediator( 1415): notifyDrawn
09-01 11:38:33.453 E/miui_face( 1415): start face unlock  fail:;isSupportFaceUnlock=true;isFaceFeatureEnabled=true;hasEnrolledFaces=false;isFaceUnlockApplyForKeyguard=false;isOwnerUser=true
09-01 11:38:33.459 W/WindowManager( 1188): Setting mKeyguardDrawComplete
09-01 11:38:33.512 E/BatteryExternalStatsWorker( 1188): no controller energy info supplied for bluetooth
09-01 11:38:33.535 W/WindowManager( 1188): Setting mWindowManagerDrawComplete
09-01 11:38:33.544 W/BaseMiuiPhoneWindowManager( 1188): keyCode:26 down:false eventTime:226646659 downTime:226646523 policyFlags:22000000 flags:8 deviceId:4 isScreenOn:true keyguardActive:true repeatCount:0
09-01 11:38:33.709 W/BpBinder( 1188): Slow Binder: BpBinder transact took 273 ms, interface=android.ui.ISurfaceComposer, code=19 oneway=false
09-01 11:38:33.710 W/PowerManagerService( 1188): Screen on took 303 ms
09-01 11:38:33.726 W/BpBinder( 1415): Slow Binder: BpBinder transact took 249 ms, interface=android.gui.IGraphicBufferProducer, code=2 oneway=false
09-01 11:38:33.992 E/BatteryExternalStatsWorker( 1188): no controller energy info supplied for bluetooth
09-01 11:38:34.251 W/MiuiPerfServiceClient( 2322): interceptAndQueuing:1415|com.android.systemui|264|210|unknown|null|StatusBar|226646899996969|Slow issue draw commands|4
09-01 11:38:34.293 W/miui_keyguard( 1415): unlock keyguard by none
09-01 11:38:34.392 W/UsageStatsService( 1188): Event reported without a package name, eventType:18
09-01 11:38:34.442 W/BroadcastQueue( 1188): Background execution not allowed: receiving Intent { act=android.intent.action.USER_PRESENT flg=0x24200010 } to com.miui.voiceassist/com.xiaomi.voiceassistant.voiceTrigger.adapter.BootupReceiver
09-01 11:38:34.442 W/BroadcastQueue( 1188): Background execution not allowed: receiving Intent { act=android.intent.action.USER_PRESENT flg=0x24200010 } to cn.rongcloud.chatroomdemo/io.rong.push.rongpush.PushReceiver
09-01 11:38:34.443 W/BroadcastQueue( 1188): Background execution not allowed: receiving Intent { act=android.intent.action.USER_PRESENT flg=0x24200010 } to com.example.textprivatecloudapp3/io.rong.push.rongpush.PushReceiver
09-01 11:38:34.589 W/Looper  ( 1188): Slow dispatch took 152ms main h=android.app.ActivityThread$H c=android.app.-$$Lambda$LoadedApk$ReceiverDispatcher$Args$_BumDX2UKsnxLVrE6UJsJZkotuA@47459ff m=0
09-01 11:38:34.769 E/ActivityThread(26670): Failed to find provider info for com.miui.whetstone
09-01 11:38:34.920 E/BatteryExternalStatsWorker( 1188): no controller energy info supplied for bluetooth
09-01 11:38:35.041 W/MiuiPerfServiceClient( 2322): interceptAndQueuing:1415|com.android.systemui|532|109|unknown|null|StatusBar|226648020500738|Slow main thread|15
09-01 11:38:36.007 W/ActivityTaskManager( 1188): Finishing task with all activities already finished
09-01 11:38:36.007 W/ActivityTaskManager( 1188): Duplicate finish request for ActivityRecord{330dc6e u0 com.android.settings/.Settings$UsbDetailsActivity t360 f}
09-01 11:38:36.038 W/AdbDebuggingManager( 1188): Read failed with count -1
09-01 11:38:36.038 E/AdbDebuggingManager( 1188): Caught an exception opening the socket: java.io.IOException: Connection refused
09-01 11:38:36.224 W/Looper  ( 1188): Slow dispatch took 257ms android.fg h=com.android.server.usb.UsbDeviceManager$UsbHandlerLegacy c=null m=2
09-01 11:38:48.671 E/AppOps  ( 1188): checkOperation
09-01 11:38:48.671 E/AppOps  ( 1188): java.lang.SecurityException: Specified package com.android.quicksearchbox under uid -89945 but it is really 10055
09-01 11:38:48.671 E/AppOps  ( 1188): 	at com.android.server.appop.AppOpsService.verifyAndGetIsPrivileged(AppOpsService.java:2825)
09-01 11:38:48.671 E/AppOps  ( 1188): 	at com.android.server.appop.AppOpsService.checkOperationUnchecked(AppOpsService.java:1899)
09-01 11:38:48.671 E/AppOps  ( 1188): 	at com.android.server.appop.AppOpsService.checkOperationUnchecked(AppOpsService.java:1881)
09-01 11:38:48.671 E/AppOps  ( 1188): 	at com.android.server.appop.AppOpsService.checkOperationImpl(AppOpsService.java:1866)
09-01 11:38:48.671 E/AppOps  ( 1188): 	at com.android.server.appop.AppOpsService.checkOperationInternal(AppOpsService.java:1845)
09-01 11:38:48.671 E/AppOps  ( 1188): 	at com.android.server.appop.AppOpsService.checkOperation(AppOpsService.java:1836)
09-01 11:38:48.671 E/AppOps  ( 1188): 	at com.android.server.am.AutoStartManagerService.canRestartServiceLocked(AutoStartManagerService.java:141)
09-01 11:38:48.671 E/AppOps  ( 1188): 	at com.android.server.am.AutoStartManagerService.canRestartServiceLocked(AutoStartManagerService.java:130)
09-01 11:38:48.671 E/AppOps  ( 1188): 	at com.android.server.am.AutoStartManagerService.signalStopProcessesLocked(AutoStartManagerService.java:154)
09-01 11:38:48.671 E/AppOps  ( 1188): 	at com.android.server.am.ProcessList.killPackageProcessesLocked(ProcessList.java:2313)
09-01 11:38:48.671 E/AppOps  ( 1188): 	at com.android.server.am.ActivityManagerService.forceStopPackageLocked(ActivityManagerService.java:4861)
09-01 11:38:48.671 E/AppOps  ( 1188): 	at com.android.server.am.ActivityManagerService$MainHandler.handleMessage(ActivityManagerService.java:1810)
09-01 11:38:48.671 E/AppOps  ( 1188): 	at android.os.Handler.dispatchMessage(Handler.java:107)
09-01 11:38:48.671 E/AppOps  ( 1188): 	at android.os.Looper.loop(Looper.java:225)
09-01 11:38:48.671 E/AppOps  ( 1188): 	at android.os.HandlerThread.run(HandlerThread.java:67)
09-01 11:38:48.671 E/AppOps  ( 1188): 	at com.android.server.ServiceThread.run(ServiceThread.java:45)
09-01 11:38:51.525 W/BpBinder( 1188): Slow Binder: BpBinder transact took 2839 ms, interface=android.os.IInstalld, code=14 oneway=false
09-01 11:38:51.527 W/Looper  ( 1188): Slow Looper PackageManager: Long Msg: seq=662 plan=11:38:48.257  late=1ms wall=3269ms running=354ms runnable=1ms io=32ms h=com.android.server.pm.PackageManagerService$PackageHandler c=com.android.server.pm.-$$Lambda$PackageManagerService$S4WxZjKnT0iu1kmEXSrs7BiizN4
09-01 11:38:51.527 W/PackageManager( 1188): Cannot whitelist unknown permission: android.permission.MANAGE_EXTERNAL_STORAGE
09-01 11:38:51.528 W/PackageManager( 1188): Cannot whitelist unknown permission: com.miui.personalassistant.permission.BROADCAST_FAVORITE
09-01 11:38:51.528 W/PackageManager( 1188): Cannot whitelist unknown permission: com.xiaomi.market.sdk.UPDATE
09-01 11:38:51.528 W/PackageManager( 1188): Cannot whitelist unknown permission: miui.permission.MIUI_FREEFORM_WINDOW
09-01 11:38:51.528 W/PackageManager( 1188): Cannot whitelist unknown permission: com.miui.permission.REGION_SAMPLING
09-01 11:38:51.598 W/BroadcastQueue( 1188): Background execution not allowed: receiving Intent { act=android.intent.action.PACKAGE_REMOVED dat=package:com.android.quicksearchbox flg=0x4000010 (has extras) } to com.lbe.security.miui/com.lbe.security.service.BootReceiver
09-01 11:38:51.598 W/BroadcastQueue( 1188): Background execution not allowed: receiving Intent { act=android.intent.action.PACKAGE_REMOVED dat=package:com.android.quicksearchbox flg=0x4000010 (has extras) } to com.android.providers.downloads/.receiver.ApplicationInstallReceiver
09-01 11:38:51.599 W/BroadcastQueue( 1188): Background execution not allowed: receiving Intent { act=android.intent.action.PACKAGE_REMOVED dat=package:com.android.quicksearchbox flg=0x4000010 (has extras) } to com.android.settings/.search.provider.UpdateReceiver
09-01 11:38:51.599 W/BroadcastQueue( 1188): Background execution not allowed: receiving Intent { act=android.intent.action.PACKAGE_REMOVED dat=package:com.android.quicksearchbox flg=0x4000010 (has extras) } to com.miui.audioeffect/com.android.musicfx.Compatibility$Receiver
09-01 11:38:51.603 W/BroadcastQueue( 1188): Background execution not allowed: receiving Intent { act=android.intent.action.PACKAGE_REMOVED dat=package:com.android.quicksearchbox flg=0x4000010 (has extras) } to com.xiaomi.market/.receiver.MyPackageMonitor
09-01 11:38:51.604 W/BroadcastQueue( 1188): Background execution not allowed: receiving Intent { act=android.intent.action.PACKAGE_REMOVED dat=package:com.android.quicksearchbox flg=0x4000010 (has extras) } to com.xiaomi.misettings/.usagestats.AppTimerReceiver
09-01 11:38:51.728 W/BroadcastQueue( 1188): Background execution not allowed: receiving Intent { act=android.intent.action.PACKAGE_ADDED dat=package:com.android.quicksearchbox flg=0x4000010 (has extras) } to com.lbe.security.miui/com.lbe.security.service.BootReceiver
09-01 11:38:51.731 W/ActivityManager( 1188): Slow operation: 120ms so far, now at startProcess: done updating battery stats
09-01 11:38:51.734 W/ActivityManager( 1188): Slow operation: 123ms so far, now at startProcess: building log message
09-01 11:38:51.734 W/ActivityManager( 1188): Slow operation: 123ms so far, now at startProcess: starting to update pids map
09-01 11:38:51.740 W/ActivityManager( 1188): Slow operation: 129ms so far, now at startProcess: done updating pids map
09-01 11:38:51.769 W/BroadcastQueue( 1188): Background execution not allowed: receiving Intent { act=android.intent.action.PACKAGE_ADDED dat=package:com.android.quicksearchbox flg=0x4000010 (has extras) } to com.android.providers.downloads/.receiver.ApplicationInstallReceiver
09-01 11:38:51.777 W/Looper  ( 1188): Slow dispatch took 114ms android.fg h=android.os.Handler c=<recycled PooledLambda@bdcdb6d> m=0
09-01 11:38:51.805 W/BroadcastQueue( 1188): Background execution not allowed: receiving Intent { act=android.intent.action.PACKAGE_ADDED dat=package:com.android.quicksearchbox flg=0x4000010 (has extras) } to com.android.settings/.search.provider.UpdateReceiver
09-01 11:38:51.815 W/BroadcastQueue( 1188): Background execution not allowed: receiving Intent { act=android.intent.action.PACKAGE_ADDED dat=package:com.android.quicksearchbox flg=0x4000010 (has extras) } to com.miui.audioeffect/com.android.musicfx.Compatibility$Receiver
09-01 11:38:51.816 E/AppOps  ( 1188): Cannot setMode
09-01 11:38:51.816 E/AppOps  ( 1188): java.lang.SecurityException: Specified package com.android.quicksearchbox under uid -1 but it is really 10055
09-01 11:38:51.816 E/AppOps  ( 1188): 	at com.android.server.appop.AppOpsService.verifyAndGetIsPrivileged(AppOpsService.java:2825)
09-01 11:38:51.816 E/AppOps  ( 1188): 	at com.android.server.appop.AppOpsService.setMode(AppOpsService.java:1489)
09-01 11:38:51.816 E/AppOps  ( 1188): 	at com.android.internal.app.IAppOpsService$Stub.onTransact(IAppOpsService.java:708)
09-01 11:38:51.816 E/AppOps  ( 1188): 	at android.os.Binder.execTransactInternal(Binder.java:1021)
09-01 11:38:51.816 E/AppOps  ( 1188): 	at android.os.Binder.execTransact(Binder.java:994)
09-01 11:38:51.826 E/AppOps  ( 1188): Cannot setMode
09-01 11:38:51.826 E/AppOps  ( 1188): java.lang.SecurityException: Specified package com.android.quicksearchbox under uid -1 but it is really 10055
09-01 11:38:51.826 E/AppOps  ( 1188): 	at com.android.server.appop.AppOpsService.verifyAndGetIsPrivileged(AppOpsService.java:2825)
09-01 11:38:51.826 E/AppOps  ( 1188): 	at com.android.server.appop.AppOpsService.setMode(AppOpsService.java:1489)
09-01 11:38:51.826 E/AppOps  ( 1188): 	at com.android.internal.app.IAppOpsService$Stub.onTransact(IAppOpsService.java:708)
09-01 11:38:51.826 E/AppOps  ( 1188): 	at android.os.Binder.execTransactInternal(Binder.java:1021)
09-01 11:38:51.826 E/AppOps  ( 1188): 	at android.os.Binder.execTransact(Binder.java:994)
09-01 11:38:51.832 W/BroadcastQueue( 1188): Background execution not allowed: receiving Intent { act=android.intent.action.PACKAGE_ADDED dat=package:com.android.quicksearchbox flg=0x4000010 (has extras) } to com.sohu.inputmethod.sogou.xiaomi/com.sohu.inputmethod.flx.dynamic.tools.download.InstallFinishReceiver
09-01 11:38:51.833 W/BroadcastQueue( 1188): Background execution not allowed: receiving Intent { act=android.intent.action.PACKAGE_ADDED dat=package:com.android.quicksearchbox flg=0x4000010 (has extras) } to com.xiaomi.market/.receiver.MyPackageMonitor
09-01 11:38:51.835 E/AppOps  ( 1188): Cannot setMode
09-01 11:38:51.835 E/AppOps  ( 1188): java.lang.SecurityException: Specified package com.android.quicksearchbox under uid -1 but it is really 10055
09-01 11:38:51.835 E/AppOps  ( 1188): 	at com.android.server.appop.AppOpsService.verifyAndGetIsPrivileged(AppOpsService.java:2825)
09-01 11:38:51.835 E/AppOps  ( 1188): 	at com.android.server.appop.AppOpsService.setMode(AppOpsService.java:1489)
09-01 11:38:51.835 E/AppOps  ( 1188): 	at com.android.internal.app.IAppOpsService$Stub.onTransact(IAppOpsService.java:708)
09-01 11:38:51.835 E/AppOps  ( 1188): 	at android.os.Binder.execTransactInternal(Binder.java:1021)
09-01 11:38:51.835 E/AppOps  ( 1188): 	at android.os.Binder.execTransact(Binder.java:994)
09-01 11:38:51.848 E/AppOps  ( 1188): Cannot setMode
09-01 11:38:51.848 E/AppOps  ( 1188): java.lang.SecurityException: Specified package com.android.quicksearchbox under uid -1 but it is really 10055
09-01 11:38:51.848 E/AppOps  ( 1188): 	at com.android.server.appop.AppOpsService.verifyAndGetIsPrivileged(AppOpsService.java:2825)
09-01 11:38:51.848 E/AppOps  ( 1188): 	at com.android.server.appop.AppOpsService.setMode(AppOpsService.java:1489)
09-01 11:38:51.848 E/AppOps  ( 1188): 	at com.android.internal.app.IAppOpsService$Stub.onTransact(IAppOpsService.java:708)
09-01 11:38:51.848 E/AppOps  ( 1188): 	at android.os.Binder.execTransactInternal(Binder.java:1021)
09-01 11:38:51.848 E/AppOps  ( 1188): 	at android.os.Binder.execTransact(Binder.java:994)
09-01 11:38:51.851 W/BroadcastQueue( 1188): Background execution not allowed: receiving Intent { act=android.intent.action.PACKAGE_ADDED dat=package:com.android.quicksearchbox flg=0x4000010 (has extras) } to com.xiaomi.misettings/.usagestats.AppTimerReceiver
09-01 11:38:51.853 E/AppOps  ( 1188): Cannot setMode
09-01 11:38:51.853 E/AppOps  ( 1188): java.lang.SecurityException: Specified package com.android.quicksearchbox under uid -1 but it is really 10055
09-01 11:38:51.853 E/AppOps  ( 1188): 	at com.android.server.appop.AppOpsService.verifyAndGetIsPrivileged(AppOpsService.java:2825)
09-01 11:38:51.853 E/AppOps  ( 1188): 	at com.android.server.appop.AppOpsService.setMode(AppOpsService.java:1489)
09-01 11:38:51.853 E/AppOps  ( 1188): 	at com.android.internal.app.IAppOpsService$Stub.onTransact(IAppOpsService.java:708)
09-01 11:38:51.853 E/AppOps  ( 1188): 	at android.os.Binder.execTransactInternal(Binder.java:1021)
09-01 11:38:51.853 E/AppOps  ( 1188): 	at android.os.Binder.execTransact(Binder.java:994)
09-01 11:38:51.857 E/AppOps  ( 1188): Cannot setMode
09-01 11:38:51.857 E/AppOps  ( 1188): java.lang.SecurityException: Specified package com.android.quicksearchbox under uid -1 but it is really 10055
09-01 11:38:51.857 E/AppOps  ( 1188): 	at com.android.server.appop.AppOpsService.verifyAndGetIsPrivileged(AppOpsService.java:2825)
09-01 11:38:51.857 E/AppOps  ( 1188): 	at com.android.server.appop.AppOpsService.setMode(AppOpsService.java:1489)
09-01 11:38:51.857 E/AppOps  ( 1188): 	at com.android.internal.app.IAppOpsService$Stub.onTransact(IAppOpsService.java:708)
09-01 11:38:51.857 E/AppOps  ( 1188): 	at android.os.Binder.execTransactInternal(Binder.java:1021)
09-01 11:38:51.857 E/AppOps  ( 1188): 	at android.os.Binder.execTransact(Binder.java:994)
09-01 11:38:51.858 W/Looper  ( 1188): Slow dispatch took 196ms main h=android.app.ActivityThread$H c=android.app.-$$Lambda$LoadedApk$ReceiverDispatcher$Args$_BumDX2UKsnxLVrE6UJsJZkotuA@6ce34a1 m=0
09-01 11:38:51.860 E/AppOps  ( 1188): Cannot setMode
09-01 11:38:51.860 E/AppOps  ( 1188): java.lang.SecurityException: Specified package com.android.quicksearchbox under uid -1 but it is really 10055
09-01 11:38:51.860 E/AppOps  ( 1188): 	at com.android.server.appop.AppOpsService.verifyAndGetIsPrivileged(AppOpsService.java:2825)
09-01 11:38:51.860 E/AppOps  ( 1188): 	at com.android.server.appop.AppOpsService.setMode(AppOpsService.java:1489)
09-01 11:38:51.860 E/AppOps  ( 1188): 	at com.android.internal.app.IAppOpsService$Stub.onTransact(IAppOpsService.java:708)
09-01 11:38:51.860 E/AppOps  ( 1188): 	at android.os.Binder.execTransactInternal(Binder.java:1021)
09-01 11:38:51.860 E/AppOps  ( 1188): 	at android.os.Binder.execTransact(Binder.java:994)
09-01 11:38:51.865 E/AppOps  ( 1188): Cannot setMode
09-01 11:38:51.865 E/AppOps  ( 1188): java.lang.SecurityException: Specified package com.android.quicksearchbox under uid -1 but it is really 10055
09-01 11:38:51.865 E/AppOps  ( 1188): 	at com.android.server.appop.AppOpsService.verifyAndGetIsPrivileged(AppOpsService.java:2825)
09-01 11:38:51.865 E/AppOps  ( 1188): 	at com.android.server.appop.AppOpsService.setMode(AppOpsService.java:1489)
09-01 11:38:51.865 E/AppOps  ( 1188): 	at com.android.internal.app.IAppOpsService$Stub.onTransact(IAppOpsService.java:708)
09-01 11:38:51.865 E/AppOps  ( 1188): 	at android.os.Binder.execTransactInternal(Binder.java:1021)
09-01 11:38:51.865 E/AppOps  ( 1188): 	at android.os.Binder.execTransact(Binder.java:994)
09-01 11:38:51.878 E/AppOps  ( 1188): Cannot setMode
09-01 11:38:51.878 E/AppOps  ( 1188): java.lang.SecurityException: Specified package com.android.quicksearchbox under uid -1 but it is really 10055
09-01 11:38:51.878 E/AppOps  ( 1188): 	at com.android.server.appop.AppOpsService.verifyAndGetIsPrivileged(AppOpsService.java:2825)
09-01 11:38:51.878 E/AppOps  ( 1188): 	at com.android.server.appop.AppOpsService.setMode(AppOpsService.java:1489)
09-01 11:38:51.878 E/AppOps  ( 1188): 	at com.android.internal.app.IAppOpsService$Stub.onTransact(IAppOpsService.java:708)
09-01 11:38:51.878 E/AppOps  ( 1188): 	at android.os.Binder.execTransactInternal(Binder.java:1021)
09-01 11:38:51.878 E/AppOps  ( 1188): 	at android.os.Binder.execTransact(Binder.java:994)
09-01 11:38:51.884 E/AppOps  ( 1188): Cannot setMode
09-01 11:38:51.884 E/AppOps  ( 1188): java.lang.SecurityException: Specified package com.android.quicksearchbox under uid -1 but it is really 10055
09-01 11:38:51.884 E/AppOps  ( 1188): 	at com.android.server.appop.AppOpsService.verifyAndGetIsPrivileged(AppOpsService.java:2825)
09-01 11:38:51.884 E/AppOps  ( 1188): 	at com.android.server.appop.AppOpsService.setMode(AppOpsService.java:1489)
09-01 11:38:51.884 E/AppOps  ( 1188): 	at com.android.internal.app.IAppOpsService$Stub.onTransact(IAppOpsService.java:708)
09-01 11:38:51.884 E/AppOps  ( 1188): 	at android.os.Binder.execTransactInternal(Binder.java:1021)
09-01 11:38:51.884 E/AppOps  ( 1188): 	at android.os.Binder.execTransact(Binder.java:994)
09-01 11:38:51.890 E/AppOps  ( 1188): Cannot setMode
09-01 11:38:51.890 E/AppOps  ( 1188): java.lang.SecurityException: Specified package com.android.quicksearchbox under uid -1 but it is really 10055
09-01 11:38:51.890 E/AppOps  ( 1188): 	at com.android.server.appop.AppOpsService.verifyAndGetIsPrivileged(AppOpsService.java:2825)
09-01 11:38:51.890 E/AppOps  ( 1188): 	at com.android.server.appop.AppOpsService.setMode(AppOpsService.java:1489)
09-01 11:38:51.890 E/AppOps  ( 1188): 	at com.android.internal.app.IAppOpsService$Stub.onTransact(IAppOpsService.java:708)
09-01 11:38:51.890 E/AppOps  ( 1188): 	at android.os.Binder.execTransactInternal(Binder.java:1021)
09-01 11:38:51.890 E/AppOps  ( 1188): 	at android.os.Binder.execTransact(Binder.java:994)
09-01 11:38:51.901 E/AppOps  ( 1188): Cannot setMode
09-01 11:38:51.901 E/AppOps  ( 1188): java.lang.SecurityException: Specified package com.android.quicksearchbox under uid -1 but it is really 10055
09-01 11:38:51.901 E/AppOps  ( 1188): 	at com.android.server.appop.AppOpsService.verifyAndGetIsPrivileged(AppOpsService.java:2825)
09-01 11:38:51.901 E/AppOps  ( 1188): 	at com.android.server.appop.AppOpsService.setMode(AppOpsService.java:1489)
09-01 11:38:51.901 E/AppOps  ( 1188): 	at com.android.internal.app.IAppOpsService$Stub.onTransact(IAppOpsService.java:708)
09-01 11:38:51.901 E/AppOps  ( 1188): 	at android.os.Binder.execTransactInternal(Binder.java:1021)
09-01 11:38:51.901 E/AppOps  ( 1188): 	at android.os.Binder.execTransact(Binder.java:994)
09-01 11:38:51.907 W/Looper  ( 1188): Slow delivery took 234ms main h=com.android.server.notification.NotificationManagerService$WorkerHandler c=com.android.server.notification.NotificationManagerService$CancelNotificationRunnable@e9f038 m=0
09-01 11:38:51.911 E/AppOps  ( 1188): Cannot setMode
09-01 11:38:51.911 E/AppOps  ( 1188): java.lang.SecurityException: Specified package com.android.quicksearchbox under uid -1 but it is really 10055
09-01 11:38:51.911 E/AppOps  ( 1188): 	at com.android.server.appop.AppOpsService.verifyAndGetIsPrivileged(AppOpsService.java:2825)
09-01 11:38:51.911 E/AppOps  ( 1188): 	at com.android.server.appop.AppOpsService.setMode(AppOpsService.java:1489)
09-01 11:38:51.911 E/AppOps  ( 1188): 	at com.android.internal.app.IAppOpsService$Stub.onTransact(IAppOpsService.java:708)
09-01 11:38:51.911 E/AppOps  ( 1188): 	at android.os.Binder.execTransactInternal(Binder.java:1021)
09-01 11:38:51.911 E/AppOps  ( 1188): 	at android.os.Binder.execTransact(Binder.java:994)
09-01 11:38:51.914 E/AppOps  ( 1188): Cannot setMode
09-01 11:38:51.914 E/AppOps  ( 1188): java.lang.SecurityException: Specified package com.android.quicksearchbox under uid -1 but it is really 10055
09-01 11:38:51.914 E/AppOps  ( 1188): 	at com.android.server.appop.AppOpsService.verifyAndGetIsPrivileged(AppOpsService.java:2825)
09-01 11:38:51.914 E/AppOps  ( 1188): 	at com.android.server.appop.AppOpsService.setMode(AppOpsService.java:1489)
09-01 11:38:51.914 E/AppOps  ( 1188): 	at com.android.internal.app.IAppOpsService$Stub.onTransact(IAppOpsService.java:708)
09-01 11:38:51.914 E/AppOps  ( 1188): 	at android.os.Binder.execTransactInternal(Binder.java:1021)
09-01 11:38:51.914 E/AppOps  ( 1188): 	at android.os.Binder.execTransact(Binder.java:994)
09-01 11:38:51.918 E/AppOps  ( 1188): Cannot setMode
09-01 11:38:51.918 E/AppOps  ( 1188): java.lang.SecurityException: Specified package com.android.quicksearchbox under uid -1 but it is really 10055
09-01 11:38:51.918 E/AppOps  ( 1188): 	at com.android.server.appop.AppOpsService.verifyAndGetIsPrivileged(AppOpsService.java:2825)
09-01 11:38:51.918 E/AppOps  ( 1188): 	at com.android.server.appop.AppOpsService.setMode(AppOpsService.java:1489)
09-01 11:38:51.918 E/AppOps  ( 1188): 	at com.android.internal.app.IAppOpsService$Stub.onTransact(IAppOpsService.java:708)
09-01 11:38:51.918 E/AppOps  ( 1188): 	at android.os.Binder.execTransactInternal(Binder.java:1021)
09-01 11:38:51.918 E/AppOps  ( 1188): 	at android.os.Binder.execTransact(Binder.java:994)
09-01 11:38:51.924 E/AppOps  ( 1188): Cannot setMode
09-01 11:38:51.924 E/AppOps  ( 1188): java.lang.SecurityException: Specified package com.android.quicksearchbox under uid -1 but it is really 10055
09-01 11:38:51.924 E/AppOps  ( 1188): 	at com.android.server.appop.AppOpsService.verifyAndGetIsPrivileged(AppOpsService.java:2825)
09-01 11:38:51.924 E/AppOps  ( 1188): 	at com.android.server.appop.AppOpsService.setMode(AppOpsService.java:1489)
09-01 11:38:51.924 E/AppOps  ( 1188): 	at com.android.internal.app.IAppOpsService$Stub.onTransact(IAppOpsService.java:708)
09-01 11:38:51.924 E/AppOps  ( 1188): 	at android.os.Binder.execTransactInternal(Binder.java:1021)
09-01 11:38:51.924 E/AppOps  ( 1188): 	at android.os.Binder.execTransact(Binder.java:994)
09-01 11:38:51.927 E/AppOps  ( 1188): Cannot setMode
09-01 11:38:51.927 E/AppOps  ( 1188): java.lang.SecurityException: Specified package com.android.quicksearchbox under uid -1 but it is really 10055
09-01 11:38:51.927 E/AppOps  ( 1188): 	at com.android.server.appop.AppOpsService.verifyAndGetIsPrivileged(AppOpsService.java:2825)
09-01 11:38:51.927 E/AppOps  ( 1188): 	at com.android.server.appop.AppOpsService.setMode(AppOpsService.java:1489)
09-01 11:38:51.927 E/AppOps  ( 1188): 	at com.android.internal.app.IAppOpsService$Stub.onTransact(IAppOpsService.java:708)
09-01 11:38:51.927 E/AppOps  ( 1188): 	at android.os.Binder.execTransactInternal(Binder.java:1021)
09-01 11:38:51.927 E/AppOps  ( 1188): 	at android.os.Binder.execTransact(Binder.java:994)
09-01 11:38:51.940 E/AppOps  ( 1188): Cannot setMode
09-01 11:38:51.940 E/AppOps  ( 1188): java.lang.SecurityException: Specified package com.android.quicksearchbox under uid -1 but it is really 10055
09-01 11:38:51.940 E/AppOps  ( 1188): 	at com.android.server.appop.AppOpsService.verifyAndGetIsPrivileged(AppOpsService.java:2825)
09-01 11:38:51.940 E/AppOps  ( 1188): 	at com.android.server.appop.AppOpsService.setMode(AppOpsService.java:1489)
09-01 11:38:51.940 E/AppOps  ( 1188): 	at com.android.internal.app.IAppOpsService$Stub.onTransact(IAppOpsService.java:708)
09-01 11:38:51.940 E/AppOps  ( 1188): 	at android.os.Binder.execTransactInternal(Binder.java:1021)
09-01 11:38:51.940 E/AppOps  ( 1188): 	at android.os.Binder.execTransact(Binder.java:994)
09-01 11:38:52.041 W/Looper  ( 1188): Slow dispatch took 115ms android.fg h=android.os.Handler c=<recycled PooledLambda@12d9422> m=0
09-01 11:38:52.068 W/Looper  ( 1188): Slow delivery took 271ms android.fg h=android.os.Handler c=<recycled PooledLambda@208dd5e> m=0
09-01 11:38:52.070 W/BpBinder(26906): Slow Binder: BpBinder transact took 301 ms, interface=android.content.IContentProvider, code=10 oneway=false
09-01 11:38:52.178 E/LoadedApk(27799): Unable to instantiate appComponentFactory
09-01 11:38:52.178 E/LoadedApk(27799): java.lang.ClassNotFoundException: Didn't find class "androidx.core.app.CoreComponentFactory" on path: DexPathList[[zip file "/data/app/com.miui.cloudservice-ZYIlVymIUrZi4JnssHoaFg==/base.apk"],nativeLibraryDirectories=[/data/app/com.miui.cloudservice-ZYIlVymIUrZi4JnssHoaFg==/lib/arm, /data/app/com.miui.cloudservice-ZYIlVymIUrZi4JnssHoaFg==/base.apk!/lib/armeabi-v7a, /system/priv-app/RtMiCloudSDK/RtMiCloudSDK.apk!/lib/armeabi-v7a, /system/lib, /product/lib]]
09-01 11:38:52.178 E/LoadedApk(27799): 	at dalvik.system.BaseDexClassLoader.findClass(BaseDexClassLoader.java:230)
09-01 11:38:52.178 E/LoadedApk(27799): 	at java.lang.ClassLoader.loadClass(ClassLoader.java:379)
09-01 11:38:52.178 E/LoadedApk(27799): 	at java.lang.ClassLoader.loadClass(ClassLoader.java:312)
09-01 11:38:52.178 E/LoadedApk(27799): 	at android.app.LoadedApk.createAppFactory(LoadedApk.java:258)
09-01 11:38:52.178 E/LoadedApk(27799): 	at android.app.LoadedApk.createOrUpdateClassLoaderLocked(LoadedApk.java:857)
09-01 11:38:52.178 E/LoadedApk(27799): 	at android.app.LoadedApk.getClassLoader(LoadedApk.java:952)
09-01 11:38:52.178 E/LoadedApk(27799): 	at android.app.LoadedApk.getResources(LoadedApk.java:1190)
09-01 11:38:52.178 E/LoadedApk(27799): 	at android.app.ContextImpl.createAppContext(ContextImpl.java:2475)
09-01 11:38:52.178 E/LoadedApk(27799): 	at android.app.ContextImpl.createAppContext(ContextImpl.java:2467)
09-01 11:38:52.178 E/LoadedApk(27799): 	at android.app.ActivityThread.handleBindApplication(ActivityThread.java:6481)
09-01 11:38:52.178 E/LoadedApk(27799): 	at android.app.ActivityThread.access$1500(ActivityThread.java:235)
09-01 11:38:52.178 E/LoadedApk(27799): 	at android.app.ActivityThread$H.handleMessage(ActivityThread.java:1916)
09-01 11:38:52.178 E/LoadedApk(27799): 	at android.os.Handler.dispatchMessage(Handler.java:107)
09-01 11:38:52.178 E/LoadedApk(27799): 	at android.os.Looper.loop(Looper.java:225)
09-01 11:38:52.178 E/LoadedApk(27799): 	at android.app.ActivityThread.main(ActivityThread.java:7563)
09-01 11:38:52.178 E/LoadedApk(27799): 	at java.lang.reflect.Method.invoke(Native Method)
09-01 11:38:52.178 E/LoadedApk(27799): 	at com.android.internal.os.RuntimeInit$MethodAndArgsCaller.run(RuntimeInit.java:539)
09-01 11:38:52.178 E/LoadedApk(27799): 	at com.android.internal.os.ZygoteInit.main(ZygoteInit.java:994)
09-01 11:38:52.183 W/TextServicesManagerService( 1188): no available spell checker services found
09-01 11:38:52.190 W/Looper  ( 1188): Slow dispatch took 282ms main h=android.app.ActivityThread$H c=android.app.-$$Lambda$LoadedApk$ReceiverDispatcher$Args$_BumDX2UKsnxLVrE6UJsJZkotuA@6c169e0 m=0
09-01 11:38:52.325 W/Looper  ( 1188): Drained
09-01 11:38:52.330 W/Looper  ( 1188): Drained
09-01 11:38:52.400 W/SystemConfig(27782): No directory /product/etc/sysconfig, skipping
09-01 11:38:52.409 W/SystemConfig(27782): No directory /product_services/etc/sysconfig, skipping
09-01 11:38:52.409 W/SystemConfig(27782): No directory /product_services/etc/permissions, skipping
09-01 11:38:52.415 W/SystemConfig(27799): No directory /product/etc/sysconfig, skipping
09-01 11:38:52.427 W/SystemConfig(27799): No directory /product_services/etc/sysconfig, skipping
09-01 11:38:52.428 W/SystemConfig(27799): No directory /product_services/etc/permissions, skipping
09-01 11:38:52.577 W/BroadcastQueue( 1188): Background execution not allowed: receiving Intent { act=android.intent.action.PACKAGE_REPLACED dat=package:com.android.quicksearchbox flg=0x4000010 (has extras) } to com.miui.audioeffect/com.android.musicfx.Compatibility$Receiver
