08-31 17:55:15.710 W/SystemConfig(21801): No directory /product_services/etc/permissions, skipping
08-31 17:55:16.150 W/SystemConfig(21852): No directory /product/etc/sysconfig, skipping
08-31 17:55:16.165 W/SystemConfig(21852): No directory /product_services/etc/sysconfig, skipping
08-31 17:55:16.165 W/SystemConfig(21852): No directory /product_services/etc/permissions, skipping
08-31 17:55:16.175 W/Looper  ( 1188): Slow dispatch took 118ms main h=com.android.server.job.controllers.QuotaController$QcHandler c=null m=3
08-31 17:55:16.368 W/BpBinder( 1415): Slow Binder: BpBinder transact took 1230 ms, interface=android.content.IContentProvider, code=1 oneway=false
08-31 17:55:16.417 W/BpBinder(21623): Slow Binder: BpBinder transact took 1859 ms, interface=android.content.IContentProvider, code=21 oneway=false
08-31 17:55:17.689 W/ActivityManager( 1188): Unable to start service Intent { act=com.android.downloads_ui.service.DataLimitService pkg=com.android.providers.downloads.ui } U=0: not found
08-31 17:55:17.691 W/ActivityManager( 1188): Unable to start service Intent { act=com.android.downloads_ui.service.DataLimitService pkg=com.android.providers.downloads.ui } U=0: not found
08-31 17:55:18.605 W/SystemConfig(21671): No directory /product/etc/sysconfig, skipping
08-31 17:55:18.623 W/SystemConfig(21671): No directory /product_services/etc/sysconfig, skipping
08-31 17:55:18.623 W/SystemConfig(21671): No directory /product_services/etc/permissions, skipping
08-31 17:55:19.133 W/BpBinder(21671): Slow Binder: BpBinder transact took 703 ms, interface=android.content.IContentProvider, code=21 oneway=false
08-31 17:55:24.703 W/vold    (  401): Failed to open /mnt/vendor/protect_f: Permission denied
08-31 17:55:24.703 W/vold    (  401): Failed to open /mnt/vendor/protect_s: Permission denied
08-31 17:55:24.703 W/vold    (  401): Failed to open /mnt/vendor/nvdata: Permission denied
08-31 17:55:24.703 W/vold    (  401): Failed to open /mnt/vendor/nvcfg: Permission denied
08-31 17:55:24.703 W/vold    (  401): Failed to open /mnt/vendor/persist: Permission denied
08-31 17:57:10.996 E/BatteryExternalStatsWorker( 1188): no controller energy info supplied for bluetooth
08-31 17:59:53.810 E/BatteryExternalStatsWorker( 1188): no controller energy info supplied for bluetooth
08-31 17:59:54.031 W/BpBinder( 1415): Slow Binder: BpBinder transact took 230 ms, interface=android.content.IContentProvider, code=21 oneway=false
08-31 18:00:14.175 E/BatteryExternalStatsWorker( 1188): no controller energy info supplied for bluetooth
08-31 18:00:14.421 W/BpBinder( 1415): Slow Binder: BpBinder transact took 255 ms, interface=android.content.IContentProvider, code=21 oneway=false
08-31 18:00:17.647 E/BatteryExternalStatsWorker( 1188): no controller energy info supplied for bluetooth
08-31 18:00:17.877 E/BatteryExternalStatsWorker( 1188): no controller energy info supplied for bluetooth
08-31 18:10:13.874 E/AppIdleHistory( 1188): Error writing app idle file for user 0
08-31 18:10:14.176 E/BatteryExternalStatsWorker( 1188): no controller energy info supplied for bluetooth
08-31 18:10:14.397 W/BpBinder( 1415): Slow Binder: BpBinder transact took 230 ms, interface=android.content.IContentProvider, code=21 oneway=false
08-31 18:10:34.852 E/BatteryExternalStatsWorker( 1188): no controller energy info supplied for bluetooth
08-31 18:10:35.029 E/BatteryExternalStatsWorker( 1188): no controller energy info supplied for bluetooth
08-31 18:20:14.177 E/BatteryExternalStatsWorker( 1188): no controller energy info supplied for bluetooth
08-31 18:20:14.400 W/BpBinder( 1415): Slow Binder: BpBinder transact took 233 ms, interface=android.content.IContentProvider, code=21 oneway=false
08-31 18:27:10.975 E/BatteryExternalStatsWorker( 1188): no controller energy info supplied for bluetooth
08-31 18:27:57.660 W/Looper  ( 1188): Slow dispatch took 160ms main h=android.app.ActivityThread$H c=android.app.-$$Lambda$LoadedApk$ReceiverDispatcher$Args$_BumDX2UKsnxLVrE6UJsJZkotuA@3374cf5 m=0
08-31 18:27:58.191 W/SystemConfig(22335): No directory /product/etc/sysconfig, skipping
08-31 18:27:58.206 W/SystemConfig(22335): No directory /product_services/etc/sysconfig, skipping
08-31 18:27:58.207 W/SystemConfig(22335): No directory /product_services/etc/permissions, skipping
08-31 18:27:58.650 E/ActivityThread( 7995): Failed to find provider info for com.miui.whetstone
08-31 18:28:00.382 E/LoadedApk(22558): Unable to instantiate appComponentFactory
08-31 18:28:00.382 E/LoadedApk(22558): java.lang.ClassNotFoundException: Didn't find class "androidx.core.app.CoreComponentFactory" on path: DexPathList[[zip file "/data/app/com.miui.cloudservice-ZYIlVymIUrZi4JnssHoaFg==/base.apk"],nativeLibraryDirectories=[/data/app/com.miui.cloudservice-ZYIlVymIUrZi4JnssHoaFg==/lib/arm, /data/app/com.miui.cloudservice-ZYIlVymIUrZi4JnssHoaFg==/base.apk!/lib/armeabi-v7a, /system/priv-app/RtMiCloudSDK/RtMiCloudSDK.apk!/lib/armeabi-v7a, /system/lib, /product/lib]]
08-31 18:28:00.382 E/LoadedApk(22558): 	at dalvik.system.BaseDexClassLoader.findClass(BaseDexClassLoader.java:230)
08-31 18:28:00.382 E/LoadedApk(22558): 	at java.lang.ClassLoader.loadClass(ClassLoader.java:379)
08-31 18:28:00.382 E/LoadedApk(22558): 	at java.lang.ClassLoader.loadClass(ClassLoader.java:312)
08-31 18:28:00.382 E/LoadedApk(22558): 	at android.app.LoadedApk.createAppFactory(LoadedApk.java:258)
08-31 18:28:00.382 E/LoadedApk(22558): 	at android.app.LoadedApk.createOrUpdateClassLoaderLocked(LoadedApk.java:857)
08-31 18:28:00.382 E/LoadedApk(22558): 	at android.app.LoadedApk.getClassLoader(LoadedApk.java:952)
08-31 18:28:00.382 E/LoadedApk(22558): 	at android.app.LoadedApk.getResources(LoadedApk.java:1190)
08-31 18:28:00.382 E/LoadedApk(22558): 	at android.app.ContextImpl.createAppContext(ContextImpl.java:2475)
08-31 18:28:00.382 E/LoadedApk(22558): 	at android.app.ContextImpl.createAppContext(ContextImpl.java:2467)
08-31 18:28:00.382 E/LoadedApk(22558): 	at android.app.ActivityThread.handleBindApplication(ActivityThread.java:6481)
08-31 18:28:00.382 E/LoadedApk(22558): 	at android.app.ActivityThread.access$1500(ActivityThread.java:235)
08-31 18:28:00.382 E/LoadedApk(22558): 	at android.app.ActivityThread$H.handleMessage(ActivityThread.java:1916)
08-31 18:28:00.382 E/LoadedApk(22558): 	at android.os.Handler.dispatchMessage(Handler.java:107)
08-31 18:28:00.382 E/LoadedApk(22558): 	at android.os.Looper.loop(Looper.java:225)
08-31 18:28:00.382 E/LoadedApk(22558): 	at android.app.ActivityThread.main(ActivityThread.java:7563)
08-31 18:28:00.382 E/LoadedApk(22558): 	at java.lang.reflect.Method.invoke(Native Method)
08-31 18:28:00.382 E/LoadedApk(22558): 	at com.android.internal.os.RuntimeInit$MethodAndArgsCaller.run(RuntimeInit.java:539)
08-31 18:28:00.382 E/LoadedApk(22558): 	at com.android.internal.os.ZygoteInit.main(ZygoteInit.java:994)
08-31 18:28:00.578 W/SystemConfig(22558): No directory /product/etc/sysconfig, skipping
08-31 18:28:00.595 W/SystemConfig(22558): No directory /product_services/etc/sysconfig, skipping
08-31 18:28:00.595 W/SystemConfig(22558): No directory /product_services/etc/permissions, skipping
08-31 18:28:00.645 W/BpBinder(22322): Slow Binder: BpBinder transact took 460 ms, interface=android.app.IActivityManager, code=20 oneway=false
08-31 18:28:07.095 W/PackageParser( 1188): No actions in intent filter at /data/app/vmdl959643028.tmp/base.apk Binary XML file line #1308
08-31 18:28:07.333 W/PackageManager( 1188): Skipping provider name com.duokan.reader.selfupdate.fileprovider (in package com.duokan.reader): name already used by com.duokan.reader
08-31 18:28:07.662 W/Looper  ( 1188): Slow dispatch took 174ms android.fg h=android.os.Handler c=<recycled PooledLambda@5f6560d> m=0
08-31 18:28:19.309 W/BpBinder( 1188): Slow Binder: BpBinder transact took 11631 ms, interface=android.os.IInstalld, code=14 oneway=false
08-31 18:28:19.311 W/Looper  ( 1188): Slow Looper PackageManager: Long Msg: seq=635 plan=18:28:07.078  late=0ms wall=12232ms running=521ms runnable=9ms io=30ms h=com.android.server.pm.PackageManagerService$PackageHandler c=com.android.server.pm.-$$Lambda$PackageManagerService$S4WxZjKnT0iu1kmEXSrs7BiizN4
08-31 18:28:19.312 W/PackageManager( 1188): Cannot whitelist unknown permission: com.xiaomi.vip.permission.SERVICE
08-31 18:28:19.312 W/PackageManager( 1188): Cannot whitelist unknown permission: com.xiaomi.market.sdk.UPDATE
08-31 18:28:19.312 W/PackageManager( 1188): Cannot whitelist unknown permission: com.asus.msa.SupplementaryDID.ACCESS
08-31 18:28:19.312 W/PackageManager( 1188): Cannot whitelist unknown permission: com.xiaomi.passport.permission.PASSPORT_UI_CONTROLLER_SERVICE
08-31 18:28:19.463 W/BroadcastQueue( 1188): Background execution not allowed: receiving Intent { act=android.intent.action.PACKAGE_REMOVED dat=package:com.duokan.reader flg=0x4000010 (has extras) } to com.lbe.security.miui/com.lbe.security.service.BootReceiver
08-31 18:28:19.464 W/BroadcastQueue( 1188): Background execution not allowed: receiving Intent { act=android.intent.action.PACKAGE_REMOVED dat=package:com.duokan.reader flg=0x4000010 (has extras) } to com.android.providers.downloads/.receiver.ApplicationInstallReceiver
08-31 18:28:19.590 W/BroadcastQueue( 1188): Background execution not allowed: receiving Intent { act=android.intent.action.PACKAGE_REMOVED dat=package:com.duokan.reader flg=0x4000010 (has extras) } to com.android.settings/.search.provider.UpdateReceiver
08-31 18:28:19.647 W/BroadcastQueue( 1188): Background execution not allowed: receiving Intent { act=android.intent.action.PACKAGE_REMOVED dat=package:com.duokan.reader flg=0x4000010 (has extras) } to com.miui.audioeffect/com.android.musicfx.Compatibility$Receiver
08-31 18:28:19.648 W/BroadcastQueue( 1188): Background execution not allowed: receiving Intent { act=android.intent.action.PACKAGE_REMOVED dat=package:com.duokan.reader flg=0x4000010 (has extras) } to com.xiaomi.market/.receiver.MyPackageMonitor
08-31 18:28:19.658 W/Looper  ( 1188): Slow dispatch took 232ms main h=android.app.ActivityThread$H c=android.app.-$$Lambda$LoadedApk$ReceiverDispatcher$Args$_BumDX2UKsnxLVrE6UJsJZkotuA@e301ba3 m=0
08-31 18:28:19.658 W/Looper  ( 1188): Slow delivery took 232ms main h=android.app.ActivityThread$H c=android.app.-$$Lambda$LoadedApk$ReceiverDispatcher$Args$_BumDX2UKsnxLVrE6UJsJZkotuA@5f99ea0 m=0
08-31 18:28:19.663 W/BroadcastQueue( 1188): Background execution not allowed: receiving Intent { act=android.intent.action.PACKAGE_REMOVED dat=package:com.duokan.reader flg=0x4000010 (has extras) } to com.xiaomi.misettings/.usagestats.AppTimerReceiver
08-31 18:28:19.861 W/ActivityManager( 1188): Slow operation: 208ms so far, now at startProcess: done updating battery stats
08-31 18:28:19.868 W/ActivityManager( 1188): Slow operation: 216ms so far, now at startProcess: building log message
08-31 18:28:19.869 W/ActivityManager( 1188): Slow operation: 216ms so far, now at startProcess: starting to update pids map
08-31 18:28:19.869 W/ActivityManager( 1188): Slow operation: 217ms so far, now at startProcess: done updating pids map
08-31 18:28:19.870 W/BroadcastQueue( 1188): Background execution not allowed: receiving Intent { act=android.intent.action.PACKAGE_ADDED dat=package:com.duokan.reader flg=0x4000010 (has extras) } to com.lbe.security.miui/com.lbe.security.service.BootReceiver
08-31 18:28:19.899 W/BroadcastQueue( 1188): Background execution not allowed: receiving Intent { act=android.intent.action.PACKAGE_ADDED dat=package:com.duokan.reader flg=0x4000010 (has extras) } to com.android.providers.downloads/.receiver.ApplicationInstallReceiver
08-31 18:28:19.908 W/BroadcastQueue( 1188): Background execution not allowed: receiving Intent { act=android.intent.action.PACKAGE_ADDED dat=package:com.duokan.reader flg=0x4000010 (has extras) } to com.android.settings/.search.provider.UpdateReceiver
08-31 18:28:19.910 W/BroadcastQueue( 1188): Background execution not allowed: receiving Intent { act=android.intent.action.PACKAGE_ADDED dat=package:com.duokan.reader flg=0x4000010 (has extras) } to com.miui.audioeffect/com.android.musicfx.Compatibility$Receiver
08-31 18:28:19.910 W/BroadcastQueue( 1188): Background execution not allowed: receiving Intent { act=android.intent.action.PACKAGE_ADDED dat=package:com.duokan.reader flg=0x4000010 (has extras) } to com.sohu.inputmethod.sogou.xiaomi/com.sohu.inputmethod.flx.dynamic.tools.download.InstallFinishReceiver
08-31 18:28:19.917 W/BroadcastQueue( 1188): Background execution not allowed: receiving Intent { act=android.intent.action.PACKAGE_ADDED dat=package:com.duokan.reader flg=0x4000010 (has extras) } to com.xiaomi.market/.receiver.MyPackageMonitor
08-31 18:28:19.919 W/BroadcastQueue( 1188): Background execution not allowed: receiving Intent { act=android.intent.action.PACKAGE_ADDED dat=package:com.duokan.reader flg=0x4000010 (has extras) } to com.xiaomi.misettings/.usagestats.AppTimerReceiver
08-31 18:28:19.924 W/Looper  ( 1188): Slow dispatch took 162ms android.fg h=android.os.Handler c=<recycled PooledLambda@a50d46b> m=0
08-31 18:28:19.962 W/BroadcastQueue( 1188): Background execution not allowed: receiving Intent { act=android.intent.action.PACKAGE_REPLACED dat=package:com.duokan.reader flg=0x4000010 (has extras) } to com.miui.audioeffect/com.android.musicfx.Compatibility$Receiver
08-31 18:28:19.976 W/Looper  ( 1188): Slow dispatch took 279ms main h=android.app.ActivityThread$H c=android.app.-$$Lambda$LoadedApk$ReceiverDispatcher$Args$_BumDX2UKsnxLVrE6UJsJZkotuA@4dc2783 m=0
08-31 18:28:19.991 W/Looper  ( 1188): Slow delivery took 260ms android.fg h=android.os.Handler c=<recycled PooledLambda@8d31939> m=0
08-31 18:28:20.102 W/TextServicesManagerService( 1188): no available spell checker services found
08-31 18:28:20.144 W/Looper  ( 1188): Slow dispatch took 166ms main h=android.app.ActivityThread$H c=android.app.-$$Lambda$LoadedApk$ReceiverDispatcher$Args$_BumDX2UKsnxLVrE6UJsJZkotuA@6975d8c m=0
08-31 18:28:20.251 W/Looper  ( 1188): Drained
08-31 18:28:20.341 W/BroadcastQueue( 1188): Background execution not allowed: receiving Intent { act=android.search.action.SEARCHABLES_CHANGED flg=0x24000010 } to com.android.browser/.quicksearch.CorporaUpdateReceiver
08-31 18:28:20.342 W/BroadcastQueue( 1188): Background execution not allowed: receiving Intent { act=android.search.action.SEARCHABLES_CHANGED flg=0x24000010 } to com.android.quicksearchbox/.CorporaUpdateReceiver
08-31 18:28:20.425 W/BroadcastQueue( 1188): Background execution not allowed: receiving Intent { act=android.search.action.SEARCHABLES_CHANGED flg=0x24000010 } to com.android.browser/.quicksearch.CorporaUpdateReceiver
08-31 18:28:20.427 W/BroadcastQueue( 1188): Background execution not allowed: receiving Intent { act=android.search.action.SEARCHABLES_CHANGED flg=0x24000010 } to com.android.quicksearchbox/.CorporaUpdateReceiver
08-31 18:28:20.581 W/Looper  ( 1188): Drained
08-31 18:28:20.836 W/SystemConfig(22695): No directory /product/etc/sysconfig, skipping
08-31 18:28:20.848 W/SystemConfig(22695): No directory /product_services/etc/sysconfig, skipping
08-31 18:28:20.848 W/SystemConfig(22695): No directory /product_services/etc/permissions, skipping
08-31 18:30:13.688 E/BatteryExternalStatsWorker( 1188): no controller energy info supplied for bluetooth
08-31 18:30:13.875 I/chatty  ( 1188): uid=1000(system) batterystats-wo identical 1 line
08-31 18:30:14.175 E/BatteryExternalStatsWorker( 1188): no controller energy info supplied for bluetooth
08-31 18:30:25.735 E/AppIdleHistory( 1188): Error writing app idle file for user 0
08-31 18:33:20.571 E/ActivityThread( 7995): Failed to find provider info for com.miui.whetstone
08-31 18:40:14.177 E/BatteryExternalStatsWorker( 1188): no controller energy info supplied for bluetooth
08-31 18:40:14.393 W/BpBinder( 1415): Slow Binder: BpBinder transact took 226 ms, interface=android.content.IContentProvider, code=21 oneway=false
08-31 18:50:13.692 E/BatteryExternalStatsWorker( 1188): no controller energy info supplied for bluetooth
08-31 18:50:13.860 I/chatty  ( 1188): uid=1000(system) batterystats-wo identical 1 line
08-31 18:50:14.207 E/BatteryExternalStatsWorker( 1188): no controller energy info supplied for bluetooth
08-31 18:50:14.382 W/BpBinder( 1415): Slow Binder: BpBinder transact took 210 ms, interface=android.content.IContentProvider, code=21 oneway=false
08-31 18:57:10.979 E/BatteryExternalStatsWorker( 1188): no controller energy info supplied for bluetooth
08-31 18:58:05.726 E/AppIdleHistory( 1188): Error writing app idle file for user 0
08-31 18:58:39.114 E/BatteryExternalStatsWorker( 1188): no controller energy info supplied for bluetooth
08-31 18:58:39.123 W/BroadcastQueue( 1188): Background execution not allowed: receiving Intent { act=android.intent.action.ACTION_POWER_DISCONNECTED flg=0x4000010 (has extras) } to com.lbe.security.miui/xm.dt.rs.PowerChangeReceiver
08-31 18:58:39.133 W/BroadcastQueue( 1188): Background execution not allowed: receiving Intent { act=android.intent.action.ACTION_POWER_DISCONNECTED flg=0x4000010 (has extras) } to com.miui.systemAdSolution/com.xiaomi.ad.server.AdReceiver
08-31 18:58:39.134 W/BroadcastQueue( 1188): Background execution not allowed: receiving Intent { act=android.intent.action.ACTION_POWER_DISCONNECTED flg=0x4000010 (has extras) } to com.miui.video/.schedule.UsbChargingReceiver
08-31 18:58:39.184 W/AdbDebuggingManager( 1188): Read failed with count -1
08-31 18:58:39.185 E/AdbDebuggingManager( 1188): Caught an exception opening the socket: java.io.IOException: Connection refused
08-31 18:58:39.211 W/KeyguardViewMediator( 1415): notifyScreenOn
08-31 18:58:39.211 W/KeyguardViewMediator( 1415): handleNotifyScreenTurningOn
08-31 18:58:39.211 W/KeyguardViewMediator( 1415): notifyDrawn
08-31 18:58:39.217 W/BroadcastQueue( 1188): Background execution not allowed: receiving Intent { act=android.intent.action.ACTION_POWER_DISCONNECTED flg=0x4000010 (has extras) } to cn.rongcloud.chatroomdemo/io.rong.push.rongpush.PushReceiver
08-31 18:58:39.217 W/BroadcastQueue( 1188): Background execution not allowed: receiving Intent { act=android.intent.action.ACTION_POWER_DISCONNECTED flg=0x4000010 (has extras) } to com.example.textprivatecloudapp3/io.rong.push.rongpush.PushReceiver
08-31 18:58:39.217 W/BroadcastQueue( 1188): Background execution not allowed: receiving Intent { act=android.intent.action.ACTION_POWER_DISCONNECTED flg=0x4000010 (has extras) } to com.mfashiongallery.emag/.ext_interface.PowerConnectionReceiver
08-31 18:58:39.272 W/Looper  ( 1188): Slow dispatch took 134ms android.ui h=com.android.server.am.ActivityManagerService$UiHandler c=null m=53
08-31 18:58:39.272 W/WindowManager( 1188): Setting mKeyguardDrawComplete
08-31 18:58:39.273 E/BatteryExternalStatsWorker( 1188): no controller energy info supplied for bluetooth
08-31 18:58:39.274 W/UsageStatsService( 1188): Event reported without a package name, eventType:15
08-31 18:58:39.279 W/WindowManager( 1188): Setting mWindowManagerDrawComplete
08-31 18:58:39.310 W/Looper  ( 1188): Slow dispatch took 208ms android.fg h=com.android.server.usb.UsbDeviceManager$UsbHandlerLegacy c=null m=0
08-31 18:58:39.312 W/Looper  ( 1188): Slow delivery took 207ms android.fg h=com.android.server.adb.AdbDebuggingManager$AdbDebuggingHandler c=null m=7
08-31 18:58:39.318 W/Looper  ( 1188): Drained
08-31 18:58:39.323 E/BatteryExternalStatsWorker( 1188): no controller energy info supplied for bluetooth
08-31 18:58:39.350 E/miui_face( 1415): start face unlock  fail:;isSupportFaceUnlock=true;isFaceFeatureEnabled=true;hasEnrolledFaces=false;isFaceUnlockApplyForKeyguard=false;isOwnerUser=true
08-31 18:58:39.404 E/BatteryExternalStatsWorker( 1188): no controller energy info supplied for bluetooth
08-31 18:58:39.499 W/BpBinder( 1188): Slow Binder: BpBinder transact took 277 ms, interface=android.ui.ISurfaceComposer, code=19 oneway=false
08-31 18:58:39.502 W/PowerManagerService( 1188): Screen on took 373 ms
08-31 18:58:39.637 E/LoadedApk(22968): Unable to instantiate appComponentFactory
08-31 18:58:39.637 E/LoadedApk(22968): java.lang.ClassNotFoundException: Didn't find class "androidx.core.app.CoreComponentFactory" on path: DexPathList[[zip file "/data/app/com.miui.weather2-1x9yLEX0KprDhcc7amieOw==/base.apk"],nativeLibraryDirectories=[/data/app/com.miui.weather2-1x9yLEX0KprDhcc7amieOw==/lib/arm, /data/app/com.miui.weather2-1x9yLEX0KprDhcc7amieOw==/base.apk!/lib/armeabi-v7a, /system/lib, /product/lib]]
08-31 18:58:39.637 E/LoadedApk(22968): 	at dalvik.system.BaseDexClassLoader.findClass(BaseDexClassLoader.java:230)
08-31 18:58:39.637 E/LoadedApk(22968): 	at java.lang.ClassLoader.loadClass(ClassLoader.java:379)
08-31 18:58:39.637 E/LoadedApk(22968): 	at java.lang.ClassLoader.loadClass(ClassLoader.java:312)
08-31 18:58:39.637 E/LoadedApk(22968): 	at android.app.LoadedApk.createAppFactory(LoadedApk.java:258)
08-31 18:58:39.637 E/LoadedApk(22968): 	at android.app.LoadedApk.createOrUpdateClassLoaderLocked(LoadedApk.java:857)
08-31 18:58:39.637 E/LoadedApk(22968): 	at android.app.LoadedApk.getClassLoader(LoadedApk.java:952)
08-31 18:58:39.637 E/LoadedApk(22968): 	at android.app.LoadedApk.getResources(LoadedApk.java:1190)
08-31 18:58:39.637 E/LoadedApk(22968): 	at android.app.ContextImpl.createAppContext(ContextImpl.java:2475)
08-31 18:58:39.637 E/LoadedApk(22968): 	at android.app.ContextImpl.createAppContext(ContextImpl.java:2467)
08-31 18:58:39.637 E/LoadedApk(22968): 	at android.app.ActivityThread.handleBindApplication(ActivityThread.java:6481)
08-31 18:58:39.637 E/LoadedApk(22968): 	at android.app.ActivityThread.access$1500(ActivityThread.java:235)
08-31 18:58:39.637 E/LoadedApk(22968): 	at android.app.ActivityThread$H.handleMessage(ActivityThread.java:1916)
08-31 18:58:39.637 E/LoadedApk(22968): 	at android.os.Handler.dispatchMessage(Handler.java:107)
08-31 18:58:39.637 E/LoadedApk(22968): 	at android.os.Looper.loop(Looper.java:225)
08-31 18:58:39.637 E/LoadedApk(22968): 	at android.app.ActivityThread.main(ActivityThread.java:7563)
08-31 18:58:39.637 E/LoadedApk(22968): 	at java.lang.reflect.Method.invoke(Native Method)
08-31 18:58:39.637 E/LoadedApk(22968): 	at com.android.internal.os.RuntimeInit$MethodAndArgsCaller.run(RuntimeInit.java:539)
08-31 18:58:39.637 E/LoadedApk(22968): 	at com.android.internal.os.ZygoteInit.main(ZygoteInit.java:994)
08-31 18:58:40.587 W/MiuiPerfServiceClient( 2322): interceptAndQueuing:1415|com.android.systemui|768|124|unknown|null|StatusBar|214296692864079|Slow issue draw commands|32
08-31 18:58:49.132 W/UsageStatsService( 1188): Event reported without a package name, eventType:16
08-31 18:58:49.252 W/EventThreadInspector(  588): slow VSync-app on display(0), count=1, avg=45 ms, max=45 ms.
08-31 18:58:49.331 W/EventThreadInspector(  588): slow VSync-sf on display(0), count=1, avg=30 ms, max=30 ms.
08-31 18:58:49.601 E/KernelCpuUidUserSysTimeReader( 1188): Negative user/sys time delta for UID=10103
08-31 18:58:49.601 E/KernelCpuUidUserSysTimeReader( 1188): Prev times: u=93756000 s=28956000 Curr times: u=93236000 s=28796000
08-31 18:58:49.602 E/KernelCpuUidUserSysTimeReader( 1188): Negative user/sys time delta for UID=10088
08-31 18:58:49.602 E/KernelCpuUidUserSysTimeReader( 1188): Prev times: u=48804000 s=13940000 Curr times: u=48148000 s=13596000
08-31 18:58:49.602 E/KernelCpuUidUserSysTimeReader( 1188): Negative user/sys time delta for UID=10143
08-31 18:58:49.602 E/KernelCpuUidUserSysTimeReader( 1188): Prev times: u=33756000 s=10136000 Curr times: u=33312000 s=10000000
08-31 18:58:49.602 E/KernelCpuUidUserSysTimeReader( 1188): Negative user/sys time delta for UID=10073
08-31 18:58:49.602 E/KernelCpuUidUserSysTimeReader( 1188): Prev times: u=27776000 s=8920000 Curr times: u=27296000 s=8804000
08-31 18:58:49.602 E/KernelCpuUidUserSysTimeReader( 1188): Negative user/sys time delta for UID=10136
08-31 18:58:49.602 E/KernelCpuUidUserSysTimeReader( 1188): Prev times: u=5228000 s=1500000 Curr times: u=5016000 s=1412000
08-31 18:58:49.603 E/KernelCpuUidUserSysTimeReader( 1188): Negative user/sys time delta for UID=2000
08-31 18:58:49.603 E/KernelCpuUidUserSysTimeReader( 1188): Prev times: u=300700000 s=677788000 Curr times: u=293296000 s=658848000
08-31 18:58:49.919 W/BpBinder( 1188): Slow Binder: BpBinder transact took 289 ms, interface=android.ui.ISurfaceComposer, code=19 oneway=false
08-31 18:58:49.925 W/BpBinder( 1415): Slow Binder: BpBinder transact took 252 ms, interface=android.gui.IGraphicBufferProducer, code=2 oneway=false
08-31 18:58:49.931 W/DreamManagerService( 1188): Dream ComponentInfo{com.miui.aod/com.miui.aod.doze.DozeService} does not exist
08-31 18:58:50.569 W/SystemConfig(23172): No directory /product/etc/sysconfig, skipping
08-31 18:58:50.583 W/SystemConfig(23172): No directory /product_services/etc/sysconfig, skipping
08-31 18:58:50.583 W/SystemConfig(23172): No directory /product_services/etc/permissions, skipping
08-31 19:01:39.573 W/BpBinder(22968): Slow Binder: BpBinder transact took 464 ms, interface=android.net.INetworkStatsService, code=13 oneway=false
08-31 19:03:32.650 W/BpBinder(21852): Slow Binder: BpBinder transact took 467 ms, interface=android.net.IConnectivityManager, code=3 oneway=false
08-31 19:05:56.832 W/BpBinder(22968): Slow Binder: BpBinder transact took 474 ms, interface=android.net.IConnectivityManager, code=3 oneway=false
08-31 19:13:51.744 W/Looper  ( 1188): Slow dispatch took 144ms android.fg h=android.os.Handler c=com.android.server.Watchdog$HandlerChecker@1c590c9 m=0
08-31 19:20:13.846 W/ActivityManager( 1188): Scheduling restart of crashed service com.android.settings/.dangerousoptions.DangerousOptionsWarningService in 1000ms
08-31 19:20:13.926 W/ActivityManager( 1188): Exception when unbinding service com.miui.systemAdSolution/.splashscreen.SplashScreenService
08-31 19:20:13.926 W/ActivityManager( 1188): android.os.DeadObjectException
08-31 19:20:13.926 W/ActivityManager( 1188): 	at android.os.BinderProxy.transactNative(Native Method)
08-31 19:20:13.926 W/ActivityManager( 1188): 	at android.os.BinderProxy.transact(BinderProxy.java:510)
08-31 19:20:13.926 W/ActivityManager( 1188): 	at android.app.IApplicationThread$Stub$Proxy.scheduleUnbindService(IApplicationThread.java:1663)
08-31 19:20:13.926 W/ActivityManager( 1188): 	at com.android.server.am.ActiveServices.removeConnectionLocked(ActiveServices.java:3329)
08-31 19:20:13.926 W/ActivityManager( 1188): 	at com.android.server.am.ActiveServices.unbindServiceLocked(ActiveServices.java:1975)
08-31 19:20:13.926 W/ActivityManager( 1188): 	at com.android.server.am.ActivityManagerService.unbindService(ActivityManagerService.java:14576)
08-31 19:20:13.926 W/ActivityManager( 1188): 	at android.app.ContextImpl.unbindService(ContextImpl.java:1790)
08-31 19:20:13.926 W/ActivityManager( 1188): 	at com.miui.server.SplashScreenServiceDelegate$2.onServiceDisconnected(SplashScreenServiceDelegate.java:186)
08-31 19:20:13.926 W/ActivityManager( 1188): 	at android.app.LoadedApk$ServiceDispatcher.doDeath(LoadedApk.java:1975)
08-31 19:20:13.926 W/ActivityManager( 1188): 	at android.app.LoadedApk$ServiceDispatcher$RunConnection.run(LoadedApk.java:1990)
08-31 19:20:13.926 W/ActivityManager( 1188): 	at android.os.Handler.handleCallback(Handler.java:914)
08-31 19:20:13.926 W/ActivityManager( 1188): 	at android.os.Handler.dispatchMessage(Handler.java:100)
08-31 19:20:13.926 W/ActivityManager( 1188): 	at android.os.Looper.loop(Looper.java:225)
08-31 19:20:13.926 W/ActivityManager( 1188): 	at com.android.server.SystemServer.run(SystemServer.java:585)
08-31 19:20:13.926 W/ActivityManager( 1188): 	at com.android.server.SystemServer.main(SystemServer.java:377)
08-31 19:20:13.926 W/ActivityManager( 1188): 	at java.lang.reflect.Method.invoke(Native Method)
08-31 19:20:13.926 W/ActivityManager( 1188): 	at com.android.internal.os.RuntimeInit$MethodAndArgsCaller.run(RuntimeInit.java:539)
08-31 19:20:13.926 W/ActivityManager( 1188): 	at com.android.internal.os.ZygoteInit.main(ZygoteInit.java:972)
08-31 19:20:13.940 W/ActivityManager( 1188): Scheduling restart of crashed service com.miui.systemAdSolution/.changeSkin.ChangeSkinService in 10906ms
08-31 19:20:13.949 W/ActivityManager( 1188): setHasOverlayUi called on unknown pid: 22948
08-31 19:20:14.040 W/BpBinder(10737): Slow Binder: BpBinder transact took 294 ms, interface=miui.IProcessManager, code=2 oneway=false
08-31 19:21:03.030 W/Looper  (23314): Slow Looper main: Long Msg: seq=2 plan=19:20:53.226  late=5ms wall=1521ms running=523ms runnable=51ms h=android.app.ActivityThread$H w=110
08-31 19:21:03.203 W/SystemConfig(23314): No directory /product/etc/sysconfig, skipping
08-31 19:21:03.216 W/SystemConfig(23314): No directory /product_services/etc/sysconfig, skipping
08-31 19:21:03.216 W/SystemConfig(23314): No directory /product_services/etc/permissions, skipping
08-31 19:22:33.094 E/BatteryExternalStatsWorker( 1188): no controller energy info supplied for bluetooth
08-31 19:22:33.224 E/BatteryExternalStatsWorker( 1188): no controller energy info supplied for bluetooth
08-31 19:30:35.083 W/BpBinder( 1415): Slow Binder: BpBinder transact took 465 ms, interface=android.app.IActivityManager, code=113 oneway=false
08-31 19:37:20.169 W/BpBinder(23276): Slow Binder: BpBinder transact took 466 ms, interface=android.net.IConnectivityManager, code=3 oneway=false
08-31 19:40:34.825 E/BatteryExternalStatsWorker( 1188): no controller energy info supplied for bluetooth
08-31 19:40:34.965 E/BatteryExternalStatsWorker( 1188): no controller energy info supplied for bluetooth
08-31 19:40:44.154 W/Looper  ( 1188): Slow delivery took 625ms main h=com.android.server.AlarmManagerService$AlarmHandler c=null m=8
08-31 19:40:44.161 W/BpBinder( 2821): Slow Binder: BpBinder transact took 624 ms, interface=android.location.ILocationManager, code=27 oneway=false
08-31 19:40:44.215 W/Looper  ( 1188): Drained
08-31 19:46:16.415 W/Looper  ( 1188): Slow dispatch took 545ms android.fg h=android.os.Handler c=com.android.server.Watchdog$HandlerChecker@1c590c9 m=0
08-31 20:00:15.348 E/BatteryExternalStatsWorker( 1188): no controller energy info supplied for bluetooth
08-31 20:00:39.473 I/chatty  ( 1188): uid=1000(system) batterystats-wo identical 2 lines
08-31 20:00:39.647 E/BatteryExternalStatsWorker( 1188): no controller energy info supplied for bluetooth
08-31 20:04:20.695 W/BpBinder( 1415): Slow Binder: BpBinder transact took 484 ms, interface=android.content.IContentService, code=2 oneway=false
08-31 20:04:22.086 W/BpBinder( 1415): Slow Binder: BpBinder transact took 454 ms, interface=android.location.ILocationManager, code=37 oneway=false
08-31 20:05:29.277 W/Looper  ( 1188): Slow dispatch took 572ms android.fg h=android.os.Handler c=com.android.server.Watchdog$HandlerChecker@1c590c9 m=0
08-31 20:06:22.161 W/BpBinder( 1415): Slow Binder: BpBinder transact took 433 ms, interface=, code=1 oneway=false
08-31 20:06:49.776 E/AppIdleHistory( 1188): Error writing app idle file for user 0
08-31 20:13:49.692 W/Looper  ( 1188): Slow dispatch took 489ms android.fg h=android.os.Handler c=com.android.server.Watchdog$HandlerChecker@1c590c9 m=0
08-31 20:16:50.889 W/Looper  ( 1188): Slow dispatch took 516ms android.fg h=android.os.Handler c=com.android.server.Watchdog$HandlerChecker@1c590c9 m=0
08-31 20:20:13.691 E/BatteryExternalStatsWorker( 1188): no controller energy info supplied for bluetooth
08-31 20:20:13.843 E/BatteryExternalStatsWorker( 1188): no controller energy info supplied for bluetooth
08-31 20:23:42.159 W/Looper  ( 1188): Slow dispatch took 539ms android.fg h=android.os.Handler c=com.android.server.Watchdog$HandlerChecker@1c590c9 m=0
08-31 20:29:20.725 E/LoadedApk(23508): Unable to instantiate appComponentFactory
08-31 20:29:20.725 E/LoadedApk(23508): java.lang.ClassNotFoundException: Didn't find class "androidx.core.app.CoreComponentFactory" on path: DexPathList[[zip file "/data/app/com.miui.cloudservice-ZYIlVymIUrZi4JnssHoaFg==/base.apk"],nativeLibraryDirectories=[/data/app/com.miui.cloudservice-ZYIlVymIUrZi4JnssHoaFg==/lib/arm, /data/app/com.miui.cloudservice-ZYIlVymIUrZi4JnssHoaFg==/base.apk!/lib/armeabi-v7a, /system/priv-app/RtMiCloudSDK/RtMiCloudSDK.apk!/lib/armeabi-v7a, /system/lib, /product/lib]]
08-31 20:29:20.725 E/LoadedApk(23508): 	at dalvik.system.BaseDexClassLoader.findClass(BaseDexClassLoader.java:230)
08-31 20:29:20.725 E/LoadedApk(23508): 	at java.lang.ClassLoader.loadClass(ClassLoader.java:379)
08-31 20:29:20.725 E/LoadedApk(23508): 	at java.lang.ClassLoader.loadClass(ClassLoader.java:312)
08-31 20:29:20.725 E/LoadedApk(23508): 	at android.app.LoadedApk.createAppFactory(LoadedApk.java:258)
08-31 20:29:20.725 E/LoadedApk(23508): 	at android.app.LoadedApk.createOrUpdateClassLoaderLocked(LoadedApk.java:857)
08-31 20:29:20.725 E/LoadedApk(23508): 	at android.app.LoadedApk.getClassLoader(LoadedApk.java:952)
08-31 20:29:20.725 E/LoadedApk(23508): 	at android.app.LoadedApk.getResources(LoadedApk.java:1190)
08-31 20:29:20.725 E/LoadedApk(23508): 	at android.app.ContextImpl.createAppContext(ContextImpl.java:2475)
08-31 20:29:20.725 E/LoadedApk(23508): 	at android.app.ContextImpl.createAppContext(ContextImpl.java:2467)
08-31 20:29:20.725 E/LoadedApk(23508): 	at android.app.ActivityThread.handleBindApplication(ActivityThread.java:6481)
08-31 20:29:20.725 E/LoadedApk(23508): 	at android.app.ActivityThread.access$1500(ActivityThread.java:235)
08-31 20:29:20.725 E/LoadedApk(23508): 	at android.app.ActivityThread$H.handleMessage(ActivityThread.java:1916)
08-31 20:29:20.725 E/LoadedApk(23508): 	at android.os.Handler.dispatchMessage(Handler.java:107)
08-31 20:29:20.725 E/LoadedApk(23508): 	at android.os.Looper.loop(Looper.java:225)
08-31 20:29:20.725 E/LoadedApk(23508): 	at android.app.ActivityThread.main(ActivityThread.java:7563)
08-31 20:29:20.725 E/LoadedApk(23508): 	at java.lang.reflect.Method.invoke(Native Method)
08-31 20:29:20.725 E/LoadedApk(23508): 	at com.android.internal.os.RuntimeInit$MethodAndArgsCaller.run(RuntimeInit.java:539)
08-31 20:29:20.725 E/LoadedApk(23508): 	at com.android.internal.os.ZygoteInit.main(ZygoteInit.java:994)
08-31 20:29:20.878 W/SystemConfig(23508): No directory /product/etc/sysconfig, skipping
08-31 20:29:20.887 W/SystemConfig(23508): No directory /product_services/etc/sysconfig, skipping
08-31 20:29:20.887 W/SystemConfig(23508): No directory /product_services/etc/permissions, skipping
08-31 20:29:34.239 W/vold    (  401): Failed to open /mnt/vendor/protect_f: Permission denied
08-31 20:29:34.240 W/vold    (  401): Failed to open /mnt/vendor/protect_s: Permission denied
08-31 20:29:34.240 W/vold    (  401): Failed to open /mnt/vendor/nvdata: Permission denied
08-31 20:29:34.240 W/vold    (  401): Failed to open /mnt/vendor/nvcfg: Permission denied
08-31 20:29:34.240 W/vold    (  401): Failed to open /mnt/vendor/persist: Permission denied
08-31 20:50:14.485 E/BatteryExternalStatsWorker( 1188): no controller energy info supplied for bluetooth
08-31 20:50:14.608 E/BatteryExternalStatsWorker( 1188): no controller energy info supplied for bluetooth
08-31 20:55:35.622 W/Looper  ( 1188): Slow dispatch took 536ms android.fg h=android.os.Handler c=com.android.server.Watchdog$HandlerChecker@1c590c9 m=0
08-31 21:00:41.529 E/BatteryExternalStatsWorker( 1188): no controller energy info supplied for bluetooth
08-31 21:00:41.657 E/BatteryExternalStatsWorker( 1188): no controller energy info supplied for bluetooth
08-31 21:07:55.954 W/Looper  ( 1188): Slow dispatch took 549ms android.fg h=android.os.Handler c=com.android.server.Watchdog$HandlerChecker@1c590c9 m=0
08-31 21:09:39.546 E/BatteryExternalStatsWorker( 1188): no controller energy info supplied for bluetooth
08-31 21:10:48.816 W/Looper  ( 1188): Slow delivery took 306ms main h=com.android.server.notification.NotificationUsageStats$1 c=null m=1
08-31 21:11:38.758 W/Looper  ( 1188): Drained
08-31 21:14:09.828 W/BpBinder( 1415): Slow Binder: BpBinder transact took 449 ms, interface=android.app.IActivityManager, code=10 oneway=false
08-31 21:20:15.591 E/BatteryExternalStatsWorker( 1188): no controller energy info supplied for bluetooth
08-31 21:20:15.726 E/BatteryExternalStatsWorker( 1188): no controller energy info supplied for bluetooth
08-31 21:26:31.339 W/Looper  ( 1188): Slow dispatch took 100ms android.fg h=android.os.Handler c=com.android.server.Watchdog$HandlerChecker@1c590c9 m=0
08-31 21:47:54.811 W/Looper  ( 1188): Slow dispatch took 137ms android.fg h=android.os.Handler c=com.android.server.Watchdog$HandlerChecker@1c590c9 m=0
08-31 21:50:13.688 E/BatteryExternalStatsWorker( 1188): no controller energy info supplied for bluetooth
08-31 21:50:13.835 E/BatteryExternalStatsWorker( 1188): no controller energy info supplied for bluetooth
08-31 21:51:14.927 W/Looper  ( 1188): Slow dispatch took 505ms android.fg h=android.os.Handler c=com.android.server.Watchdog$HandlerChecker@1c590c9 m=0
08-31 22:00:16.583 W/Looper  ( 1188): Slow dispatch took 118ms main h=android.os.Handler c=com.android.server.-$$Lambda$BatteryService$2x73lvpB0jctMSVP4qb9sHAqRPw@3c83d35 m=0
08-31 22:00:42.707 E/BatteryExternalStatsWorker( 1188): no controller energy info supplied for bluetooth
08-31 22:00:42.874 E/BatteryExternalStatsWorker( 1188): no controller energy info supplied for bluetooth
08-31 22:06:37.424 W/Looper  ( 1188): Slow dispatch took 532ms android.fg h=android.os.Handler c=com.android.server.Watchdog$HandlerChecker@1c590c9 m=0
08-31 22:20:14.799 E/BatteryExternalStatsWorker( 1188): no controller energy info supplied for bluetooth
08-31 22:20:14.921 E/BatteryExternalStatsWorker( 1188): no controller energy info supplied for bluetooth
08-31 22:21:09.664 W/Looper  ( 1188): Slow dispatch took 108ms android.fg h=android.os.Handler c=com.android.server.Watchdog$HandlerChecker@1c590c9 m=0
08-31 22:27:22.059 W/ActivityManager( 1188): Unable to start service Intent { act=android.intent.action.BIND_XIAOMI_ACCOUNT_SERVICE pkg=com.xiaomi.account } U=0: not found
08-31 22:27:22.549 W/SystemConfig(23634): No directory /product/etc/sysconfig, skipping
08-31 22:27:22.558 W/SystemConfig(23634): No directory /product_services/etc/sysconfig, skipping
08-31 22:27:22.558 W/SystemConfig(23634): No directory /product_services/etc/permissions, skipping
08-31 22:27:24.979 W/Looper  ( 1188): Slow dispatch took 151ms main h=com.android.server.AlarmManagerService$AlarmHandler c=android.app.PendingIntent$FinishedDispatcher@6764254 m=0
08-31 22:41:45.540 W/Looper  ( 1188): Slow dispatch took 502ms android.fg h=android.os.Handler c=com.android.server.Watchdog$HandlerChecker@1c590c9 m=0
08-31 22:45:53.122 W/BpBinder( 1592): Slow Binder: BpBinder transact took 493 ms, interface=android.os.IPowerManager, code=1 oneway=false
08-31 22:48:13.673 E/AppIdleHistory( 1188): Error writing app idle file for user 0
08-31 22:50:13.837 E/BatteryExternalStatsWorker( 1188): no controller energy info supplied for bluetooth
08-31 22:50:13.944 E/BatteryExternalStatsWorker( 1188): no controller energy info supplied for bluetooth
08-31 23:00:01.081 E/BatteryExternalStatsWorker( 1188): no controller energy info supplied for bluetooth
08-31 23:00:44.917 I/chatty  ( 1188): uid=1000(system) batterystats-wo identical 2 lines
08-31 23:00:45.075 E/BatteryExternalStatsWorker( 1188): no controller energy info supplied for bluetooth
08-31 23:20:13.948 E/BatteryExternalStatsWorker( 1188): no controller energy info supplied for bluetooth
08-31 23:20:14.126 W/ActivityManager( 1188): Scheduling restart of crashed service com.android.settings/.dangerousoptions.DangerousOptionsWarningService in 1000ms
08-31 23:20:14.138 W/ActivityManager( 1188): Scheduling restart of crashed service com.miui.analytics/.AnalyticsService in 10988ms
08-31 23:20:14.138 W/ActivityManager( 1188): Scheduling restart of crashed service com.miui.analytics/.internal.WakeupService in 20987ms
08-31 23:20:14.139 W/ActivityManager( 1188): Scheduling restart of crashed service com.miui.analytics/.AppenderService in 30987ms
08-31 23:20:14.139 W/ActivityManager( 1188): Scheduling restart of crashed service com.miui.analytics/.internal.collection.MusicStateListener in 40986ms
08-31 23:20:14.140 W/ActivityManager( 1188): Scheduling restart of crashed service com.miui.analytics/.onetrack.OneTrackService in 50986ms
08-31 23:20:14.153 E/BatteryExternalStatsWorker( 1188): no controller energy info supplied for bluetooth
08-31 23:20:14.176 W/ActivityManager( 1188): Scheduling restart of crashed service com.miui.voiceassist/com.xiaomi.voiceassistant.AssistInteractionService in 60950ms
08-31 23:20:14.177 W/ActivityManager( 1188): Scheduling restart of crashed service com.miui.voiceassist/com.xiaomi.voiceassistant.AlarmManagerService in 70949ms
08-31 23:20:14.214 W/ActivityManager( 1188): Scheduling restart of crashed service com.miui.systemAdSolution/.changeSkin.ChangeSkinService in 80913ms
08-31 23:20:14.215 W/ActivityManager( 1188): Scheduling restart of crashed service com.miui.systemAdSolution/.splashscreen.SplashScreenService in 90911ms
08-31 23:20:14.227 W/ActivityManager( 1188): Scheduling restart of crashed service com.miui.notification/.NotificationCenterService in 90900ms
08-31 23:20:14.228 W/ActivityManager( 1188): Canceling start item Intent { cmp=com.miui.notification/.NotificationListener } in service com.miui.notification/.NotificationListener
08-31 23:20:14.228 W/ActivityManager( 1188): Scheduling restart of crashed service com.miui.notification/.NotificationListener in 17611819008ms
08-31 23:20:14.265 W/wificond(  710): No pno scan started
08-31 23:20:14.266 W/wificond(  710): Scheduled scan is not running!
08-31 23:20:14.267 W/BroadcastQueue( 1188): Background execution not allowed: receiving Intent { act=android.net.wifi.WIFI_STATE_CHANGED flg=0x4000010 (has extras) } to com.android.settings/.MiuiSettingsReceiver
08-31 23:20:14.295 W/android.hardware.wifi@1.0-service-lazy-mediatek( 6396): No active wlan interfaces in use! Using default
08-31 23:20:14.648 E/ActivityThread( 7995): Failed to find provider info for com.miui.whetstone
08-31 23:20:14.976 W/BroadcastQueue( 1188): Background execution not allowed: receiving Intent { act=android.net.wifi.WIFI_STATE_CHANGED flg=0x4000010 (has extras) } to com.android.settings/.MiuiSettingsReceiver
08-31 23:20:16.118 W/android.hardware.wifi@1.0-service-lazy-mediatek( 6396): No active wlan interfaces in use! Using default
08-31 23:20:16.118 E/android.hardware.wifi@1.0-service-lazy-mediatek( 6396): Failed to register radio mode change callback
08-31 23:20:16.118 W/android.hardware.wifi@1.0-service-lazy-mediatek( 6396): No active wlan interfaces in use! Using default
08-31 23:20:16.123 W/android.hardware.wifi@1.0-service-lazy-mediatek( 6396): No active wlan interfaces in use! Using default
08-31 23:20:16.153 E/wificond(  710): No Offload Service available
08-31 23:20:16.179 W/android.hardware.wifi@1.0-service-lazy-mediatek( 6396): No active wlan interfaces in use! Using default
08-31 23:20:16.334 W/BpBinder( 2322): Slow Binder: BpBinder transact took 1895 ms, interface=android.net.wifi.IWifiManager, code=21 oneway=false
08-31 23:20:16.337 W/BpBinder( 4832): Slow Binder: BpBinder transact took 1716 ms, interface=android.net.wifi.IWifiManager, code=48 oneway=false
08-31 23:20:16.349 W/Looper  ( 4832): Slow Looper main: Long Msg: seq=69482 plan=23:20:14.597  late=21ms wall=1730ms running=10ms runnable=3ms h=android.app.ActivityThread$H c=android.app.-$$Lambda$LoadedApk$ReceiverDispatcher$Args$_BumDX2UKsnxLVrE6UJsJZkotuA
08-31 23:20:25.353 E/ActivityThread(23951): Failed to find provider info for com.google.android.gms.chimera
08-31 23:20:28.133 W/SystemConfig(23886): No directory /product/etc/sysconfig, skipping
08-31 23:20:28.158 W/SystemConfig(23886): No directory /product_services/etc/sysconfig, skipping
08-31 23:20:28.159 W/SystemConfig(23886): No directory /product_services/etc/permissions, skipping
08-31 23:28:00.938 W/BpBinder( 2288): Slow Binder: BpBinder transact took 478 ms, interface=, code=1 oneway=false
08-31 23:28:01.129 W/ActivityManager( 1188): Scheduling restart of crashed service com.miui.analytics/.AnalyticsService in 43952ms
08-31 23:28:01.130 W/ActivityManager( 1188): Scheduling restart of crashed service com.miui.analytics/.internal.WakeupService in 83948ms
08-31 23:28:01.131 W/ActivityManager( 1188): Scheduling restart of crashed service com.miui.analytics/.AppenderService in 123948ms
08-31 23:28:01.133 W/ActivityManager( 1188): Scheduling restart of crashed service com.miui.analytics/.internal.collection.MusicStateListener in 163944ms
08-31 23:28:01.134 W/ActivityManager( 1188): Scheduling restart of crashed service com.miui.analytics/.onetrack.OneTrackService in 203944ms
08-31 23:28:39.918 W/BpBinder( 2288): Slow Binder: BpBinder transact took 447 ms, interface=android.net.INetworkStatsService, code=1 oneway=false
08-31 23:28:39.924 W/Looper  ( 1188): Slow dispatch took 450ms android.fg h=android.os.Handler c=com.android.server.-$$Lambda$LocationManagerService$1$HAAnoF9DI9FvCHK_geH89--2z2I@2f5c8ea m=0
08-31 23:28:39.934 W/BpBinder(24029): Slow Binder: BpBinder transact took 478 ms, interface=android.app.IActivityManager, code=15 oneway=false
08-31 23:28:39.954 W/BpBinder(10737): Slow Binder: BpBinder transact took 490 ms, interface=miui.IProcessManager, code=17 oneway=false
08-31 23:28:39.959 W/ActivityManager( 1188): Scheduling restart of crashed service com.miui.notification/.NotificationCenterService in 1000ms
08-31 23:28:39.960 W/ActivityManager( 1188): Canceling start item Intent { cmp=com.miui.notification/.NotificationListener } in service com.miui.notification/.NotificationListener
08-31 23:28:39.960 W/ActivityManager( 1188): Scheduling restart of crashed service com.miui.notification/.NotificationListener in 70447276032ms
08-31 23:28:39.969 W/ActivityManager( 1188): Scheduling restart of crashed service com.android.settings/.dangerousoptions.DangerousOptionsWarningService in 10990ms
08-31 23:28:39.986 W/ActivityManager( 1188): Scheduling restart of crashed service com.miui.systemAdSolution/.changeSkin.ChangeSkinService in 323652ms
08-31 23:28:39.988 W/ActivityManager( 1188): Scheduling restart of crashed service com.miui.systemAdSolution/.splashscreen.SplashScreenService in 20972ms
08-31 23:28:40.005 W/Looper  ( 1188): Slow dispatch took 548ms android.ui h=com.android.server.am.ActivityManagerService$UiHandler c=null m=53
08-31 23:28:40.018 W/BpBinder(10737): Slow Binder: BpBinder transact took 656 ms, interface=miui.IProcessManager, code=2 oneway=false
08-31 23:28:40.019 W/ProcessUtils(10737): killProcess failed []
08-31 23:28:40.569 W/BpBinder(24029): Slow Binder: BpBinder transact took 435 ms, interface=android.content.pm.IPackageManager, code=37 oneway=false
08-31 23:28:40.572 W/BpBinder( 2288): Slow Binder: BpBinder transact took 453 ms, interface=com.android.internal.telephony.IPhoneSubInfo, code=8 oneway=false
08-31 23:28:40.814 E/ActivityThread(24029): Failed to find provider info for com.miui.analytics.OneTrackProvider
08-31 23:28:41.177 W/ActivityManager( 1188): Unable to start service Intent { act=com.xiaomi.bluetooth.mma.MiuiMMAService pkg=com.xiaomi.bluetooth } U=0: not found
08-31 23:38:39.923 W/BpBinder(24029): Slow Binder: BpBinder transact took 429 ms, interface=android.app.IActivityManager, code=70 oneway=false
08-31 23:38:39.928 W/BpBinder( 1188): Slow Binder: BpBinder transact took 432 ms, interface=, code=1 oneway=false
08-31 23:38:39.930 W/BpBinder( 2288): Slow Binder: BpBinder transact took 435 ms, interface=android.net.INetworkStatsService, code=1 oneway=false
08-31 23:38:39.974 W/BpBinder(24029): Slow Binder: BpBinder transact took 479 ms, interface=android.app.IActivityManager, code=27 oneway=false
08-31 23:38:40.004 E/ActivityThread(12609): Failed to find provider info for com.android.settings.cloud.CloudSettings
08-31 23:48:39.949 W/BpBinder( 2288): Slow Binder: BpBinder transact took 455 ms, interface=com.android.internal.telephony.IPhoneSubInfo, code=8 oneway=false
08-31 23:58:39.985 W/ActivityManager( 1188): Slow operation: 523ms so far, now at startProcess: returned from zygote!
08-31 23:58:39.985 W/ActivityManager( 1188): Slow operation: 523ms so far, now at startProcess: done updating battery stats
08-31 23:58:39.987 W/ActivityManager( 1188): Slow operation: 525ms so far, now at startProcess: building log message
08-31 23:58:39.987 W/ActivityManager( 1188): Slow operation: 525ms so far, now at startProcess: starting to update pids map
08-31 23:58:39.988 W/ActivityManager( 1188): Slow operation: 526ms so far, now at startProcess: done updating pids map
09-01 00:00:01.038 E/BatteryExternalStatsWorker( 1188): no controller energy info supplied for bluetooth
09-01 00:00:01.150 E/BatteryExternalStatsWorker( 1188): no controller energy info supplied for bluetooth
09-01 00:00:01.184 W/BpBinder(24082): Slow Binder: BpBinder transact took 1362 ms, interface=android.app.IActivityManager, code=20 oneway=false
09-01 00:00:01.246 W/Looper  (24082): Slow Looper main: Long Msg: seq=2 plan=23:28:41.051  late=3ms wall=2846ms running=511ms runnable=39ms h=android.app.ActivityThread$H w=110
09-01 00:00:45.400 E/BatteryExternalStatsWorker( 1188): no controller energy info supplied for bluetooth
09-01 00:00:45.566 E/BatteryExternalStatsWorker( 1188): no controller energy info supplied for bluetooth
09-01 00:28:41.133 W/Looper  (24180): Slow Looper main: Long Msg: seq=2 plan=00:18:40.040  late=13ms wall=1514ms running=489ms runnable=67ms h=android.app.ActivityThread$H w=110
09-01 00:38:39.968 W/BpBinder(24180): Slow Binder: BpBinder transact took 431 ms, interface=android.os.storage.IStorageManager, code=30 oneway=false
09-01 00:58:39.986 W/BpBinder(24180): Slow Binder: BpBinder transact took 436 ms, interface=android.app.IActivityManager, code=10 oneway=false
09-01 00:58:39.987 W/BpBinder(24180): Slow Binder: BpBinder transact took 437 ms, interface=android.app.IActivityTaskManager, code=32 oneway=false
